Archive member included to satisfy reference by file (symbol)

g:/MaximSDK/Libraries/PeriphDrivers/bin/MAX78000/softfp/libPeriphDriver_softfp.a(mxc_delay.o)
                              g:/MaximSDK/Examples/CubeCamera/maxrefdes178_max78000_audio/build/max78000_audio_main.o (MXC_Delay)
g:/MaximSDK/Libraries/PeriphDrivers/bin/MAX78000/softfp/libPeriphDriver_softfp.a(pins_ai85.o)
                              g:/MaximSDK/Examples/CubeCamera/maxrefdes178_max78000_audio/build/camera.o (gpio_cfg_pcif_xclk)
g:/MaximSDK/Libraries/PeriphDrivers/bin/MAX78000/softfp/libPeriphDriver_softfp.a(sys_ai85.o)
                              g:/MaximSDK/Examples/CubeCamera/maxrefdes178_max78000_audio/build/max78000_audio_cnn.o (MXC_SYS_ClockDisable)
g:/MaximSDK/Libraries/PeriphDrivers/bin/MAX78000/softfp/libPeriphDriver_softfp.a(nvic_table.o)
                              g:/MaximSDK/Examples/CubeCamera/maxrefdes178_max78000_audio/build/max78000_audio_main.o (NVIC_SetVector)
g:/MaximSDK/Libraries/PeriphDrivers/bin/MAX78000/softfp/libPeriphDriver_softfp.a(cameraif_ai85.o)
                              g:/MaximSDK/Examples/CubeCamera/maxrefdes178_max78000_audio/build/camera.o (MXC_PCIF_Init)
g:/MaximSDK/Libraries/PeriphDrivers/bin/MAX78000/softfp/libPeriphDriver_softfp.a(cameraif_reva.o)
                              g:/MaximSDK/Libraries/PeriphDrivers/bin/MAX78000/softfp/libPeriphDriver_softfp.a(cameraif_ai85.o) (MXC_PCIF_RevA_SetDatawidth)
g:/MaximSDK/Libraries/PeriphDrivers/bin/MAX78000/softfp/libPeriphDriver_softfp.a(dma_me17.o)
                              g:/MaximSDK/Examples/CubeCamera/maxrefdes178_max78000_audio/build/max78000_audio_main.o (MXC_DMA_Init)
g:/MaximSDK/Libraries/PeriphDrivers/bin/MAX78000/softfp/libPeriphDriver_softfp.a(dma_reva.o)
                              g:/MaximSDK/Libraries/PeriphDrivers/bin/MAX78000/softfp/libPeriphDriver_softfp.a(dma_me17.o) (MXC_DMA_RevA_Init)
g:/MaximSDK/Libraries/PeriphDrivers/bin/MAX78000/softfp/libPeriphDriver_softfp.a(gpio_ai85.o)
                              g:/MaximSDK/Examples/CubeCamera/maxrefdes178_max78000_audio/build/max78000_audio_main.o (MXC_GPIO_Config)
g:/MaximSDK/Libraries/PeriphDrivers/bin/MAX78000/softfp/libPeriphDriver_softfp.a(gpio_reva.o)
                              g:/MaximSDK/Libraries/PeriphDrivers/bin/MAX78000/softfp/libPeriphDriver_softfp.a(gpio_ai85.o) (MXC_GPIO_RevA_InGet)
g:/MaximSDK/Libraries/PeriphDrivers/bin/MAX78000/softfp/libPeriphDriver_softfp.a(i2c_me17.o)
                              g:/MaximSDK/Examples/CubeCamera/maxrefdes178_max78000_audio/build/max78000_audio_main.o (MXC_I2C_Init)
g:/MaximSDK/Libraries/PeriphDrivers/bin/MAX78000/softfp/libPeriphDriver_softfp.a(i2c_reva.o)
                              g:/MaximSDK/Libraries/PeriphDrivers/bin/MAX78000/softfp/libPeriphDriver_softfp.a(i2c_me17.o) (MXC_I2C_RevA_DMACallback)
g:/MaximSDK/Libraries/PeriphDrivers/bin/MAX78000/softfp/libPeriphDriver_softfp.a(i2s_ai85.o)
                              g:/MaximSDK/Examples/CubeCamera/maxrefdes178_max78000_audio/build/max78000_audio_main.o (MXC_I2S_Init)
g:/MaximSDK/Libraries/PeriphDrivers/bin/MAX78000/softfp/libPeriphDriver_softfp.a(i2s_reva.o)
                              g:/MaximSDK/Libraries/PeriphDrivers/bin/MAX78000/softfp/libPeriphDriver_softfp.a(i2s_ai85.o) (MXC_I2S_RevA_Init)
g:/MaximSDK/Libraries/PeriphDrivers/bin/MAX78000/softfp/libPeriphDriver_softfp.a(icc_me17.o)
                              g:/MaximSDK/Examples/CubeCamera/maxrefdes178_max78000_audio/build/max78000_audio_main.o (MXC_ICC_Enable)
g:/MaximSDK/Libraries/PeriphDrivers/bin/MAX78000/softfp/libPeriphDriver_softfp.a(icc_reva.o)
                              g:/MaximSDK/Libraries/PeriphDrivers/bin/MAX78000/softfp/libPeriphDriver_softfp.a(icc_me17.o) (MXC_ICC_RevA_ID)
g:/MaximSDK/Libraries/PeriphDrivers/bin/MAX78000/softfp/libPeriphDriver_softfp.a(pt_me17.o)
                              g:/MaximSDK/Examples/CubeCamera/maxrefdes178_max78000_audio/build/camera.o (MXC_PT_Init)
g:/MaximSDK/Libraries/PeriphDrivers/bin/MAX78000/softfp/libPeriphDriver_softfp.a(pt_reva.o)
                              g:/MaximSDK/Libraries/PeriphDrivers/bin/MAX78000/softfp/libPeriphDriver_softfp.a(pt_me17.o) (MXC_PT_RevA_Init)
g:/MaximSDK/Libraries/PeriphDrivers/bin/MAX78000/softfp/libPeriphDriver_softfp.a(spi_me17.o)
                              g:/MaximSDK/Examples/CubeCamera/maxrefdes178_max78000_audio/build/max78000_qspi_slave.o (MXC_SPI_Init)
g:/MaximSDK/Libraries/PeriphDrivers/bin/MAX78000/softfp/libPeriphDriver_softfp.a(spi_reva.o)
                              g:/MaximSDK/Libraries/PeriphDrivers/bin/MAX78000/softfp/libPeriphDriver_softfp.a(spi_me17.o) (MXC_SPI_RevA_Init)
g:/MaximSDK/Libraries/PeriphDrivers/bin/MAX78000/softfp/libPeriphDriver_softfp.a(tmr_ai85.o)
                              g:/MaximSDK/Examples/CubeCamera/maxrefdes178_max78000_audio/build/max78000_audio_main.o (MXC_TMR_Init)
g:/MaximSDK/Libraries/PeriphDrivers/bin/MAX78000/softfp/libPeriphDriver_softfp.a(tmr_revb.o)
[...]
Memory Configuration

Name             Origin             Length             Attributes
ROM              0x00000000         0x00010000         xr
FLASH            0x10000000         0x00080000         xr
SRAM             0x20000000         0x00020000         xrw
*default*        0x00000000         0xffffffff

Linker script and memory map

LOAD g:/maximsdk/tools/gnutools/bin/../lib/gcc/arm-none-eabi/9.2.1/thumb/v7e-m+fp/softfp/crti.o
LOAD g:/maximsdk/tools/gnutools/bin/../lib/gcc/arm-none-eabi/9.2.1/thumb/v7e-m+fp/softfp/crtbegin.o
LOAD g:/maximsdk/tools/gnutools/bin/../lib/gcc/arm-none-eabi/9.2.1/../../../../arm-none-eabi/lib/thumb/v7e-m+fp/softfp/crt0.o
LOAD g:/MaximSDK/Examples/CubeCamera/maxrefdes178_max78000_audio/build/max78000_audio_main.o
LOAD g:/MaximSDK/Examples/CubeCamera/maxrefdes178_max78000_audio/build/max78000_audio_cnn.o
LOAD g:/MaximSDK/Examples/CubeCamera/maxrefdes178_max78000_audio/build/max78000_softmax.o
LOAD g:/MaximSDK/Examples/CubeCamera/maxrefdes178_max78000_audio/build/max78000_qspi_slave.o
LOAD g:/MaximSDK/Examples/CubeCamera/maxrefdes178_max78000_audio/build/maxrefdes178_utility.o
LOAD g:/MaximSDK/Examples/CubeCamera/maxrefdes178_max78000_audio/build/board.o
LOAD g:/MaximSDK/Examples/CubeCamera/maxrefdes178_max78000_audio/build/stdio.o
LOAD g:/MaximSDK/Examples/CubeCamera/maxrefdes178_max78000_audio/build/led.o
LOAD g:/MaximSDK/Examples/CubeCamera/maxrefdes178_max78000_audio/build/pb.o
LOAD g:/MaximSDK/Examples/CubeCamera/maxrefdes178_max78000_audio/build/camera.o
LOAD g:/MaximSDK/Examples/CubeCamera/maxrefdes178_max78000_audio/build/ov7692.o
LOAD g:/MaximSDK/Examples/CubeCamera/maxrefdes178_max78000_audio/build/sccb.o
LOAD g:/MaximSDK/Examples/CubeCamera/maxrefdes178_max78000_audio/build/startup_max78000.o
LOAD g:/MaximSDK/Examples/CubeCamera/maxrefdes178_max78000_audio/build/heap.o
LOAD g:/MaximSDK/Examples/CubeCamera/maxrefdes178_max78000_audio/build/system_max78000.o
START GROUP
LOAD g:/MaximSDK/Libraries/PeriphDrivers/bin/MAX78000/softfp/libPeriphDriver_softfp.a
LOAD g:/maximsdk/tools/gnutools/bin/../lib/gcc/arm-none-eabi/9.2.1/../../../../arm-none-eabi/lib/thumb/v7e-m+fp/softfp\libc.a
LOAD g:/maximsdk/tools/gnutools/bin/../lib/gcc/arm-none-eabi/9.2.1/../../../../arm-none-eabi/lib/thumb/v7e-m+fp/softfp\libm.a
LOAD g:/maximsdk/tools/gnutools/bin/../lib/gcc/arm-none-eabi/9.2.1/../../../../arm-none-eabi/lib/thumb/v7e-m+fp/softfp\libnosys.a
END GROUP
START GROUP
LOAD g:/maximsdk/tools/gnutools/bin/../lib/gcc/arm-none-eabi/9.2.1/thumb/v7e-m+fp/softfp\libgcc.a
LOAD g:/maximsdk/tools/gnutools/bin/../lib/gcc/arm-none-eabi/9.2.1/../../../../arm-none-eabi/lib/thumb/v7e-m+fp/softfp\libc.a
END GROUP
LOAD g:/maximsdk/tools/gnutools/bin/../lib/gcc/arm-none-eabi/9.2.1/thumb/v7e-m+fp/softfp/crtend.o
LOAD g:/maximsdk/tools/gnutools/bin/../lib/gcc/arm-none-eabi/9.2.1/thumb/v7e-m+fp/softfp/crtn.o

.rom
 *(.rom_vector)
 *(.rom_handlers*)

.text           0x10000000    0x41cac
                0x10000000                _text = .
 *(.isr_vector)
 .isr_vector    0x10000000      0x1e0 g:/MaximSDK/Examples/CubeCamera/maxrefdes178_max78000_audio/build/startup_max78000.o
                0x10000000                __isr_vector
 *(.text*)
 .text          0x100001e0       0x40 g:/maximsdk/tools/gnutools/bin/../lib/gcc/arm-none-eabi/9.2.1/thumb/v7e-m+fp/softfp/crtbegin.o
 .text.button_int
                0x10000220        0xc g:/MaximSDK/Examples/CubeCamera/maxrefdes178_max78000_audio/build/max78000_audio_main.o
                0x10000220                button_int
 .text.i2s_isr  0x1000022c       0x10 g:/MaximSDK/Examples/CubeCamera/maxrefdes178_max78000_audio/build/max78000_audio_main.o
                0x1000022c                i2s_isr
 .text.sleep_defer_int
                0x1000023c       0x18 g:/MaximSDK/Examples/CubeCamera/maxrefdes178_max78000_audio/build/max78000_audio_main.o
                0x1000023c                sleep_defer_int
 .text.fail     0x10000254       0x34 g:/MaximSDK/Examples/CubeCamera/maxrefdes178_max78000_audio/build/max78000_audio_main.o
 .text.AddTranspose.constprop.1
                0x10000288       0xb8 g:/MaximSDK/Examples/CubeCamera/maxrefdes178_max78000_audio/build/max78000_audio_main.o
 .text.AddTranspose.constprop.0
                0x10000340       0xac g:/MaximSDK/Examples/CubeCamera/maxrefdes178_max78000_audio/build/max78000_audio_main.o
 .text.startup.main
                0x100003ec      0xb88 g:/MaximSDK/Examples/CubeCamera/maxrefdes178_max78000_audio/build/max78000_audio_main.o
                0x100003ec                main
 .text.CNN_ISR  0x10000f74       0x4c g:/MaximSDK/Examples/CubeCamera/maxrefdes178_max78000_audio/build/max78000_audio_cnn.o
                0x10000f74                CNN_ISR
 .text.cnn_load_weights
                0x10000fc0      0xa10 g:/MaximSDK/Examples/CubeCamera/maxrefdes178_max78000_audio/build/max78000_audio_cnn.o
                0x10000fc0                cnn_load_weights
 .text.cnn_init
                0x100019d0       0x74 g:/MaximSDK/Examples/CubeCamera/maxrefdes178_max78000_audio/build/max78000_audio_cnn.o
                0x100019d0                cnn_init
 .text.cnn_configure
                0x10001a44      0xda8 g:/MaximSDK/Examples/CubeCamera/maxrefdes178_max78000_audio/build/max78000_audio_cnn.o
                0x10001a44                cnn_configure
 .text.cnn_start
                0x100027ec       0x50 g:/MaximSDK/Examples/CubeCamera/maxrefdes178_max78000_audio/build/max78000_audio_cnn.o
                0x100027ec                cnn_start
 .text.cnn_unload
                0x1000283c       0x8c g:/MaximSDK/Examples/CubeCamera/maxrefdes178_max78000_audio/build/max78000_audio_cnn.o
                0x1000283c                cnn_unload
 .text.cnn_enable
                0x100028c8       0x3c g:/MaximSDK/Examples/CubeCamera/maxrefdes178_max78000_audio/build/max78000_audio_cnn.o
                0x100028c8                cnn_enable
 .text.softmax_q17p14_q15
                0x10002904       0xa8 g:/MaximSDK/Examples/CubeCamera/maxrefdes178_max78000_audio/build/max78000_softmax.o
                0x10002904                softmax_q17p14_q15
 .text.qspi_slave_dma
                0x100029ac      0x224 g:/MaximSDK/Examples/CubeCamera/maxrefdes178_max78000_audio/build/max78000_qspi_slave.o
 .text.qspi_slave_cs_handler
                0x10002bd0      0x218 g:/MaximSDK/Examples/CubeCamera/maxrefdes178_max78000_audio/build/max78000_qspi_slave.o
                0x10002bd0                qspi_slave_cs_handler
 .text.DMA1_IRQHandler
                0x10002de8       0x6c g:/MaximSDK/Examples/CubeCamera/maxrefdes178_max78000_audio/build/max78000_qspi_slave.o
                0x10002de8                DMA1_IRQHandler
 .text.qspi_slave_init
                0x10002e54       0xe4 g:/MaximSDK/Examples/CubeCamera/maxrefdes178_max78000_audio/build/max78000_qspi_slave.o
                0x10002e54                qspi_slave_init
 .text.qspi_slave_trigger
                0x10002f38       0x20 g:/MaximSDK/Examples/CubeCamera/maxrefdes178_max78000_audio/build/max78000_qspi_slave.o
                0x10002f38                qspi_slave_trigger
 .text.qspi_slave_wait_rx
                0x10002f58       0x70 g:/MaximSDK/Examples/CubeCamera/maxrefdes178_max78000_audio/build/max78000_qspi_slave.o
                0x10002f58                qspi_slave_wait_rx
 .text.qspi_slave_send_packet
                0x10002fc8      0x14c g:/MaximSDK/Examples/CubeCamera/maxrefdes178_max78000_audio/build/max78000_qspi_slave.o
                0x10002fc8                qspi_slave_send_packet
 .text.qspi_slave_set_rx_state
                0x10003114        0xc g:/MaximSDK/Examples/CubeCamera/maxrefdes178_max78000_audio/build/max78000_qspi_slave.o
                0x10003114                qspi_slave_set_rx_state
 .text.qspi_slave_get_rx_state
                0x10003120        0xc g:/MaximSDK/Examples/CubeCamera/maxrefdes178_max78000_audio/build/max78000_qspi_slave.o
                0x10003120                qspi_slave_get_rx_state
 .text.qspi_slave_get_rx_header
                0x1000312c       0x24 g:/MaximSDK/Examples/CubeCamera/maxrefdes178_max78000_audio/build/max78000_qspi_slave.o
                0x1000312c                qspi_slave_get_rx_header
 .text.qspi_slave_set_rx_data
                0x10003150       0x14 g:/MaximSDK/Examples/CubeCamera/maxrefdes178_max78000_audio/build/max78000_qspi_slave.o
                0x10003150                qspi_slave_set_rx_data
 .text.crc16_sw
                0x10003164       0x90 g:/MaximSDK/Examples/CubeCamera/maxrefdes178_max78000_audio/build/maxrefdes178_utility.o
                0x10003164                crc16_sw
 .text.mxc_assert
                0x100031f4       0x10 g:/MaximSDK/Examples/CubeCamera/maxrefdes178_max78000_audio/build/board.o
                0x100031f4                mxc_assert
 .text.Board_Init
                0x10003204       0x60 g:/MaximSDK/Examples/CubeCamera/maxrefdes178_max78000_audio/build/board.o
                0x10003204                Board_Init
 .text.NMI_Handler
                0x10003264        0x4 g:/MaximSDK/Examples/CubeCamera/maxrefdes178_max78000_audio/build/board.o
                0x10003264                NMI_Handler
 .text._close   0x10003268        0x8 g:/MaximSDK/Examples/CubeCamera/maxrefdes178_max78000_audio/build/stdio.o
                0x10003268                _close
 .text._isatty  0x10003270        0x8 g:/MaximSDK/Examples/CubeCamera/maxrefdes178_max78000_audio/build/stdio.o
                0x10003270                _isatty
 .text._lseek   0x10003278        0x8 g:/MaximSDK/Examples/CubeCamera/maxrefdes178_max78000_audio/build/stdio.o
                0x10003278                _lseek
 .text._fstat   0x10003280        0x8 g:/MaximSDK/Examples/CubeCamera/maxrefdes178_max78000_audio/build/stdio.o
                0x10003280                _fstat
 .text._read    0x10003288       0x50 g:/MaximSDK/Examples/CubeCamera/maxrefdes178_max78000_audio/build/stdio.o
                0x10003288                _read
 .text._write   0x100032d8       0x4c g:/MaximSDK/Examples/CubeCamera/maxrefdes178_max78000_audio/build/stdio.o
                0x100032d8                _write
 .text.LED_Init
                0x10003324       0x3c g:/MaximSDK/Examples/CubeCamera/maxrefdes178_max78000_audio/build/led.o
                0x10003324                LED_Init
 .text.PB_Init  0x10003360       0x34 g:/MaximSDK/Examples/CubeCamera/maxrefdes178_max78000_audio/build/pb.o
                0x10003360                PB_Init
 .text.PB_RegisterCallback
                0x10003394       0xb4 g:/MaximSDK/Examples/CubeCamera/maxrefdes178_max78000_audio/build/pb.o
                0x10003394                PB_RegisterCallback
 .text.GPIO0_IRQHandler
                0x10003448        0x8 g:/MaximSDK/Examples/CubeCamera/maxrefdes178_max78000_audio/build/pb.o
                0x10003448                GPIO0_IRQHandler
 .text.GPIO1_IRQHandler
                0x10003450        0x8 g:/MaximSDK/Examples/CubeCamera/maxrefdes178_max78000_audio/build/pb.o
                0x10003450                GPIO1_IRQHandler
 .text.GPIO2_IRQHandler
                0x10003458        0x8 g:/MaximSDK/Examples/CubeCamera/maxrefdes178_max78000_audio/build/pb.o
                0x10003458                GPIO2_IRQHandler
 .text          0x10003460      0x148 g:/MaximSDK/Examples/CubeCamera/maxrefdes178_max78000_audio/build/startup_max78000.o
                0x10003460                Reset_Handler
                0x1000349e                HardFault_Handler
                0x100034a0                MemManage_Handler
                0x100034a2                BusFault_Handler
                0x100034a4                UsageFault_Handler
                0x100034a6                SVC_Handler
                0x100034a8                DebugMon_Handler
                0x100034aa                PendSV_Handler
                0x100034ac                SysTick_Handler
                0x100034ae                Default_Handler
                0x100034b0                PF_IRQHandler
                0x100034b2                WDT0_IRQHandler
                0x100034b4                RSV02_IRQHandler
                0x100034b6                RTC_IRQHandler
                0x100034b8                TRNG_IRQHandler
                0x100034ba                TMR0_IRQHandler
                0x100034bc                TMR1_IRQHandler
                0x100034be                TMR2_IRQHandler
                0x100034c0                TMR3_IRQHandler
                0x100034c2                TMR4_IRQHandler
                0x100034c4                TMR5_IRQHandler
                0x100034c6                RSV11_IRQHandler
                0x100034c8                RSV12_IRQHandler
                0x100034ca                I2C0_IRQHandler
                0x100034cc                UART0_IRQHandler
                0x100034ce                UART1_IRQHandler
                0x100034d0                SPI1_IRQHandler
                0x100034d2                RSV17_IRQHandler
                0x100034d4                RSV18_IRQHandler
                0x100034d6                RSV19_IRQHandler
                0x100034d8                ADC_IRQHandler
                0x100034da                RSV21_IRQHandler
                0x100034dc                RSV22_IRQHandler
                0x100034de                FLC0_IRQHandler
                0x100034e6                RSV27_IRQHandler
                0x100034e8                DMA0_IRQHandler
                0x100034ec                DMA2_IRQHandler
                0x100034ee                DMA3_IRQHandler
                0x100034f0                RSV32_IRQHandler
                0x100034f2                RSV33_IRQHandler
                0x100034f4                UART2_IRQHandler
                0x100034f6                RSV35_IRQHandler
                0x100034f8                I2C1_IRQHandler
                0x100034fa                RSV37_IRQHandler
                0x100034fc                RSV38_IRQHandler
                0x100034fe                RSV39_IRQHandler
                0x10003500                RSV40_IRQHandler
                0x10003502                RSV41_IRQHandler
                0x10003504                RSV42_IRQHandler
                0x10003506                RSV43_IRQHandler
                0x10003508                RSV44_IRQHandler
                0x1000350a                RSV45_IRQHandler
                0x1000350c                RSV46_IRQHandler
                0x1000350e                RSV47_IRQHandler
                0x10003510                RSV48_IRQHandler
                0x10003512                RSV49_IRQHandler
                0x10003514                RSV50_IRQHandler
                0x10003516                RSV51_IRQHandler
                0x10003518                RSV52_IRQHandler
                0x1000351a                WUT_IRQHandler
                0x1000351c                GPIOWAKE_IRQHandler
                0x1000351e                RSV55_IRQHandler
                0x10003520                SPI0_IRQHandler
                0x10003522                WDT1_IRQHandler
                0x10003524                RSV58_IRQHandler
                0x10003526                PT_IRQHandler
                0x10003528                RSV60_IRQHandler
                0x1000352a                RSV61_IRQHandler
                0x1000352c                I2C2_IRQHandler
                0x1000352e                RISCV_IRQHandler
                0x10003530                RSV64_IRQHandler
                0x10003532                RSV65_IRQHandler
                0x10003534                RSV66_IRQHandler
                0x10003536                OWM_IRQHandler
                0x10003538                RSV68_IRQHandler
                0x1000353a                RSV69_IRQHandler
                0x1000353c                RSV70_IRQHandler
                0x1000353e                RSV71_IRQHandler
                0x10003540                RSV72_IRQHandler
                0x10003542                RSV73_IRQHandler
                0x10003544                RSV74_IRQHandler
                0x10003546                RSV75_IRQHandler
                0x10003548                RSV76_IRQHandler
                0x1000354a                RSV77_IRQHandler
                0x1000354c                RSV78_IRQHandler
                0x1000354e                RSV79_IRQHandler
                0x10003550                RSV80_IRQHandler
                0x10003552                RSV81_IRQHandler
                0x10003554                ECC_IRQHandler
                0x10003556                DVS_IRQHandler
                0x10003558                SIMO_IRQHandler
                0x1000355a                RSV85_IRQHandler
                0x1000355c                RSV86_IRQHandler
                0x1000355e                RSV87_IRQHandler
                0x10003560                UART3_IRQHandler
                0x10003562                RSV89_IRQHandler
                0x10003564                RSV90_IRQHandler
                0x10003566                PCIF_IRQHandler
                0x10003568                RSV92_IRQHandler
                0x1000356a                RSV93_IRQHandler
                0x1000356c                RSV94_IRQHandler
                0x1000356e                RSV95_IRQHandler
                0x10003570                RSV96_IRQHandler
                0x10003572                AES_IRQHandler
                0x10003574                RSV98_IRQHandler
                0x10003576                I2S_IRQHandler
                0x10003578                CNN_FIFO_IRQHandler
                0x1000357a                CNN_IRQHandler
                0x1000357c                RSV102_IRQHandler
                0x1000357e                LPCMP_IRQHandler
 .text._sbrk    0x100035a8       0x40 g:/MaximSDK/Examples/CubeCamera/maxrefdes178_max78000_audio/build/heap.o
                0x100035a8                _sbrk
 .text.SystemCoreClockUpdate
                0x100035e8       0x68 g:/MaximSDK/Examples/CubeCamera/maxrefdes178_max78000_audio/build/system_max78000.o
                0x100035e8                SystemCoreClockUpdate
 .text.PreInit  0x10003650        0x4 g:/MaximSDK/Examples/CubeCamera/maxrefdes178_max78000_audio/build/system_max78000.o
                0x10003650                PreInit
 .text.SystemInit
                0x10003654       0x30 g:/MaximSDK/Examples/CubeCamera/maxrefdes178_max78000_audio/build/system_max78000.o
                0x10003654                SystemInit
 .text.MXC_DelayInit
                0x10003684       0x84 g:/MaximSDK/Libraries/PeriphDrivers/bin/MAX78000/softfp/libPeriphDriver_softfp.a(mxc_delay.o)
 .text.MXC_DelayAsync
                0x10003708       0x44 g:/MaximSDK/Libraries/PeriphDrivers/bin/MAX78000/softfp/libPeriphDriver_softfp.a(mxc_delay.o)
                0x10003708                MXC_DelayAsync
 .text.MXC_DelayAbort
                0x1000374c       0x38 g:/MaximSDK/Libraries/PeriphDrivers/bin/MAX78000/softfp/libPeriphDriver_softfp.a(mxc_delay.o)
                0x1000374c                MXC_DelayAbort
 .text.MXC_DelayCheck
                0x10003784       0x68 g:/MaximSDK/Libraries/PeriphDrivers/bin/MAX78000/softfp/libPeriphDriver_softfp.a(mxc_delay.o)
                0x10003784                MXC_DelayCheck
 .text.MXC_Delay
                0x100037ec       0x54 g:/MaximSDK/Libraries/PeriphDrivers/bin/MAX78000/softfp/libPeriphDriver_softfp.a(mxc_delay.o)
                0x100037ec                MXC_Delay
 .text.MXC_SYS_IsClockEnabled
                0x10003840       0x40 g:/MaximSDK/Libraries/PeriphDrivers/bin/MAX78000/softfp/libPeriphDriver_softfp.a(sys_ai85.o)
                0x10003840                MXC_SYS_IsClockEnabled
 .text.MXC_SYS_ClockDisable
                0x10003880       0x48 g:/MaximSDK/Libraries/PeriphDrivers/bin/MAX78000/softfp/libPeriphDriver_softfp.a(sys_ai85.o)
                0x10003880                MXC_SYS_ClockDisable
 .text.MXC_SYS_ClockEnable
                0x100038c8       0x50 g:/MaximSDK/Libraries/PeriphDrivers/bin/MAX78000/softfp/libPeriphDriver_softfp.a(sys_ai85.o)
                0x100038c8                MXC_SYS_ClockEnable
 .text.MXC_SYS_Clock_Timeout
                0x10003918       0x30 g:/MaximSDK/Libraries/PeriphDrivers/bin/MAX78000/softfp/libPeriphDriver_softfp.a(sys_ai85.o)
                0x10003918                MXC_SYS_Clock_Timeout
 .text.MXC_SYS_ClockSourceEnable
                0x10003948       0x80 g:/MaximSDK/Libraries/PeriphDrivers/bin/MAX78000/softfp/libPeriphDriver_softfp.a(sys_ai85.o)
                0x10003948                MXC_SYS_ClockSourceEnable
 .text.MXC_SYS_Clock_Select
                0x100039c8      0x10e g:/MaximSDK/Libraries/PeriphDrivers/bin/MAX78000/softfp/libPeriphDriver_softfp.a(sys_ai85.o)
                0x100039c8                MXC_SYS_Clock_Select
 *fill*         0x10003ad6        0x2 
 .text.MXC_SYS_Reset_Periph
                0x10003ad8       0x3c g:/MaximSDK/Libraries/PeriphDrivers/bin/MAX78000/softfp/libPeriphDriver_softfp.a(sys_ai85.o)
                0x10003ad8                MXC_SYS_Reset_Periph
 .text.NVIC_SetRAM
                0x10003b14       0x24 g:/MaximSDK/Libraries/PeriphDrivers/bin/MAX78000/softfp/libPeriphDriver_softfp.a(nvic_table.o)
                0x10003b14                NVIC_SetRAM
 .text.NVIC_SetVector
                0x10003b38       0x40 g:/MaximSDK/Libraries/PeriphDrivers/bin/MAX78000/softfp/libPeriphDriver_softfp.a(nvic_table.o)
                0x10003b38                NVIC_SetVector
 .text.MXC_DMA_Init
                0x10003b78       0x24 g:/MaximSDK/Libraries/PeriphDrivers/bin/MAX78000/softfp/libPeriphDriver_softfp.a(dma_me17.o)
                0x10003b78                MXC_DMA_Init
 .text.MXC_DMA_RevA_Init
                0x10003b9c       0xa0 g:/MaximSDK/Libraries/PeriphDrivers/bin/MAX78000/softfp/libPeriphDriver_softfp.a(dma_reva.o)
                0x10003b9c                MXC_DMA_RevA_Init
 .text.MXC_GPIO_Init
                0x10003c3c       0x30 g:/MaximSDK/Libraries/PeriphDrivers/bin/MAX78000/softfp/libPeriphDriver_softfp.a(gpio_ai85.o)
                0x10003c3c                MXC_GPIO_Init
 .text.MXC_GPIO_Config
                0x10003c6c      0x1dc g:/MaximSDK/Libraries/PeriphDrivers/bin/MAX78000/softfp/libPeriphDriver_softfp.a(gpio_ai85.o)
                0x10003c6c                MXC_GPIO_Config
 .text.MXC_GPIO_InGet
                0x10003e48       0x54 g:/MaximSDK/Libraries/PeriphDrivers/bin/MAX78000/softfp/libPeriphDriver_softfp.a(gpio_ai85.o)
                0x10003e48                MXC_GPIO_InGet
 .text.MXC_GPIO_OutSet
                0x10003e9c       0x38 g:/MaximSDK/Libraries/PeriphDrivers/bin/MAX78000/softfp/libPeriphDriver_softfp.a(gpio_ai85.o)
                0x10003e9c                MXC_GPIO_OutSet
 .text.MXC_GPIO_OutClr
                0x10003ed4       0x38 g:/MaximSDK/Libraries/PeriphDrivers/bin/MAX78000/softfp/libPeriphDriver_softfp.a(gpio_ai85.o)
                0x10003ed4                MXC_GPIO_OutClr
 .text.MXC_GPIO_IntConfig
                0x10003f0c        0x8 g:/MaximSDK/Libraries/PeriphDrivers/bin/MAX78000/softfp/libPeriphDriver_softfp.a(gpio_ai85.o)
                0x10003f0c                MXC_GPIO_IntConfig
 .text.MXC_GPIO_EnableInt
                0x10003f14        0x8 g:/MaximSDK/Libraries/PeriphDrivers/bin/MAX78000/softfp/libPeriphDriver_softfp.a(gpio_ai85.o)
                0x10003f14                MXC_GPIO_EnableInt
 .text.MXC_GPIO_DisableInt
                0x10003f1c        0x8 g:/MaximSDK/Libraries/PeriphDrivers/bin/MAX78000/softfp/libPeriphDriver_softfp.a(gpio_ai85.o)
                0x10003f1c                MXC_GPIO_DisableInt
 .text.MXC_GPIO_RegisterCallback
                0x10003f24        0x8 g:/MaximSDK/Libraries/PeriphDrivers/bin/MAX78000/softfp/libPeriphDriver_softfp.a(gpio_ai85.o)
                0x10003f24                MXC_GPIO_RegisterCallback
 .text.MXC_GPIO_Handler
                0x10003f2c        0x8 g:/MaximSDK/Libraries/PeriphDrivers/bin/MAX78000/softfp/libPeriphDriver_softfp.a(gpio_ai85.o)
                0x10003f2c                MXC_GPIO_Handler
 .text.MXC_GPIO_ClearFlags
                0x10003f34        0x8 g:/MaximSDK/Libraries/PeriphDrivers/bin/MAX78000/softfp/libPeriphDriver_softfp.a(gpio_ai85.o)
                0x10003f34                MXC_GPIO_ClearFlags
 .text.MXC_GPIO_GetFlags
                0x10003f3c        0x8 g:/MaximSDK/Libraries/PeriphDrivers/bin/MAX78000/softfp/libPeriphDriver_softfp.a(gpio_ai85.o)
                0x10003f3c                MXC_GPIO_GetFlags
 .text.MXC_GPIO_RevA_InGet
                0x10003f44        0x6 g:/MaximSDK/Libraries/PeriphDrivers/bin/MAX78000/softfp/libPeriphDriver_softfp.a(gpio_reva.o)
                0x10003f44                MXC_GPIO_RevA_InGet
 .text.MXC_GPIO_RevA_OutSet
                0x10003f4a        0x4 g:/MaximSDK/Libraries/PeriphDrivers/bin/MAX78000/softfp/libPeriphDriver_softfp.a(gpio_reva.o)
                0x10003f4a                MXC_GPIO_RevA_OutSet
 .text.MXC_GPIO_RevA_OutClr
                0x10003f4e        0x4 g:/MaximSDK/Libraries/PeriphDrivers/bin/MAX78000/softfp/libPeriphDriver_softfp.a(gpio_reva.o)
                0x10003f4e                MXC_GPIO_RevA_OutClr
 .text.MXC_GPIO_RevA_IntConfig
                0x10003f52       0xaa g:/MaximSDK/Libraries/PeriphDrivers/bin/MAX78000/softfp/libPeriphDriver_softfp.a(gpio_reva.o)
                0x10003f52                MXC_GPIO_RevA_IntConfig
 .text.MXC_GPIO_RevA_EnableInt
                0x10003ffc        0x4 g:/MaximSDK/Libraries/PeriphDrivers/bin/MAX78000/softfp/libPeriphDriver_softfp.a(gpio_reva.o)
                0x10003ffc                MXC_GPIO_RevA_EnableInt
 .text.MXC_GPIO_RevA_DisableInt
                0x10004000        0x4 g:/MaximSDK/Libraries/PeriphDrivers/bin/MAX78000/softfp/libPeriphDriver_softfp.a(gpio_reva.o)
                0x10004000                MXC_GPIO_RevA_DisableInt
 .text.MXC_GPIO_RevA_ClearFlags
                0x10004004        0x4 g:/MaximSDK/Libraries/PeriphDrivers/bin/MAX78000/softfp/libPeriphDriver_softfp.a(gpio_reva.o)
                0x10004004                MXC_GPIO_RevA_ClearFlags
 .text.MXC_GPIO_RevA_GetFlags
                0x10004008        0x4 g:/MaximSDK/Libraries/PeriphDrivers/bin/MAX78000/softfp/libPeriphDriver_softfp.a(gpio_reva.o)
                0x10004008                MXC_GPIO_RevA_GetFlags
 .text.MXC_GPIO_RevA_SetVSSEL
                0x1000400c       0x2a g:/MaximSDK/Libraries/PeriphDrivers/bin/MAX78000/softfp/libPeriphDriver_softfp.a(gpio_reva.o)
                0x1000400c                MXC_GPIO_RevA_SetVSSEL
 .text.MXC_GPIO_RevA_SetAF
                0x10004036       0x54 g:/MaximSDK/Libraries/PeriphDrivers/bin/MAX78000/softfp/libPeriphDriver_softfp.a(gpio_reva.o)
                0x10004036                MXC_GPIO_RevA_SetAF
 .text.MXC_I2C_SetSlaveAddr
                0x1000408a        0x8 g:/MaximSDK/Libraries/PeriphDrivers/bin/MAX78000/softfp/libPeriphDriver_softfp.a(i2c_me17.o)
                0x1000408a                MXC_I2C_SetSlaveAddr
 *fill*         0x10004092        0x2 
 .text.MXC_I2C_Shutdown
                0x10004094       0x58 g:/MaximSDK/Libraries/PeriphDrivers/bin/MAX78000/softfp/libPeriphDriver_softfp.a(i2c_me17.o)
                0x10004094                MXC_I2C_Shutdown
 .text.MXC_I2C_Init
                0x100040ec       0x78 g:/MaximSDK/Libraries/PeriphDrivers/bin/MAX78000/softfp/libPeriphDriver_softfp.a(i2c_me17.o)
                0x100040ec                MXC_I2C_Init
 .text.MXC_I2C_SetFrequency
                0x10004164       0x18 g:/MaximSDK/Libraries/PeriphDrivers/bin/MAX78000/softfp/libPeriphDriver_softfp.a(i2c_me17.o)
                0x10004164                MXC_I2C_SetFrequency
 .text.MXC_I2C_GetFrequency
                0x1000417c        0x8 g:/MaximSDK/Libraries/PeriphDrivers/bin/MAX78000/softfp/libPeriphDriver_softfp.a(i2c_me17.o)
                0x1000417c                MXC_I2C_GetFrequency
 .text.MXC_I2C_Start
                0x10004184        0x8 g:/MaximSDK/Libraries/PeriphDrivers/bin/MAX78000/softfp/libPeriphDriver_softfp.a(i2c_me17.o)
                0x10004184                MXC_I2C_Start
 .text.MXC_I2C_Stop
                0x1000418c        0x8 g:/MaximSDK/Libraries/PeriphDrivers/bin/MAX78000/softfp/libPeriphDriver_softfp.a(i2c_me17.o)
                0x1000418c                MXC_I2C_Stop
 .text.MXC_I2C_ReadRXFIFO
                0x10004194        0x8 g:/MaximSDK/Libraries/PeriphDrivers/bin/MAX78000/softfp/libPeriphDriver_softfp.a(i2c_me17.o)
                0x10004194                MXC_I2C_ReadRXFIFO
 .text.MXC_I2C_WriteTXFIFO
                0x1000419c        0x8 g:/MaximSDK/Libraries/PeriphDrivers/bin/MAX78000/softfp/libPeriphDriver_softfp.a(i2c_me17.o)
                0x1000419c                MXC_I2C_WriteTXFIFO
 .text.MXC_I2C_ClearRXFIFO
                0x100041a4        0x8 g:/MaximSDK/Libraries/PeriphDrivers/bin/MAX78000/softfp/libPeriphDriver_softfp.a(i2c_me17.o)
                0x100041a4                MXC_I2C_ClearRXFIFO
 .text.MXC_I2C_ClearTXFIFO
                0x100041ac        0x8 g:/MaximSDK/Libraries/PeriphDrivers/bin/MAX78000/softfp/libPeriphDriver_softfp.a(i2c_me17.o)
                0x100041ac                MXC_I2C_ClearTXFIFO
 .text.MXC_I2C_ClearFlags
                0x100041b4        0x8 g:/MaximSDK/Libraries/PeriphDrivers/bin/MAX78000/softfp/libPeriphDriver_softfp.a(i2c_me17.o)
                0x100041b4                MXC_I2C_ClearFlags
 .text.MXC_I2C_Recover
                0x100041bc        0x8 g:/MaximSDK/Libraries/PeriphDrivers/bin/MAX78000/softfp/libPeriphDriver_softfp.a(i2c_me17.o)
                0x100041bc                MXC_I2C_Recover
 .text.MXC_I2C_MasterTransaction
                0x100041c4        0x8 g:/MaximSDK/Libraries/PeriphDrivers/bin/MAX78000/softfp/libPeriphDriver_softfp.a(i2c_me17.o)
                0x100041c4                MXC_I2C_MasterTransaction
 .text.MXC_I2C_SetRXThreshold
                0x100041cc        0x8 g:/MaximSDK/Libraries/PeriphDrivers/bin/MAX78000/softfp/libPeriphDriver_softfp.a(i2c_me17.o)
                0x100041cc                MXC_I2C_SetRXThreshold
 .text.MXC_I2C_SetTXThreshold
                0x100041d4        0x8 g:/MaximSDK/Libraries/PeriphDrivers/bin/MAX78000/softfp/libPeriphDriver_softfp.a(i2c_me17.o)
                0x100041d4                MXC_I2C_SetTXThreshold
 .text.MXC_I2C_RevA_Init
                0x100041dc       0xcc g:/MaximSDK/Libraries/PeriphDrivers/bin/MAX78000/softfp/libPeriphDriver_softfp.a(i2c_reva.o)
                0x100041dc                MXC_I2C_RevA_Init
 .text.MXC_I2C_RevA_SetSlaveAddr
                0x100042a8       0x36 g:/MaximSDK/Libraries/PeriphDrivers/bin/MAX78000/softfp/libPeriphDriver_softfp.a(i2c_reva.o)
                0x100042a8                MXC_I2C_RevA_SetSlaveAddr
 *fill*         0x100042de        0x2 
 .text.MXC_I2C_RevA_SetFrequency
                0x100042e0       0x84 g:/MaximSDK/Libraries/PeriphDrivers/bin/MAX78000/softfp/libPeriphDriver_softfp.a(i2c_reva.o)
                0x100042e0                MXC_I2C_RevA_SetFrequency
 .text.MXC_I2C_RevA_GetFrequency
                0x10004364       0x20 g:/MaximSDK/Libraries/PeriphDrivers/bin/MAX78000/softfp/libPeriphDriver_softfp.a(i2c_reva.o)
                0x10004364                MXC_I2C_RevA_GetFrequency
 .text.MXC_I2C_RevA_Start
                0x10004384       0x20 g:/MaximSDK/Libraries/PeriphDrivers/bin/MAX78000/softfp/libPeriphDriver_softfp.a(i2c_reva.o)
                0x10004384                MXC_I2C_RevA_Start
 .text.MXC_I2C_RevA_Stop
                0x100043a4       0x1e g:/MaximSDK/Libraries/PeriphDrivers/bin/MAX78000/softfp/libPeriphDriver_softfp.a(i2c_reva.o)
                0x100043a4                MXC_I2C_RevA_Stop
 .text.MXC_I2C_RevA_ReadRXFIFO
                0x100043c2       0x36 g:/MaximSDK/Libraries/PeriphDrivers/bin/MAX78000/softfp/libPeriphDriver_softfp.a(i2c_reva.o)
                0x100043c2                MXC_I2C_RevA_ReadRXFIFO
 .text.MXC_I2C_RevA_WriteTXFIFO
                0x100043f8       0x36 g:/MaximSDK/Libraries/PeriphDrivers/bin/MAX78000/softfp/libPeriphDriver_softfp.a(i2c_reva.o)
                0x100043f8                MXC_I2C_RevA_WriteTXFIFO
 .text.MXC_I2C_RevA_ClearRXFIFO
                0x1000442e       0x12 g:/MaximSDK/Libraries/PeriphDrivers/bin/MAX78000/softfp/libPeriphDriver_softfp.a(i2c_reva.o)
                0x1000442e                MXC_I2C_RevA_ClearRXFIFO
 .text.MXC_I2C_RevA_ClearTXFIFO
                0x10004440       0x12 g:/MaximSDK/Libraries/PeriphDrivers/bin/MAX78000/softfp/libPeriphDriver_softfp.a(i2c_reva.o)
                0x10004440                MXC_I2C_RevA_ClearTXFIFO
 .text.MXC_I2C_RevA_ClearFlags
                0x10004452        0x6 g:/MaximSDK/Libraries/PeriphDrivers/bin/MAX78000/softfp/libPeriphDriver_softfp.a(i2c_reva.o)
                0x10004452                MXC_I2C_RevA_ClearFlags
 .text.MXC_I2C_RevA_Recover
                0x10004458       0xec g:/MaximSDK/Libraries/PeriphDrivers/bin/MAX78000/softfp/libPeriphDriver_softfp.a(i2c_reva.o)
                0x10004458                MXC_I2C_RevA_Recover
 .text.MXC_I2C_RevA_MasterTransaction
                0x10004544      0x1a4 g:/MaximSDK/Libraries/PeriphDrivers/bin/MAX78000/softfp/libPeriphDriver_softfp.a(i2c_reva.o)
                0x10004544                MXC_I2C_RevA_MasterTransaction
 .text.MXC_I2C_RevA_SetRXThreshold
                0x100046e8       0x1e g:/MaximSDK/Libraries/PeriphDrivers/bin/MAX78000/softfp/libPeriphDriver_softfp.a(i2c_reva.o)
                0x100046e8                MXC_I2C_RevA_SetRXThreshold
 .text.MXC_I2C_RevA_SetTXThreshold
                0x10004706       0x20 g:/MaximSDK/Libraries/PeriphDrivers/bin/MAX78000/softfp/libPeriphDriver_softfp.a(i2c_reva.o)
                0x10004706                MXC_I2C_RevA_SetTXThreshold
 *fill*         0x10004726        0x2 
 .text.MXC_I2S_Shutdown
                0x10004728       0x1c g:/MaximSDK/Libraries/PeriphDrivers/bin/MAX78000/softfp/libPeriphDriver_softfp.a(i2s_ai85.o)
                0x10004728                MXC_I2S_Shutdown
 .text.MXC_I2S_Init
                0x10004744       0x30 g:/MaximSDK/Libraries/PeriphDrivers/bin/MAX78000/softfp/libPeriphDriver_softfp.a(i2s_ai85.o)
                0x10004744                MXC_I2S_Init
 .text.MXC_I2S_ConfigData
                0x10004774       0x10 g:/MaximSDK/Libraries/PeriphDrivers/bin/MAX78000/softfp/libPeriphDriver_softfp.a(i2s_ai85.o)
                0x10004774                MXC_I2S_ConfigData
 .text.MXC_I2S_TXDisable
                0x10004784       0x10 g:/MaximSDK/Libraries/PeriphDrivers/bin/MAX78000/softfp/libPeriphDriver_softfp.a(i2s_ai85.o)
                0x10004784                MXC_I2S_TXDisable
 .text.MXC_I2S_RXEnable
                0x10004794       0x10 g:/MaximSDK/Libraries/PeriphDrivers/bin/MAX78000/softfp/libPeriphDriver_softfp.a(i2s_ai85.o)
                0x10004794                MXC_I2S_RXEnable
 .text.MXC_I2S_RXDisable
                0x100047a4       0x10 g:/MaximSDK/Libraries/PeriphDrivers/bin/MAX78000/softfp/libPeriphDriver_softfp.a(i2s_ai85.o)
                0x100047a4                MXC_I2S_RXDisable
 .text.MXC_I2S_SetRXThreshold
                0x100047b4       0x10 g:/MaximSDK/Libraries/PeriphDrivers/bin/MAX78000/softfp/libPeriphDriver_softfp.a(i2s_ai85.o)
                0x100047b4                MXC_I2S_SetRXThreshold
 .text.MXC_I2S_SetFrequency
                0x100047c4       0x14 g:/MaximSDK/Libraries/PeriphDrivers/bin/MAX78000/softfp/libPeriphDriver_softfp.a(i2s_ai85.o)
                0x100047c4                MXC_I2S_SetFrequency
 .text.MXC_I2S_Flush
                0x100047d8       0x10 g:/MaximSDK/Libraries/PeriphDrivers/bin/MAX78000/softfp/libPeriphDriver_softfp.a(i2s_ai85.o)
                0x100047d8                MXC_I2S_Flush
 .text.MXC_I2S_EnableInt
                0x100047e8       0x10 g:/MaximSDK/Libraries/PeriphDrivers/bin/MAX78000/softfp/libPeriphDriver_softfp.a(i2s_ai85.o)
                0x100047e8                MXC_I2S_EnableInt
 .text.MXC_I2S_DisableInt
                0x100047f8       0x10 g:/MaximSDK/Libraries/PeriphDrivers/bin/MAX78000/softfp/libPeriphDriver_softfp.a(i2s_ai85.o)
                0x100047f8                MXC_I2S_DisableInt
 .text.MXC_I2S_ClearFlags
                0x10004808       0x10 g:/MaximSDK/Libraries/PeriphDrivers/bin/MAX78000/softfp/libPeriphDriver_softfp.a(i2s_ai85.o)
                0x10004808                MXC_I2S_ClearFlags
 .text.MXC_I2S_RevA_Init
                0x10004818       0x6c g:/MaximSDK/Libraries/PeriphDrivers/bin/MAX78000/softfp/libPeriphDriver_softfp.a(i2s_reva.o)
                0x10004818                MXC_I2S_RevA_Init
 .text.MXC_I2S_RevA_Shutdown
                0x10004884       0x28 g:/MaximSDK/Libraries/PeriphDrivers/bin/MAX78000/softfp/libPeriphDriver_softfp.a(i2s_reva.o)
                0x10004884                MXC_I2S_RevA_Shutdown
 .text.MXC_I2S_RevA_ConfigData
                0x100048ac      0x20e g:/MaximSDK/Libraries/PeriphDrivers/bin/MAX78000/softfp/libPeriphDriver_softfp.a(i2s_reva.o)
                0x100048ac                MXC_I2S_RevA_ConfigData
 .text.MXC_I2S_RevA_TXDisable
                0x10004aba        0xa g:/MaximSDK/Libraries/PeriphDrivers/bin/MAX78000/softfp/libPeriphDriver_softfp.a(i2s_reva.o)
                0x10004aba                MXC_I2S_RevA_TXDisable
 .text.MXC_I2S_RevA_RXEnable
                0x10004ac4        0xa g:/MaximSDK/Libraries/PeriphDrivers/bin/MAX78000/softfp/libPeriphDriver_softfp.a(i2s_reva.o)
                0x10004ac4                MXC_I2S_RevA_RXEnable
 .text.MXC_I2S_RevA_RXDisable
                0x10004ace        0xa g:/MaximSDK/Libraries/PeriphDrivers/bin/MAX78000/softfp/libPeriphDriver_softfp.a(i2s_reva.o)
                0x10004ace                MXC_I2S_RevA_RXDisable
 .text.MXC_I2S_RevA_SetRXThreshold
                0x10004ad8       0x1a g:/MaximSDK/Libraries/PeriphDrivers/bin/MAX78000/softfp/libPeriphDriver_softfp.a(i2s_reva.o)
                0x10004ad8                MXC_I2S_RevA_SetRXThreshold
 .text.MXC_I2S_RevA_SetFrequency
                0x10004af2       0x30 g:/MaximSDK/Libraries/PeriphDrivers/bin/MAX78000/softfp/libPeriphDriver_softfp.a(i2s_reva.o)
                0x10004af2                MXC_I2S_RevA_SetFrequency
 .text.MXC_I2S_RevA_Flush
                0x10004b22       0x12 g:/MaximSDK/Libraries/PeriphDrivers/bin/MAX78000/softfp/libPeriphDriver_softfp.a(i2s_reva.o)
                0x10004b22                MXC_I2S_RevA_Flush
 .text.MXC_I2S_RevA_EnableInt
                0x10004b34        0x8 g:/MaximSDK/Libraries/PeriphDrivers/bin/MAX78000/softfp/libPeriphDriver_softfp.a(i2s_reva.o)
                0x10004b34                MXC_I2S_RevA_EnableInt
 .text.MXC_I2S_RevA_DisableInt
                0x10004b3c        0xa g:/MaximSDK/Libraries/PeriphDrivers/bin/MAX78000/softfp/libPeriphDriver_softfp.a(i2s_reva.o)
                0x10004b3c                MXC_I2S_RevA_DisableInt
 .text.MXC_I2S_RevA_ClearFlags
                0x10004b46        0x8 g:/MaximSDK/Libraries/PeriphDrivers/bin/MAX78000/softfp/libPeriphDriver_softfp.a(i2s_reva.o)
                0x10004b46                MXC_I2S_RevA_ClearFlags
 .text.MXC_ICC_Enable
                0x10004b4e        0x8 g:/MaximSDK/Libraries/PeriphDrivers/bin/MAX78000/softfp/libPeriphDriver_softfp.a(icc_me17.o)
                0x10004b4e                MXC_ICC_Enable
 .text.MXC_ICC_RevA_Enable
                0x10004b56       0x34 g:/MaximSDK/Libraries/PeriphDrivers/bin/MAX78000/softfp/libPeriphDriver_softfp.a(icc_reva.o)
                0x10004b56                MXC_ICC_RevA_Enable
 *fill*         0x10004b8a        0x2 
 .text.MXC_SPI_Init
                0x10004b8c      0x1d8 g:/MaximSDK/Libraries/PeriphDrivers/bin/MAX78000/softfp/libPeriphDriver_softfp.a(spi_me17.o)
                0x10004b8c                MXC_SPI_Init
 .text.MXC_SPI_SetFrequency
                0x10004d64        0x8 g:/MaximSDK/Libraries/PeriphDrivers/bin/MAX78000/softfp/libPeriphDriver_softfp.a(spi_me17.o)
                0x10004d64                MXC_SPI_SetFrequency
 .text.MXC_SPI_SetWidth
                0x10004d6c        0x8 g:/MaximSDK/Libraries/PeriphDrivers/bin/MAX78000/softfp/libPeriphDriver_softfp.a(spi_me17.o)
                0x10004d6c                MXC_SPI_SetWidth
 .text.MXC_SPI_RevA_Init
                0x10004d74       0xe0 g:/MaximSDK/Libraries/PeriphDrivers/bin/MAX78000/softfp/libPeriphDriver_softfp.a(spi_reva.o)
                0x10004d74                MXC_SPI_RevA_Init
 .text.MXC_SPI_RevA_SetFrequency
                0x10004e54       0x8c g:/MaximSDK/Libraries/PeriphDrivers/bin/MAX78000/softfp/libPeriphDriver_softfp.a(spi_reva.o)
                0x10004e54                MXC_SPI_RevA_SetFrequency
 .text.MXC_SPI_RevA_SetWidth
                0x10004ee0       0x68 g:/MaximSDK/Libraries/PeriphDrivers/bin/MAX78000/softfp/libPeriphDriver_softfp.a(spi_reva.o)
                0x10004ee0                MXC_SPI_RevA_SetWidth
 .text.MXC_TMR_Init
                0x10004f48      0x220 g:/MaximSDK/Libraries/PeriphDrivers/bin/MAX78000/softfp/libPeriphDriver_softfp.a(tmr_ai85.o)
                0x10004f48                MXC_TMR_Init
 .text.MXC_TMR_Shutdown
                0x10005168       0xb8 g:/MaximSDK/Libraries/PeriphDrivers/bin/MAX78000/softfp/libPeriphDriver_softfp.a(tmr_ai85.o)
                0x10005168                MXC_TMR_Shutdown
 .text.MXC_TMR_Start
                0x10005220        0x8 g:/MaximSDK/Libraries/PeriphDrivers/bin/MAX78000/softfp/libPeriphDriver_softfp.a(tmr_ai85.o)
                0x10005220                MXC_TMR_Start
 .text.MXC_TMR_Stop
                0x10005228        0x8 g:/MaximSDK/Libraries/PeriphDrivers/bin/MAX78000/softfp/libPeriphDriver_softfp.a(tmr_ai85.o)
                0x10005228                MXC_TMR_Stop
 .text.MXC_TMR_ClearFlags
                0x10005230        0x8 g:/MaximSDK/Libraries/PeriphDrivers/bin/MAX78000/softfp/libPeriphDriver_softfp.a(tmr_ai85.o)
                0x10005230                MXC_TMR_ClearFlags
 .text.MXC_TMR_EnableInt
                0x10005238        0x8 g:/MaximSDK/Libraries/PeriphDrivers/bin/MAX78000/softfp/libPeriphDriver_softfp.a(tmr_ai85.o)
                0x10005238                MXC_TMR_EnableInt
 .text.MXC_TMR_SetCount
                0x10005240        0x8 g:/MaximSDK/Libraries/PeriphDrivers/bin/MAX78000/softfp/libPeriphDriver_softfp.a(tmr_ai85.o)
                0x10005240                MXC_TMR_SetCount
 .text.MXC_TMR_TO_Start
                0x10005248        0x8 g:/MaximSDK/Libraries/PeriphDrivers/bin/MAX78000/softfp/libPeriphDriver_softfp.a(tmr_ai85.o)
                0x10005248                MXC_TMR_TO_Start
 .text.MXC_TMR_TO_Stop
                0x10005250        0x8 g:/MaximSDK/Libraries/PeriphDrivers/bin/MAX78000/softfp/libPeriphDriver_softfp.a(tmr_ai85.o)
                0x10005250                MXC_TMR_TO_Stop
 .text.MXC_TMR_TO_Elapsed
                0x10005258        0x8 g:/MaximSDK/Libraries/PeriphDrivers/bin/MAX78000/softfp/libPeriphDriver_softfp.a(tmr_ai85.o)
                0x10005258                MXC_TMR_TO_Elapsed
 .text.MXC_TMR_SW_Start
                0x10005260        0x8 g:/MaximSDK/Libraries/PeriphDrivers/bin/MAX78000/softfp/libPeriphDriver_softfp.a(tmr_ai85.o)
                0x10005260                MXC_TMR_SW_Start
 .text.MXC_TMR_SW_Stop
                0x10005268        0x8 g:/MaximSDK/Libraries/PeriphDrivers/bin/MAX78000/softfp/libPeriphDriver_softfp.a(tmr_ai85.o)
                0x10005268                MXC_TMR_SW_Stop
 .text.MXC_TMR_GetTime
                0x10005270        0x8 g:/MaximSDK/Libraries/PeriphDrivers/bin/MAX78000/softfp/libPeriphDriver_softfp.a(tmr_ai85.o)
                0x10005270                MXC_TMR_GetTime
 .text.MXC_TMR_RevB_ConfigGeneric
                0x10005278       0xdc g:/MaximSDK/Libraries/PeriphDrivers/bin/MAX78000/softfp/libPeriphDriver_softfp.a(tmr_revb.o)
                0x10005278                MXC_TMR_RevB_ConfigGeneric
 .text.MXC_TMR_RevB_Init
                0x10005354      0x14c g:/MaximSDK/Libraries/PeriphDrivers/bin/MAX78000/softfp/libPeriphDriver_softfp.a(tmr_revb.o)
                0x10005354                MXC_TMR_RevB_Init
 .text.MXC_TMR_RevB_Shutdown
                0x100054a0       0x5c g:/MaximSDK/Libraries/PeriphDrivers/bin/MAX78000/softfp/libPeriphDriver_softfp.a(tmr_revb.o)
                0x100054a0                MXC_TMR_RevB_Shutdown
 .text.MXC_TMR_RevB_Start
                0x100054fc       0x60 g:/MaximSDK/Libraries/PeriphDrivers/bin/MAX78000/softfp/libPeriphDriver_softfp.a(tmr_revb.o)
                0x100054fc                MXC_TMR_RevB_Start
 .text.MXC_TMR_RevB_Stop
                0x1000555c       0x58 g:/MaximSDK/Libraries/PeriphDrivers/bin/MAX78000/softfp/libPeriphDriver_softfp.a(tmr_revb.o)
                0x1000555c                MXC_TMR_RevB_Stop
 .text.MXC_TMR_RevB_ClearFlags
                0x100055b4       0x58 g:/MaximSDK/Libraries/PeriphDrivers/bin/MAX78000/softfp/libPeriphDriver_softfp.a(tmr_revb.o)
                0x100055b4                MXC_TMR_RevB_ClearFlags
 .text.MXC_TMR_RevB_EnableInt
                0x1000560c       0x58 g:/MaximSDK/Libraries/PeriphDrivers/bin/MAX78000/softfp/libPeriphDriver_softfp.a(tmr_revb.o)
                0x1000560c                MXC_TMR_RevB_EnableInt
 .text.MXC_TMR_RevB_SetCount
                0x10005664       0x5c g:/MaximSDK/Libraries/PeriphDrivers/bin/MAX78000/softfp/libPeriphDriver_softfp.a(tmr_revb.o)
                0x10005664                MXC_TMR_RevB_SetCount
 .text.MXC_TMR_RevB_TO_Start
                0x100056c0       0xf4 g:/MaximSDK/Libraries/PeriphDrivers/bin/MAX78000/softfp/libPeriphDriver_softfp.a(tmr_revb.o)
                0x100056c0                MXC_TMR_RevB_TO_Start
 .text.MXC_TMR_RevB_GetTime
                0x100057b4      0x158 g:/MaximSDK/Libraries/PeriphDrivers/bin/MAX78000/softfp/libPeriphDriver_softfp.a(tmr_revb.o)
                0x100057b4                MXC_TMR_RevB_GetTime
 .text.MXC_UART_Shutdown
                0x1000590c       0x70 g:/MaximSDK/Libraries/PeriphDrivers/bin/MAX78000/softfp/libPeriphDriver_softfp.a(uart_ai85.o)
                0x1000590c                MXC_UART_Shutdown
 .text.MXC_UART_Init
                0x1000597c       0xa4 g:/MaximSDK/Libraries/PeriphDrivers/bin/MAX78000/softfp/libPeriphDriver_softfp.a(uart_ai85.o)
                0x1000597c                MXC_UART_Init
 .text.MXC_UART_GetFrequency
                0x10005a20       0x90 g:/MaximSDK/Libraries/PeriphDrivers/bin/MAX78000/softfp/libPeriphDriver_softfp.a(uart_ai85.o)
                0x10005a20                MXC_UART_GetFrequency
 .text.MXC_UART_SetFrequency
                0x10005ab0       0xc8 g:/MaximSDK/Libraries/PeriphDrivers/bin/MAX78000/softfp/libPeriphDriver_softfp.a(uart_ai85.o)
                0x10005ab0                MXC_UART_SetFrequency
 .text.MXC_UART_SetDataSize
                0x10005b78        0x8 g:/MaximSDK/Libraries/PeriphDrivers/bin/MAX78000/softfp/libPeriphDriver_softfp.a(uart_ai85.o)
                0x10005b78                MXC_UART_SetDataSize
 .text.MXC_UART_SetStopBits
                0x10005b80        0x8 g:/MaximSDK/Libraries/PeriphDrivers/bin/MAX78000/softfp/libPeriphDriver_softfp.a(uart_ai85.o)
                0x10005b80                MXC_UART_SetStopBits
 .text.MXC_UART_SetParity
                0x10005b88        0x8 g:/MaximSDK/Libraries/PeriphDrivers/bin/MAX78000/softfp/libPeriphDriver_softfp.a(uart_ai85.o)
                0x10005b88                MXC_UART_SetParity
 .text.MXC_UART_ReadCharacterRaw
                0x10005b90        0x8 g:/MaximSDK/Libraries/PeriphDrivers/bin/MAX78000/softfp/libPeriphDriver_softfp.a(uart_ai85.o)
                0x10005b90                MXC_UART_ReadCharacterRaw
 .text.MXC_UART_WriteCharacterRaw
                0x10005b98        0x8 g:/MaximSDK/Libraries/PeriphDrivers/bin/MAX78000/softfp/libPeriphDriver_softfp.a(uart_ai85.o)
                0x10005b98                MXC_UART_WriteCharacterRaw
 .text.MXC_UART_ReadCharacter
                0x10005ba0        0x8 g:/MaximSDK/Libraries/PeriphDrivers/bin/MAX78000/softfp/libPeriphDriver_softfp.a(uart_ai85.o)
                0x10005ba0                MXC_UART_ReadCharacter
 .text.MXC_UART_WriteCharacter
                0x10005ba8        0x8 g:/MaximSDK/Libraries/PeriphDrivers/bin/MAX78000/softfp/libPeriphDriver_softfp.a(uart_ai85.o)
                0x10005ba8                MXC_UART_WriteCharacter
 .text.MXC_UART_GetRXFIFOAvailable
                0x10005bb0        0x8 g:/MaximSDK/Libraries/PeriphDrivers/bin/MAX78000/softfp/libPeriphDriver_softfp.a(uart_ai85.o)
                0x10005bb0                MXC_UART_GetRXFIFOAvailable
 .text.MXC_UART_GetTXFIFOAvailable
                0x10005bb8        0x8 g:/MaximSDK/Libraries/PeriphDrivers/bin/MAX78000/softfp/libPeriphDriver_softfp.a(uart_ai85.o)
                0x10005bb8                MXC_UART_GetTXFIFOAvailable
 .text.MXC_UART_SetRXThreshold
                0x10005bc0        0x8 g:/MaximSDK/Libraries/PeriphDrivers/bin/MAX78000/softfp/libPeriphDriver_softfp.a(uart_ai85.o)
                0x10005bc0                MXC_UART_SetRXThreshold
 .text.MXC_UART_Common_ReadCharacter
                0x10005bc8       0x16 g:/MaximSDK/Libraries/PeriphDrivers/bin/MAX78000/softfp/libPeriphDriver_softfp.a(uart_common.o)
                0x10005bc8                MXC_UART_Common_ReadCharacter
 .text.MXC_UART_Common_WriteCharacter
                0x10005bde       0x1a g:/MaximSDK/Libraries/PeriphDrivers/bin/MAX78000/softfp/libPeriphDriver_softfp.a(uart_common.o)
                0x10005bde                MXC_UART_Common_WriteCharacter
 .text.MXC_UART_RevB_Init
                0x10005bf8       0x7c g:/MaximSDK/Libraries/PeriphDrivers/bin/MAX78000/softfp/libPeriphDriver_softfp.a(uart_revb.o)
                0x10005bf8                MXC_UART_RevB_Init
 .text.MXC_UART_RevB_SetFrequency
                0x10005c74       0xa4 g:/MaximSDK/Libraries/PeriphDrivers/bin/MAX78000/softfp/libPeriphDriver_softfp.a(uart_revb.o)
                0x10005c74                MXC_UART_RevB_SetFrequency
 .text.MXC_UART_RevB_GetFrequency
                0x10005d18       0x80 g:/MaximSDK/Libraries/PeriphDrivers/bin/MAX78000/softfp/libPeriphDriver_softfp.a(uart_revb.o)
                0x10005d18                MXC_UART_RevB_GetFrequency
 .text.MXC_UART_RevB_SetDataSize
                0x10005d98       0x48 g:/MaximSDK/Libraries/PeriphDrivers/bin/MAX78000/softfp/libPeriphDriver_softfp.a(uart_revb.o)
                0x10005d98                MXC_UART_RevB_SetDataSize
 .text.MXC_UART_RevB_SetStopBits
                0x10005de0       0x4c g:/MaximSDK/Libraries/PeriphDrivers/bin/MAX78000/softfp/libPeriphDriver_softfp.a(uart_revb.o)
                0x10005de0                MXC_UART_RevB_SetStopBits
 .text.MXC_UART_RevB_SetParity
                0x10005e2c       0xb8 g:/MaximSDK/Libraries/PeriphDrivers/bin/MAX78000/softfp/libPeriphDriver_softfp.a(uart_revb.o)
                0x10005e2c                MXC_UART_RevB_SetParity
 .text.MXC_UART_RevB_ReadCharacterRaw
                0x10005ee4       0x3c g:/MaximSDK/Libraries/PeriphDrivers/bin/MAX78000/softfp/libPeriphDriver_softfp.a(uart_revb.o)
                0x10005ee4                MXC_UART_RevB_ReadCharacterRaw
 .text.MXC_UART_RevB_WriteCharacterRaw
                0x10005f20       0x3c g:/MaximSDK/Libraries/PeriphDrivers/bin/MAX78000/softfp/libPeriphDriver_softfp.a(uart_revb.o)
                0x10005f20                MXC_UART_RevB_WriteCharacterRaw
 .text.MXC_UART_RevB_GetRXFIFOAvailable
                0x10005f5c        0x8 g:/MaximSDK/Libraries/PeriphDrivers/bin/MAX78000/softfp/libPeriphDriver_softfp.a(uart_revb.o)
                0x10005f5c                MXC_UART_RevB_GetRXFIFOAvailable
 .text.MXC_UART_RevB_GetTXFIFOAvailable
                0x10005f64        0xc g:/MaximSDK/Libraries/PeriphDrivers/bin/MAX78000/softfp/libPeriphDriver_softfp.a(uart_revb.o)
                0x10005f64                MXC_UART_RevB_GetTXFIFOAvailable
 .text.MXC_UART_RevB_SetRXThreshold
                0x10005f70       0x48 g:/MaximSDK/Libraries/PeriphDrivers/bin/MAX78000/softfp/libPeriphDriver_softfp.a(uart_revb.o)
                0x10005f70                MXC_UART_RevB_SetRXThreshold
 .text.MXC_GetLock
                0x10005fb8       0x1c g:/MaximSDK/Libraries/PeriphDrivers/bin/MAX78000/softfp/libPeriphDriver_softfp.a(mxc_lock.o)
                0x10005fb8                MXC_GetLock
 .text.MXC_FreeLock
                0x10005fd4        0xa g:/MaximSDK/Libraries/PeriphDrivers/bin/MAX78000/softfp/libPeriphDriver_softfp.a(mxc_lock.o)
                0x10005fd4                MXC_FreeLock
 *fill*         0x10005fde        0x2 
 .text.MXC_GPIO_Common_Init
                0x10005fe0       0x38 g:/MaximSDK/Libraries/PeriphDrivers/bin/MAX78000/softfp/libPeriphDriver_softfp.a(gpio_common.o)
                0x10005fe0                MXC_GPIO_Common_Init
 .text.MXC_GPIO_Common_RegisterCallback
                0x10006018       0xac g:/MaximSDK/Libraries/PeriphDrivers/bin/MAX78000/softfp/libPeriphDriver_softfp.a(gpio_common.o)
                0x10006018                MXC_GPIO_Common_RegisterCallback
 .text.MXC_GPIO_Common_Handler
                0x100060c4       0x8c g:/MaximSDK/Libraries/PeriphDrivers/bin/MAX78000/softfp/libPeriphDriver_softfp.a(gpio_common.o)
                0x100060c4                MXC_GPIO_Common_Handler
 .text.MXC_TMR_Common_TO_Stop
                0x10006150       0x12 g:/MaximSDK/Libraries/PeriphDrivers/bin/MAX78000/softfp/libPeriphDriver_softfp.a(tmr_common.o)
                0x10006150                MXC_TMR_Common_TO_Stop
 .text.MXC_TMR_Common_SW_Start
                0x10006162        0xc g:/MaximSDK/Libraries/PeriphDrivers/bin/MAX78000/softfp/libPeriphDriver_softfp.a(tmr_common.o)
                0x10006162                MXC_TMR_Common_SW_Start
 .text.MXC_TMR_Common_SW_Stop
                0x1000616e       0x14 g:/MaximSDK/Libraries/PeriphDrivers/bin/MAX78000/softfp/libPeriphDriver_softfp.a(tmr_common.o)
                0x1000616e                MXC_TMR_Common_SW_Stop
 *fill*         0x10006182        0x2 
 .text.MXC_TMR_Common_TO_Elapsed
                0x10006184       0x50 g:/MaximSDK/Libraries/PeriphDrivers/bin/MAX78000/softfp/libPeriphDriver_softfp.a(tmr_common.o)
                0x10006184                MXC_TMR_Common_TO_Elapsed
 .text.__errno  0x100061d4        0xc g:/maximsdk/tools/gnutools/bin/../lib/gcc/arm-none-eabi/9.2.1/../../../../arm-none-eabi/lib/thumb/v7e-m+fp/softfp\libc.a(lib_a-errno.o)
                0x100061d4                __errno
 .text.__libc_init_array
                0x100061e0       0x48 g:/maximsdk/tools/gnutools/bin/../lib/gcc/arm-none-eabi/9.2.1/../../../../arm-none-eabi/lib/thumb/v7e-m+fp/softfp\libc.a(lib_a-init.o)
                0x100061e0                __libc_init_array
 .text._malloc_r
                0x10006228      0x574 g:/maximsdk/tools/gnutools/bin/../lib/gcc/arm-none-eabi/9.2.1/../../../../arm-none-eabi/lib/thumb/v7e-m+fp/softfp\libc.a(lib_a-mallocr.o)
                0x10006228                _malloc_r
 .text          0x1000679c      0x134 g:/maximsdk/tools/gnutools/bin/../lib/gcc/arm-none-eabi/9.2.1/../../../../arm-none-eabi/lib/thumb/v7e-m+fp/softfp\libc.a(lib_a-memcpy.o)
                0x1000679c                memcpy
 .text.memset   0x100068d0       0xa0 g:/maximsdk/tools/gnutools/bin/../lib/gcc/arm-none-eabi/9.2.1/../../../../arm-none-eabi/lib/thumb/v7e-m+fp/softfp\libc.a(lib_a-memset.o)
                0x100068d0                memset
 .text.__malloc_lock
                0x10006970        0xc g:/maximsdk/tools/gnutools/bin/../lib/gcc/arm-none-eabi/9.2.1/../../../../arm-none-eabi/lib/thumb/v7e-m+fp/softfp\libc.a(lib_a-mlock.o)
                0x10006970                __malloc_lock
 .text.__malloc_unlock
                0x1000697c        0xc g:/maximsdk/tools/gnutools/bin/../lib/gcc/arm-none-eabi/9.2.1/../../../../arm-none-eabi/lib/thumb/v7e-m+fp/softfp\libc.a(lib_a-mlock.o)
                0x1000697c                __malloc_unlock
 .text.printf   0x10006988       0x28 g:/maximsdk/tools/gnutools/bin/../lib/gcc/arm-none-eabi/9.2.1/../../../../arm-none-eabi/lib/thumb/v7e-m+fp/softfp\libc.a(lib_a-printf.o)
                0x10006988                printf
 .text.putchar  0x100069b0       0x14 g:/maximsdk/tools/gnutools/bin/../lib/gcc/arm-none-eabi/9.2.1/../../../../arm-none-eabi/lib/thumb/v7e-m+fp/softfp\libc.a(lib_a-putchar.o)
                0x100069b0                putchar
 .text._sbrk_r  0x100069c4       0x24 g:/maximsdk/tools/gnutools/bin/../lib/gcc/arm-none-eabi/9.2.1/../../../../arm-none-eabi/lib/thumb/v7e-m+fp/softfp\libc.a(lib_a-sbrkr.o)
                0x100069c4                _sbrk_r
 *fill*         0x100069e8       0x18 
 .text          0x10006a00      0x2dc g:/maximsdk/tools/gnutools/bin/../lib/gcc/arm-none-eabi/9.2.1/../../../../arm-none-eabi/lib/thumb/v7e-m+fp/softfp\libc.a(lib_a-strcmp.o)
                0x10006a08                strcmp
 *fill*         0x10006cdc        0x4 
 .text._vfprintf_r
                0x10006ce0     0x1bdc g:/maximsdk/tools/gnutools/bin/../lib/gcc/arm-none-eabi/9.2.1/../../../../arm-none-eabi/lib/thumb/v7e-m+fp/softfp\libc.a(lib_a-vfprintf.o)
                0x10006ce0                _vfprintf_r
 .text.__sbprintf
                0x100088bc       0x84 g:/maximsdk/tools/gnutools/bin/../lib/gcc/arm-none-eabi/9.2.1/../../../../arm-none-eabi/lib/thumb/v7e-m+fp/softfp\libc.a(lib_a-vfprintf.o)
 .text.__swsetup_r
                0x10008940       0xd0 g:/maximsdk/tools/gnutools/bin/../lib/gcc/arm-none-eabi/9.2.1/../../../../arm-none-eabi/lib/thumb/v7e-m+fp/softfp\libc.a(lib_a-wsetup.o)
                0x10008940                __swsetup_r
 .text.startup.register_fini
                0x10008a10       0x14 g:/maximsdk/tools/gnutools/bin/../lib/gcc/arm-none-eabi/9.2.1/../../../../arm-none-eabi/lib/thumb/v7e-m+fp/softfp\libc.a(lib_a-__call_atexit.o)
 .text.atexit   0x10008a24        0xc g:/maximsdk/tools/gnutools/bin/../lib/gcc/arm-none-eabi/9.2.1/../../../../arm-none-eabi/lib/thumb/v7e-m+fp/softfp\libc.a(lib_a-atexit.o)
                0x10008a24                atexit
 .text.quorem   0x10008a30      0x11c g:/maximsdk/tools/gnutools/bin/../lib/gcc/arm-none-eabi/9.2.1/../../../../arm-none-eabi/lib/thumb/v7e-m+fp/softfp\libc.a(lib_a-dtoa.o)
 *fill*         0x10008b4c        0x4 
 .text._dtoa_r  0x10008b50      0xeec g:/maximsdk/tools/gnutools/bin/../lib/gcc/arm-none-eabi/9.2.1/../../../../arm-none-eabi/lib/thumb/v7e-m+fp/softfp\libc.a(lib_a-dtoa.o)
                0x10008b50                _dtoa_r
 .text.__sflush_r
                0x10009a3c      0x130 g:/maximsdk/tools/gnutools/bin/../lib/gcc/arm-none-eabi/9.2.1/../../../../arm-none-eabi/lib/thumb/v7e-m+fp/softfp\libc.a(lib_a-fflush.o)
                0x10009a3c                __sflush_r
 .text._fflush_r
                0x10009b6c       0x5c g:/maximsdk/tools/gnutools/bin/../lib/gcc/arm-none-eabi/9.2.1/../../../../arm-none-eabi/lib/thumb/v7e-m+fp/softfp\libc.a(lib_a-fflush.o)
                0x10009b6c                _fflush_r
 .text.std      0x10009bc8       0x50 g:/maximsdk/tools/gnutools/bin/../lib/gcc/arm-none-eabi/9.2.1/../../../../arm-none-eabi/lib/thumb/v7e-m+fp/softfp\libc.a(lib_a-findfp.o)
 .text._cleanup_r
                0x10009c18        0xc g:/maximsdk/tools/gnutools/bin/../lib/gcc/arm-none-eabi/9.2.1/../../../../arm-none-eabi/lib/thumb/v7e-m+fp/softfp\libc.a(lib_a-findfp.o)
                0x10009c18                _cleanup_r
 .text.__sinit  0x10009c24       0x54 g:/maximsdk/tools/gnutools/bin/../lib/gcc/arm-none-eabi/9.2.1/../../../../arm-none-eabi/lib/thumb/v7e-m+fp/softfp\libc.a(lib_a-findfp.o)
                0x10009c24                __sinit
 .text.__sfp_lock_acquire
                0x10009c78        0xc g:/maximsdk/tools/gnutools/bin/../lib/gcc/arm-none-eabi/9.2.1/../../../../arm-none-eabi/lib/thumb/v7e-m+fp/softfp\libc.a(lib_a-findfp.o)
                0x10009c78                __sfp_lock_acquire
 .text.__sfp_lock_release
                0x10009c84        0xc g:/maximsdk/tools/gnutools/bin/../lib/gcc/arm-none-eabi/9.2.1/../../../../arm-none-eabi/lib/thumb/v7e-m+fp/softfp\libc.a(lib_a-findfp.o)
                0x10009c84                __sfp_lock_release
 .text.__libc_fini_array
                0x10009c90       0x2c g:/maximsdk/tools/gnutools/bin/../lib/gcc/arm-none-eabi/9.2.1/../../../../arm-none-eabi/lib/thumb/v7e-m+fp/softfp\libc.a(lib_a-fini.o)
                0x10009c90                __libc_fini_array
 .text._malloc_trim_r
                0x10009cbc       0xa0 g:/maximsdk/tools/gnutools/bin/../lib/gcc/arm-none-eabi/9.2.1/../../../../arm-none-eabi/lib/thumb/v7e-m+fp/softfp\libc.a(lib_a-freer.o)
                0x10009cbc                _malloc_trim_r
 .text._free_r  0x10009d5c      0x208 g:/maximsdk/tools/gnutools/bin/../lib/gcc/arm-none-eabi/9.2.1/../../../../arm-none-eabi/lib/thumb/v7e-m+fp/softfp\libc.a(lib_a-freer.o)
                0x10009d5c                _free_r
 .text._fwalk_reent
                0x10009f64       0x48 g:/maximsdk/tools/gnutools/bin/../lib/gcc/arm-none-eabi/9.2.1/../../../../arm-none-eabi/lib/thumb/v7e-m+fp/softfp\libc.a(lib_a-fwalk.o)
                0x10009f64                _fwalk_reent
 .text._localeconv_r
                0x10009fac        0x8 g:/maximsdk/tools/gnutools/bin/../lib/gcc/arm-none-eabi/9.2.1/../../../../arm-none-eabi/lib/thumb/v7e-m+fp/softfp\libc.a(lib_a-localeconv.o)
                0x10009fac                _localeconv_r
 .text.__retarget_lock_init_recursive
                0x10009fb4        0x4 g:/maximsdk/tools/gnutools/bin/../lib/gcc/arm-none-eabi/9.2.1/../../../../arm-none-eabi/lib/thumb/v7e-m+fp/softfp\libc.a(lib_a-lock.o)
                0x10009fb4                __retarget_lock_init_recursive
 .text.__retarget_lock_close_recursive
                0x10009fb8        0x4 g:/maximsdk/tools/gnutools/bin/../lib/gcc/arm-none-eabi/9.2.1/../../../../arm-none-eabi/lib/thumb/v7e-m+fp/softfp\libc.a(lib_a-lock.o)
                0x10009fb8                __retarget_lock_close_recursive
 .text.__retarget_lock_acquire_recursive
                0x10009fbc        0x4 g:/maximsdk/tools/gnutools/bin/../lib/gcc/arm-none-eabi/9.2.1/../../../../arm-none-eabi/lib/thumb/v7e-m+fp/softfp\libc.a(lib_a-lock.o)
                0x10009fbc                __retarget_lock_acquire_recursive
 .text.__retarget_lock_release_recursive
                0x10009fc0        0x4 g:/maximsdk/tools/gnutools/bin/../lib/gcc/arm-none-eabi/9.2.1/../../../../arm-none-eabi/lib/thumb/v7e-m+fp/softfp\libc.a(lib_a-lock.o)
                0x10009fc0                __retarget_lock_release_recursive
 .text.__swhatbuf_r
                0x10009fc4       0x5c g:/maximsdk/tools/gnutools/bin/../lib/gcc/arm-none-eabi/9.2.1/../../../../arm-none-eabi/lib/thumb/v7e-m+fp/softfp\libc.a(lib_a-makebuf.o)
                0x10009fc4                __swhatbuf_r
 .text.__smakebuf_r
                0x1000a020       0x98 g:/maximsdk/tools/gnutools/bin/../lib/gcc/arm-none-eabi/9.2.1/../../../../arm-none-eabi/lib/thumb/v7e-m+fp/softfp\libc.a(lib_a-makebuf.o)
                0x1000a020                __smakebuf_r
 *fill*         0x1000a0b8        0x8 
 .text          0x1000a0c0       0xa0 g:/maximsdk/tools/gnutools/bin/../lib/gcc/arm-none-eabi/9.2.1/../../../../arm-none-eabi/lib/thumb/v7e-m+fp/softfp\libc.a(lib_a-memchr.o)
                0x1000a0c0                memchr
 .text._Balloc  0x1000a160       0x4c g:/maximsdk/tools/gnutools/bin/../lib/gcc/arm-none-eabi/9.2.1/../../../../arm-none-eabi/lib/thumb/v7e-m+fp/softfp\libc.a(lib_a-mprec.o)
                0x1000a160                _Balloc
 .text._Bfree   0x1000a1ac       0x14 g:/maximsdk/tools/gnutools/bin/../lib/gcc/arm-none-eabi/9.2.1/../../../../arm-none-eabi/lib/thumb/v7e-m+fp/softfp\libc.a(lib_a-mprec.o)
                0x1000a1ac                _Bfree
 .text.__multadd
                0x1000a1c0       0x8c g:/maximsdk/tools/gnutools/bin/../lib/gcc/arm-none-eabi/9.2.1/../../../../arm-none-eabi/lib/thumb/v7e-m+fp/softfp\libc.a(lib_a-mprec.o)
                0x1000a1c0                __multadd
 .text.__hi0bits
                0x1000a24c       0x40 g:/maximsdk/tools/gnutools/bin/../lib/gcc/arm-none-eabi/9.2.1/../../../../arm-none-eabi/lib/thumb/v7e-m+fp/softfp\libc.a(lib_a-mprec.o)
                0x1000a24c                __hi0bits
 .text.__lo0bits
                0x1000a28c       0x60 g:/maximsdk/tools/gnutools/bin/../lib/gcc/arm-none-eabi/9.2.1/../../../../arm-none-eabi/lib/thumb/v7e-m+fp/softfp\libc.a(lib_a-mprec.o)
                0x1000a28c                __lo0bits
 .text.__i2b    0x1000a2ec       0x14 g:/maximsdk/tools/gnutools/bin/../lib/gcc/arm-none-eabi/9.2.1/../../../../arm-none-eabi/lib/thumb/v7e-m+fp/softfp\libc.a(lib_a-mprec.o)
                0x1000a2ec                __i2b
 .text.__multiply
                0x1000a300      0x144 g:/maximsdk/tools/gnutools/bin/../lib/gcc/arm-none-eabi/9.2.1/../../../../arm-none-eabi/lib/thumb/v7e-m+fp/softfp\libc.a(lib_a-mprec.o)
                0x1000a300                __multiply
 .text.__pow5mult
                0x1000a444       0xa0 g:/maximsdk/tools/gnutools/bin/../lib/gcc/arm-none-eabi/9.2.1/../../../../arm-none-eabi/lib/thumb/v7e-m+fp/softfp\libc.a(lib_a-mprec.o)
                0x1000a444                __pow5mult
 .text.__lshift
                0x1000a4e4       0xd4 g:/maximsdk/tools/gnutools/bin/../lib/gcc/arm-none-eabi/9.2.1/../../../../arm-none-eabi/lib/thumb/v7e-m+fp/softfp\libc.a(lib_a-mprec.o)
                0x1000a4e4                __lshift
 .text.__mcmp   0x1000a5b8       0x3c g:/maximsdk/tools/gnutools/bin/../lib/gcc/arm-none-eabi/9.2.1/../../../../arm-none-eabi/lib/thumb/v7e-m+fp/softfp\libc.a(lib_a-mprec.o)
                0x1000a5b8                __mcmp
 .text.__mdiff  0x1000a5f4      0x138 g:/maximsdk/tools/gnutools/bin/../lib/gcc/arm-none-eabi/9.2.1/../../../../arm-none-eabi/lib/thumb/v7e-m+fp/softfp\libc.a(lib_a-mprec.o)
                0x1000a5f4                __mdiff
 .text.__d2b    0x1000a72c       0xbc g:/maximsdk/tools/gnutools/bin/../lib/gcc/arm-none-eabi/9.2.1/../../../../arm-none-eabi/lib/thumb/v7e-m+fp/softfp\libc.a(lib_a-mprec.o)
                0x1000a72c                __d2b
 .text._putc_r  0x1000a7e8       0x74 g:/maximsdk/tools/gnutools/bin/../lib/gcc/arm-none-eabi/9.2.1/../../../../arm-none-eabi/lib/thumb/v7e-m+fp/softfp\libc.a(lib_a-putc.o)
                0x1000a7e8                _putc_r
 .text.frexp    0x1000a85c       0x70 g:/maximsdk/tools/gnutools/bin/../lib/gcc/arm-none-eabi/9.2.1/../../../../arm-none-eabi/lib/thumb/v7e-m+fp/softfp\libc.a(lib_a-s_frexp.o)
                0x1000a85c                frexp
 .text.__sread  0x1000a8cc       0x24 g:/maximsdk/tools/gnutools/bin/../lib/gcc/arm-none-eabi/9.2.1/../../../../arm-none-eabi/lib/thumb/v7e-m+fp/softfp\libc.a(lib_a-stdio.o)
                0x1000a8cc                __sread
 .text.__swrite
                0x1000a8f0       0x40 g:/maximsdk/tools/gnutools/bin/../lib/gcc/arm-none-eabi/9.2.1/../../../../arm-none-eabi/lib/thumb/v7e-m+fp/softfp\libc.a(lib_a-stdio.o)
                0x1000a8f0                __swrite
 .text.__sseek  0x1000a930       0x20 g:/maximsdk/tools/gnutools/bin/../lib/gcc/arm-none-eabi/9.2.1/../../../../arm-none-eabi/lib/thumb/v7e-m+fp/softfp\libc.a(lib_a-stdio.o)
                0x1000a930                __sseek
 .text.__sclose
                0x1000a950        0x8 g:/maximsdk/tools/gnutools/bin/../lib/gcc/arm-none-eabi/9.2.1/../../../../arm-none-eabi/lib/thumb/v7e-m+fp/softfp\libc.a(lib_a-stdio.o)
                0x1000a950                __sclose
 *fill*         0x1000a958       0x28 
 .text          0x1000a980       0xdc g:/maximsdk/tools/gnutools/bin/../lib/gcc/arm-none-eabi/9.2.1/../../../../arm-none-eabi/lib/thumb/v7e-m+fp/softfp\libc.a(lib_a-strlen.o)
                0x1000a980                strlen
 .text.strncpy  0x1000aa5c       0x68 g:/maximsdk/tools/gnutools/bin/../lib/gcc/arm-none-eabi/9.2.1/../../../../arm-none-eabi/lib/thumb/v7e-m+fp/softfp\libc.a(lib_a-strncpy.o)
                0x1000aa5c                strncpy
 .text.__sprint_r.part.0
                0x1000aac4       0x78 g:/maximsdk/tools/gnutools/bin/../lib/gcc/arm-none-eabi/9.2.1/../../../../arm-none-eabi/lib/thumb/v7e-m+fp/softfp\libc.a(lib_a-vfiprintf.o)
 .text.__sprint_r
                0x1000ab3c       0x18 g:/maximsdk/tools/gnutools/bin/../lib/gcc/arm-none-eabi/9.2.1/../../../../arm-none-eabi/lib/thumb/v7e-m+fp/softfp\libc.a(lib_a-vfiprintf.o)
                0x1000ab3c                __sprint_r
 .text.__swbuf_r
                0x1000ab54       0xb0 g:/maximsdk/tools/gnutools/bin/../lib/gcc/arm-none-eabi/9.2.1/../../../../arm-none-eabi/lib/thumb/v7e-m+fp/softfp\libc.a(lib_a-wbuf.o)
                0x1000ab54                __swbuf_r
 .text._write_r
                0x1000ac04       0x2c g:/maximsdk/tools/gnutools/bin/../lib/gcc/arm-none-eabi/9.2.1/../../../../arm-none-eabi/lib/thumb/v7e-m+fp/softfp\libc.a(lib_a-writer.o)
                0x1000ac04                _write_r
 .text.__register_exitproc
                0x1000ac30       0x8c g:/maximsdk/tools/gnutools/bin/../lib/gcc/arm-none-eabi/9.2.1/../../../../arm-none-eabi/lib/thumb/v7e-m+fp/softfp\libc.a(lib_a-__atexit.o)
                0x1000ac30                __register_exitproc
 .text._calloc_r
                0x1000acbc       0x60 g:/maximsdk/tools/gnutools/bin/../lib/gcc/arm-none-eabi/9.2.1/../../../../arm-none-eabi/lib/thumb/v7e-m+fp/softfp\libc.a(lib_a-callocr.o)
                0x1000acbc                _calloc_r
 .text._close_r
                0x1000ad1c       0x24 g:/maximsdk/tools/gnutools/bin/../lib/gcc/arm-none-eabi/9.2.1/../../../../arm-none-eabi/lib/thumb/v7e-m+fp/softfp\libc.a(lib_a-closer.o)
                0x1000ad1c                _close_r
 .text._fclose_r
                0x1000ad40       0xcc g:/maximsdk/tools/gnutools/bin/../lib/gcc/arm-none-eabi/9.2.1/../../../../arm-none-eabi/lib/thumb/v7e-m+fp/softfp\libc.a(lib_a-fclose.o)
                0x1000ad40                _fclose_r
 .text.__fputwc
                0x1000ae0c       0xa8 g:/maximsdk/tools/gnutools/bin/../lib/gcc/arm-none-eabi/9.2.1/../../../../arm-none-eabi/lib/thumb/v7e-m+fp/softfp\libc.a(lib_a-fputwc.o)
                0x1000ae0c                __fputwc
 .text._fputwc_r
                0x1000aeb4       0x68 g:/maximsdk/tools/gnutools/bin/../lib/gcc/arm-none-eabi/9.2.1/../../../../arm-none-eabi/lib/thumb/v7e-m+fp/softfp\libc.a(lib_a-fputwc.o)
                0x1000aeb4                _fputwc_r
 .text._fstat_r
                0x1000af1c       0x2c g:/maximsdk/tools/gnutools/bin/../lib/gcc/arm-none-eabi/9.2.1/../../../../arm-none-eabi/lib/thumb/v7e-m+fp/softfp\libc.a(lib_a-fstatr.o)
                0x1000af1c                _fstat_r
 .text.__sfvwrite_r
                0x1000af48      0x2e0 g:/maximsdk/tools/gnutools/bin/../lib/gcc/arm-none-eabi/9.2.1/../../../../arm-none-eabi/lib/thumb/v7e-m+fp/softfp\libc.a(lib_a-fvwrite.o)
                0x1000af48                __sfvwrite_r
 .text._isatty_r
                0x1000b228       0x24 g:/maximsdk/tools/gnutools/bin/../lib/gcc/arm-none-eabi/9.2.1/../../../../arm-none-eabi/lib/thumb/v7e-m+fp/softfp\libc.a(lib_a-isattyr.o)
                0x1000b228                _isatty_r
 .text.__locale_mb_cur_max
                0x1000b24c        0xc g:/maximsdk/tools/gnutools/bin/../lib/gcc/arm-none-eabi/9.2.1/../../../../arm-none-eabi/lib/thumb/v7e-m+fp/softfp\libc.a(lib_a-locale.o)
                0x1000b24c                __locale_mb_cur_max
 .text._lseek_r
                0x1000b258       0x2c g:/maximsdk/tools/gnutools/bin/../lib/gcc/arm-none-eabi/9.2.1/../../../../arm-none-eabi/lib/thumb/v7e-m+fp/softfp\libc.a(lib_a-lseekr.o)
                0x1000b258                _lseek_r
 .text.__ascii_mbtowc
                0x1000b284       0x2c g:/maximsdk/tools/gnutools/bin/../lib/gcc/arm-none-eabi/9.2.1/../../../../arm-none-eabi/lib/thumb/v7e-m+fp/softfp\libc.a(lib_a-mbtowc_r.o)
                0x1000b284                __ascii_mbtowc
 .text.memmove  0x1000b2b0       0xd8 g:/maximsdk/tools/gnutools/bin/../lib/gcc/arm-none-eabi/9.2.1/../../../../arm-none-eabi/lib/thumb/v7e-m+fp/softfp\libc.a(lib_a-memmove.o)
                0x1000b2b0                memmove
 .text._read_r  0x1000b388       0x2c g:/maximsdk/tools/gnutools/bin/../lib/gcc/arm-none-eabi/9.2.1/../../../../arm-none-eabi/lib/thumb/v7e-m+fp/softfp\libc.a(lib_a-readr.o)
                0x1000b388                _read_r
 .text._realloc_r
                0x1000b3b4      0x3e0 g:/maximsdk/tools/gnutools/bin/../lib/gcc/arm-none-eabi/9.2.1/../../../../arm-none-eabi/lib/thumb/v7e-m+fp/softfp\libc.a(lib_a-reallocr.o)
                0x1000b3b4                _realloc_r
 .text._wcrtomb_r
                0x1000b794       0x3c g:/maximsdk/tools/gnutools/bin/../lib/gcc/arm-none-eabi/9.2.1/../../../../arm-none-eabi/lib/thumb/v7e-m+fp/softfp\libc.a(lib_a-wcrtomb.o)
                0x1000b794                _wcrtomb_r
 .text.__ascii_wctomb
                0x1000b7d0       0x1c g:/maximsdk/tools/gnutools/bin/../lib/gcc/arm-none-eabi/9.2.1/../../../../arm-none-eabi/lib/thumb/v7e-m+fp/softfp\libc.a(lib_a-wctomb_r.o)
                0x1000b7d0                __ascii_wctomb
 .text          0x1000b7ec      0x378 g:/maximsdk/tools/gnutools/bin/../lib/gcc/arm-none-eabi/9.2.1/thumb/v7e-m+fp/softfp\libgcc.a(_arm_addsubdf3.o)
                0x1000b7ec                __aeabi_drsub
                0x1000b7f4                __aeabi_dsub
                0x1000b7f4                __subdf3
                0x1000b7f8                __aeabi_dadd
                0x1000b7f8                __adddf3
                0x1000ba70                __floatunsidf
                0x1000ba70                __aeabi_ui2d
                0x1000ba90                __floatsidf
                0x1000ba90                __aeabi_i2d
                0x1000bab4                __aeabi_f2d
                0x1000bab4                __extendsfdf2
                0x1000baf8                __floatundidf
                0x1000baf8                __aeabi_ul2d
                0x1000bb08                __floatdidf
                0x1000bb08                __aeabi_l2d
 .text          0x1000bb64      0x424 g:/maximsdk/tools/gnutools/bin/../lib/gcc/arm-none-eabi/9.2.1/thumb/v7e-m+fp/softfp\libgcc.a(_arm_muldivdf3.o)
                0x1000bb64                __aeabi_dmul
                0x1000bb64                __muldf3
                0x1000bdb8                __divdf3
                0x1000bdb8                __aeabi_ddiv
 .text          0x1000bf88      0x110 g:/maximsdk/tools/gnutools/bin/../lib/gcc/arm-none-eabi/9.2.1/thumb/v7e-m+fp/softfp\libgcc.a(_arm_cmpdf2.o)
                0x1000bf88                __gtdf2
                0x1000bf88                __gedf2
                0x1000bf90                __ltdf2
                0x1000bf90                __ledf2
                0x1000bf98                __nedf2
                0x1000bf98                __eqdf2
                0x1000bf98                __cmpdf2
                0x1000c014                __aeabi_cdrcmple
                0x1000c024                __aeabi_cdcmpeq
                0x1000c024                __aeabi_cdcmple
                0x1000c034                __aeabi_dcmpeq
                0x1000c048                __aeabi_dcmplt
                0x1000c05c                __aeabi_dcmple
                0x1000c070                __aeabi_dcmpge
                0x1000c084                __aeabi_dcmpgt
 .text          0x1000c098       0x2c g:/maximsdk/tools/gnutools/bin/../lib/gcc/arm-none-eabi/9.2.1/thumb/v7e-m+fp/softfp\libgcc.a(_arm_unorddf2.o)
                0x1000c098                __unorddf2
                0x1000c098                __aeabi_dcmpun
 .text          0x1000c0c4       0x50 g:/maximsdk/tools/gnutools/bin/../lib/gcc/arm-none-eabi/9.2.1/thumb/v7e-m+fp/softfp\libgcc.a(_arm_fixdfsi.o)
                0x1000c0c4                __aeabi_d2iz
                0x1000c0c4                __fixdfsi
 .text          0x1000c114       0xa0 g:/maximsdk/tools/gnutools/bin/../lib/gcc/arm-none-eabi/9.2.1/thumb/v7e-m+fp/softfp\libgcc.a(_arm_truncdfsf2.o)
                0x1000c114                __truncdfsf2
                0x1000c114                __aeabi_d2f
 .text          0x1000c1b4       0xa0 g:/maximsdk/tools/gnutools/bin/../lib/gcc/arm-none-eabi/9.2.1/thumb/v7e-m+fp/softfp\libgcc.a(_aeabi_ldivmod.o)
                0x1000c1b4                __aeabi_ldivmod
 .text          0x1000c254       0x30 g:/maximsdk/tools/gnutools/bin/../lib/gcc/arm-none-eabi/9.2.1/thumb/v7e-m+fp/softfp\libgcc.a(_aeabi_uldivmod.o)
                0x1000c254                __aeabi_uldivmod
 .text          0x1000c284      0x2c4 g:/maximsdk/tools/gnutools/bin/../lib/gcc/arm-none-eabi/9.2.1/thumb/v7e-m+fp/softfp\libgcc.a(_udivmoddi4.o)
                0x1000c284                __udivmoddi4
 .text          0x1000c548        0x4 g:/maximsdk/tools/gnutools/bin/../lib/gcc/arm-none-eabi/9.2.1/thumb/v7e-m+fp/softfp\libgcc.a(_dvmd_tls.o)
                0x1000c548                __aeabi_idiv0
                0x1000c548                __aeabi_ldiv0
 *(.rodata*)
 .rodata.fail.str1.4
                0x1000c54c       0x1b g:/MaximSDK/Examples/CubeCamera/maxrefdes178_max78000_audio/build/max78000_audio_main.o
 *fill*         0x1000c567        0x1 
 .rodata.AddTranspose.constprop.1.str1.4
                0x1000c568       0x22 g:/MaximSDK/Examples/CubeCamera/maxrefdes178_max78000_audio/build/max78000_audio_main.o
 *fill*         0x1000c58a        0x2 
 .rodata.main.str1.4
                0x1000c58c      0x350 g:/MaximSDK/Examples/CubeCamera/maxrefdes178_max78000_audio/build/max78000_audio_main.o
 .rodata.gpio_audio_osc
                0x1000c8dc        0xc g:/MaximSDK/Examples/CubeCamera/maxrefdes178_max78000_audio/build/max78000_audio_main.o
 .rodata.gpio_blue
                0x1000c8e8        0xc g:/MaximSDK/Examples/CubeCamera/maxrefdes178_max78000_audio/build/max78000_audio_main.o
 .rodata.gpio_cnn_boost
                0x1000c8f4        0xc g:/MaximSDK/Examples/CubeCamera/maxrefdes178_max78000_audio/build/max78000_audio_main.o
 .rodata.gpio_debug_sel
                0x1000c900        0xc g:/MaximSDK/Examples/CubeCamera/maxrefdes178_max78000_audio/build/max78000_audio_main.o
 .rodata.gpio_exp_out1
                0x1000c90c        0xc g:/MaximSDK/Examples/CubeCamera/maxrefdes178_max78000_audio/build/max78000_audio_main.o
 .rodata.gpio_exp_out2
                0x1000c918        0xc g:/MaximSDK/Examples/CubeCamera/maxrefdes178_max78000_audio/build/max78000_audio_main.o
 .rodata.gpio_green
                0x1000c924        0xc g:/MaximSDK/Examples/CubeCamera/maxrefdes178_max78000_audio/build/max78000_audio_main.o
 .rodata.gpio_i2c
                0x1000c930        0xc g:/MaximSDK/Examples/CubeCamera/maxrefdes178_max78000_audio/build/max78000_audio_main.o
 .rodata.gpio_mic_en
                0x1000c93c        0xc g:/MaximSDK/Examples/CubeCamera/maxrefdes178_max78000_audio/build/max78000_audio_main.o
 .rodata.gpio_mic_sel
                0x1000c948        0xc g:/MaximSDK/Examples/CubeCamera/maxrefdes178_max78000_audio/build/max78000_audio_main.o
 .rodata.gpio_red
                0x1000c954        0xc g:/MaximSDK/Examples/CubeCamera/maxrefdes178_max78000_audio/build/max78000_audio_main.o
 .rodata.gpio_sram_cs
                0x1000c960        0xc g:/MaximSDK/Examples/CubeCamera/maxrefdes178_max78000_audio/build/max78000_audio_main.o
 .rodata.gpio_video_int
                0x1000c96c        0xc g:/MaximSDK/Examples/CubeCamera/maxrefdes178_max78000_audio/build/max78000_audio_main.o
 .rodata.keywords
                0x1000c978       0xd2 g:/MaximSDK/Examples/CubeCamera/maxrefdes178_max78000_audio/build/max78000_audio_main.o
 *fill*         0x1000ca4a        0x2 
 .rodata.kernels_0
                0x1000ca4c      0xd28 g:/MaximSDK/Examples/CubeCamera/maxrefdes178_max78000_audio/build/max78000_audio_cnn.o
 .rodata.kernels_1
                0x1000d774      0xd28 g:/MaximSDK/Examples/CubeCamera/maxrefdes178_max78000_audio/build/max78000_audio_cnn.o
 .rodata.kernels_10
                0x1000e49c      0xd28 g:/MaximSDK/Examples/CubeCamera/maxrefdes178_max78000_audio/build/max78000_audio_cnn.o
 .rodata.kernels_11
                0x1000f1c4      0xd28 g:/MaximSDK/Examples/CubeCamera/maxrefdes178_max78000_audio/build/max78000_audio_cnn.o
 .rodata.kernels_12
                0x1000feec      0xd28 g:/MaximSDK/Examples/CubeCamera/maxrefdes178_max78000_audio/build/max78000_audio_cnn.o
 .rodata.kernels_13
                0x10010c14      0xd28 g:/MaximSDK/Examples/CubeCamera/maxrefdes178_max78000_audio/build/max78000_audio_cnn.o
 .rodata.kernels_14
                0x1001193c      0xd28 g:/MaximSDK/Examples/CubeCamera/maxrefdes178_max78000_audio/build/max78000_audio_cnn.o
 .rodata.kernels_15
                0x10012664      0xd28 g:/MaximSDK/Examples/CubeCamera/maxrefdes178_max78000_audio/build/max78000_audio_cnn.o
 .rodata.kernels_16
                0x1001338c      0xd28 g:/MaximSDK/Examples/CubeCamera/maxrefdes178_max78000_audio/build/max78000_audio_cnn.o
 .rodata.kernels_17
                0x100140b4      0xd28 g:/MaximSDK/Examples/CubeCamera/maxrefdes178_max78000_audio/build/max78000_audio_cnn.o
 .rodata.kernels_18
                0x10014ddc      0xd28 g:/MaximSDK/Examples/CubeCamera/maxrefdes178_max78000_audio/build/max78000_audio_cnn.o
 .rodata.kernels_19
                0x10015b04      0xd28 g:/MaximSDK/Examples/CubeCamera/maxrefdes178_max78000_audio/build/max78000_audio_cnn.o
 .rodata.kernels_2
                0x1001682c      0xd28 g:/MaximSDK/Examples/CubeCamera/maxrefdes178_max78000_audio/build/max78000_audio_cnn.o
 .rodata.kernels_20
                0x10017554      0xd28 g:/MaximSDK/Examples/CubeCamera/maxrefdes178_max78000_audio/build/max78000_audio_cnn.o
 .rodata.kernels_21
                0x1001827c      0xd28 g:/MaximSDK/Examples/CubeCamera/maxrefdes178_max78000_audio/build/max78000_audio_cnn.o
 .rodata.kernels_22
                0x10018fa4      0xd28 g:/MaximSDK/Examples/CubeCamera/maxrefdes178_max78000_audio/build/max78000_audio_cnn.o
 .rodata.kernels_23
                0x10019ccc      0xd28 g:/MaximSDK/Examples/CubeCamera/maxrefdes178_max78000_audio/build/max78000_audio_cnn.o
 .rodata.kernels_24
                0x1001a9f4      0xd28 g:/MaximSDK/Examples/CubeCamera/maxrefdes178_max78000_audio/build/max78000_audio_cnn.o
 .rodata.kernels_25
                0x1001b71c      0xd28 g:/MaximSDK/Examples/CubeCamera/maxrefdes178_max78000_audio/build/max78000_audio_cnn.o
 .rodata.kernels_26
                0x1001c444      0xd28 g:/MaximSDK/Examples/CubeCamera/maxrefdes178_max78000_audio/build/max78000_audio_cnn.o
 .rodata.kernels_27
                0x1001d16c      0xd28 g:/MaximSDK/Examples/CubeCamera/maxrefdes178_max78000_audio/build/max78000_audio_cnn.o
 .rodata.kernels_28
                0x1001de94      0xd28 g:/MaximSDK/Examples/CubeCamera/maxrefdes178_max78000_audio/build/max78000_audio_cnn.o
 .rodata.kernels_29
                0x1001ebbc      0xd28 g:/MaximSDK/Examples/CubeCamera/maxrefdes178_max78000_audio/build/max78000_audio_cnn.o
 .rodata.kernels_3
                0x1001f8e4      0xd28 g:/MaximSDK/Examples/CubeCamera/maxrefdes178_max78000_audio/build/max78000_audio_cnn.o
 .rodata.kernels_30
                0x1002060c      0xd28 g:/MaximSDK/Examples/CubeCamera/maxrefdes178_max78000_audio/build/max78000_audio_cnn.o
 .rodata.kernels_31
                0x10021334      0xd28 g:/MaximSDK/Examples/CubeCamera/maxrefdes178_max78000_audio/build/max78000_audio_cnn.o
 .rodata.kernels_32
                0x1002205c      0xd28 g:/MaximSDK/Examples/CubeCamera/maxrefdes178_max78000_audio/build/max78000_audio_cnn.o
 .rodata.kernels_33
                0x10022d84      0xd28 g:/MaximSDK/Examples/CubeCamera/maxrefdes178_max78000_audio/build/max78000_audio_cnn.o
 .rodata.kernels_34
                0x10023aac      0xd28 g:/MaximSDK/Examples/CubeCamera/maxrefdes178_max78000_audio/build/max78000_audio_cnn.o
 .rodata.kernels_35
                0x100247d4      0xd28 g:/MaximSDK/Examples/CubeCamera/maxrefdes178_max78000_audio/build/max78000_audio_cnn.o
 .rodata.kernels_36
                0x100254fc      0xd28 g:/MaximSDK/Examples/CubeCamera/maxrefdes178_max78000_audio/build/max78000_audio_cnn.o
 .rodata.kernels_37
                0x10026224      0xd28 g:/MaximSDK/Examples/CubeCamera/maxrefdes178_max78000_audio/build/max78000_audio_cnn.o
 .rodata.kernels_38
                0x10026f4c      0xd28 g:/MaximSDK/Examples/CubeCamera/maxrefdes178_max78000_audio/build/max78000_audio_cnn.o
 .rodata.kernels_39
                0x10027c74      0xd28 g:/MaximSDK/Examples/CubeCamera/maxrefdes178_max78000_audio/build/max78000_audio_cnn.o
 .rodata.kernels_4
                0x1002899c      0xd28 g:/MaximSDK/Examples/CubeCamera/maxrefdes178_max78000_audio/build/max78000_audio_cnn.o
 .rodata.kernels_40
                0x100296c4      0xd28 g:/MaximSDK/Examples/CubeCamera/maxrefdes178_max78000_audio/build/max78000_audio_cnn.o
 .rodata.kernels_41
                0x1002a3ec      0xd28 g:/MaximSDK/Examples/CubeCamera/maxrefdes178_max78000_audio/build/max78000_audio_cnn.o
 .rodata.kernels_42
                0x1002b114      0xd28 g:/MaximSDK/Examples/CubeCamera/maxrefdes178_max78000_audio/build/max78000_audio_cnn.o
 .rodata.kernels_43
                0x1002be3c      0xd28 g:/MaximSDK/Examples/CubeCamera/maxrefdes178_max78000_audio/build/max78000_audio_cnn.o
 .rodata.kernels_44
                0x1002cb64      0xd28 g:/MaximSDK/Examples/CubeCamera/maxrefdes178_max78000_audio/build/max78000_audio_cnn.o
 .rodata.kernels_45
                0x1002d88c      0xd28 g:/MaximSDK/Examples/CubeCamera/maxrefdes178_max78000_audio/build/max78000_audio_cnn.o
 .rodata.kernels_46
                0x1002e5b4      0xd28 g:/MaximSDK/Examples/CubeCamera/maxrefdes178_max78000_audio/build/max78000_audio_cnn.o
 .rodata.kernels_47
                0x1002f2dc      0xd28 g:/MaximSDK/Examples/CubeCamera/maxrefdes178_max78000_audio/build/max78000_audio_cnn.o
 .rodata.kernels_48
                0x10030004      0xd28 g:/MaximSDK/Examples/CubeCamera/maxrefdes178_max78000_audio/build/max78000_audio_cnn.o
 .rodata.kernels_49
                0x10030d2c      0xd28 g:/MaximSDK/Examples/CubeCamera/maxrefdes178_max78000_audio/build/max78000_audio_cnn.o
 .rodata.kernels_5
                0x10031a54      0xd28 g:/MaximSDK/Examples/CubeCamera/maxrefdes178_max78000_audio/build/max78000_audio_cnn.o
 .rodata.kernels_50
                0x1003277c      0xd28 g:/MaximSDK/Examples/CubeCamera/maxrefdes178_max78000_audio/build/max78000_audio_cnn.o
 .rodata.kernels_51
                0x100334a4      0xd28 g:/MaximSDK/Examples/CubeCamera/maxrefdes178_max78000_audio/build/max78000_audio_cnn.o
 .rodata.kernels_52
                0x100341cc      0xd28 g:/MaximSDK/Examples/CubeCamera/maxrefdes178_max78000_audio/build/max78000_audio_cnn.o
 .rodata.kernels_53
                0x10034ef4      0xd28 g:/MaximSDK/Examples/CubeCamera/maxrefdes178_max78000_audio/build/max78000_audio_cnn.o
 .rodata.kernels_54
                0x10035c1c      0xd28 g:/MaximSDK/Examples/CubeCamera/maxrefdes178_max78000_audio/build/max78000_audio_cnn.o
 .rodata.kernels_55
                0x10036944      0xd28 g:/MaximSDK/Examples/CubeCamera/maxrefdes178_max78000_audio/build/max78000_audio_cnn.o
 .rodata.kernels_56
                0x1003766c      0xd28 g:/MaximSDK/Examples/CubeCamera/maxrefdes178_max78000_audio/build/max78000_audio_cnn.o
 .rodata.kernels_57
                0x10038394      0xd28 g:/MaximSDK/Examples/CubeCamera/maxrefdes178_max78000_audio/build/max78000_audio_cnn.o
 .rodata.kernels_58
                0x100390bc      0xd28 g:/MaximSDK/Examples/CubeCamera/maxrefdes178_max78000_audio/build/max78000_audio_cnn.o
 .rodata.kernels_59
                0x10039de4      0xd28 g:/MaximSDK/Examples/CubeCamera/maxrefdes178_max78000_audio/build/max78000_audio_cnn.o
 .rodata.kernels_6
                0x1003ab0c      0xd28 g:/MaximSDK/Examples/CubeCamera/maxrefdes178_max78000_audio/build/max78000_audio_cnn.o
 .rodata.kernels_60
                0x1003b834      0xd28 g:/MaximSDK/Examples/CubeCamera/maxrefdes178_max78000_audio/build/max78000_audio_cnn.o
 .rodata.kernels_61
                0x1003c55c      0xd28 g:/MaximSDK/Examples/CubeCamera/maxrefdes178_max78000_audio/build/max78000_audio_cnn.o
 .rodata.kernels_62
                0x1003d284      0xd28 g:/MaximSDK/Examples/CubeCamera/maxrefdes178_max78000_audio/build/max78000_audio_cnn.o
 .rodata.kernels_63
                0x1003dfac      0xd28 g:/MaximSDK/Examples/CubeCamera/maxrefdes178_max78000_audio/build/max78000_audio_cnn.o
 .rodata.kernels_7
                0x1003ecd4      0xd28 g:/MaximSDK/Examples/CubeCamera/maxrefdes178_max78000_audio/build/max78000_audio_cnn.o
 .rodata.kernels_8
                0x1003f9fc      0xd28 g:/MaximSDK/Examples/CubeCamera/maxrefdes178_max78000_audio/build/max78000_audio_cnn.o
 .rodata.kernels_9
                0x10040724      0xd28 g:/MaximSDK/Examples/CubeCamera/maxrefdes178_max78000_audio/build/max78000_audio_cnn.o
 .rodata.qspi_slave_cs_handler.str1.4
                0x1004144c       0xcc g:/MaximSDK/Examples/CubeCamera/maxrefdes178_max78000_audio/build/max78000_qspi_slave.o
                                 0xf4 (size before relaxing)
 .rodata.DMA1_IRQHandler.str1.4
                0x10041518       0x3e g:/MaximSDK/Examples/CubeCamera/maxrefdes178_max78000_audio/build/max78000_qspi_slave.o
 *fill*         0x10041556        0x2 
 .rodata.qspi_slave_init.str1.4
                0x10041558       0x48 g:/MaximSDK/Examples/CubeCamera/maxrefdes178_max78000_audio/build/max78000_qspi_slave.o
 .rodata.qspi_slave_wait_rx.str1.4
                0x100415a0       0x2e g:/MaximSDK/Examples/CubeCamera/maxrefdes178_max78000_audio/build/max78000_qspi_slave.o
 *fill*         0x100415ce        0x2 
 .rodata.qspi_slave_send_packet.str1.4
                0x100415d0       0x5e g:/MaximSDK/Examples/CubeCamera/maxrefdes178_max78000_audio/build/max78000_qspi_slave.o
 *fill*         0x1004162e        0x2 
 .rodata.qspi_cs_pin
                0x10041630        0xc g:/MaximSDK/Examples/CubeCamera/maxrefdes178_max78000_audio/build/max78000_qspi_slave.o
 .rodata.qspi_int_pin
                0x1004163c        0xc g:/MaximSDK/Examples/CubeCamera/maxrefdes178_max78000_audio/build/max78000_qspi_slave.o
 .rodata.qspi_rw_pin
                0x10041648        0xc g:/MaximSDK/Examples/CubeCamera/maxrefdes178_max78000_audio/build/max78000_qspi_slave.o
 .rodata.mxc_assert.str1.4
                0x10041654       0x19 g:/MaximSDK/Examples/CubeCamera/maxrefdes178_max78000_audio/build/board.o
 *fill*         0x1004166d        0x3 
 .rodata.Board_Init.str1.4
                0x10041670       0x49 g:/MaximSDK/Examples/CubeCamera/maxrefdes178_max78000_audio/build/board.o
 *fill*         0x100416b9        0x3 
 .rodata.led_pin
                0x100416bc       0x24 g:/MaximSDK/Examples/CubeCamera/maxrefdes178_max78000_audio/build/board.o
                0x100416bc                led_pin
 .rodata.num_leds
                0x100416e0        0x4 g:/MaximSDK/Examples/CubeCamera/maxrefdes178_max78000_audio/build/board.o
                0x100416e0                num_leds
 .rodata.num_pbs
                0x100416e4        0x4 g:/MaximSDK/Examples/CubeCamera/maxrefdes178_max78000_audio/build/board.o
                0x100416e4                num_pbs
 .rodata.pb_pin
                0x100416e8        0xc g:/MaximSDK/Examples/CubeCamera/maxrefdes178_max78000_audio/build/board.o
                0x100416e8                pb_pin
 .rodata.PB_RegisterCallback.str1.4
                0x100416f4       0x51 g:/MaximSDK/Examples/CubeCamera/maxrefdes178_max78000_audio/build/pb.o
 *fill*         0x10041745        0x3 
 .rodata.gpio_cfg_i2c0
                0x10041748        0xc g:/MaximSDK/Libraries/PeriphDrivers/bin/MAX78000/softfp/libPeriphDriver_softfp.a(pins_ai85.o)
                0x10041748                gpio_cfg_i2c0
 .rodata.gpio_cfg_i2c1
                0x10041754        0xc g:/MaximSDK/Libraries/PeriphDrivers/bin/MAX78000/softfp/libPeriphDriver_softfp.a(pins_ai85.o)
                0x10041754                gpio_cfg_i2c1
 .rodata.gpio_cfg_i2c2
                0x10041760        0xc g:/MaximSDK/Libraries/PeriphDrivers/bin/MAX78000/softfp/libPeriphDriver_softfp.a(pins_ai85.o)
                0x10041760                gpio_cfg_i2c2
 .rodata.gpio_cfg_i2s0
                0x1004176c        0xc g:/MaximSDK/Libraries/PeriphDrivers/bin/MAX78000/softfp/libPeriphDriver_softfp.a(pins_ai85.o)
                0x1004176c                gpio_cfg_i2s0
 .rodata.gpio_cfg_i2s0_extclk
                0x10041778        0xc g:/MaximSDK/Libraries/PeriphDrivers/bin/MAX78000/softfp/libPeriphDriver_softfp.a(pins_ai85.o)
                0x10041778                gpio_cfg_i2s0_extclk
 .rodata.gpio_cfg_tmr0
                0x10041784        0xc g:/MaximSDK/Libraries/PeriphDrivers/bin/MAX78000/softfp/libPeriphDriver_softfp.a(pins_ai85.o)
                0x10041784                gpio_cfg_tmr0
 .rodata.gpio_cfg_tmr0b
                0x10041790        0xc g:/MaximSDK/Libraries/PeriphDrivers/bin/MAX78000/softfp/libPeriphDriver_softfp.a(pins_ai85.o)
                0x10041790                gpio_cfg_tmr0b
 .rodata.gpio_cfg_tmr1
                0x1004179c        0xc g:/MaximSDK/Libraries/PeriphDrivers/bin/MAX78000/softfp/libPeriphDriver_softfp.a(pins_ai85.o)
                0x1004179c                gpio_cfg_tmr1
 .rodata.gpio_cfg_tmr1b
                0x100417a8        0xc g:/MaximSDK/Libraries/PeriphDrivers/bin/MAX78000/softfp/libPeriphDriver_softfp.a(pins_ai85.o)
                0x100417a8                gpio_cfg_tmr1b
 .rodata.gpio_cfg_tmr2
                0x100417b4        0xc g:/MaximSDK/Libraries/PeriphDrivers/bin/MAX78000/softfp/libPeriphDriver_softfp.a(pins_ai85.o)
                0x100417b4                gpio_cfg_tmr2
 .rodata.gpio_cfg_tmr2b
                0x100417c0        0xc g:/MaximSDK/Libraries/PeriphDrivers/bin/MAX78000/softfp/libPeriphDriver_softfp.a(pins_ai85.o)
                0x100417c0                gpio_cfg_tmr2b
 .rodata.gpio_cfg_tmr3
                0x100417cc        0xc g:/MaximSDK/Libraries/PeriphDrivers/bin/MAX78000/softfp/libPeriphDriver_softfp.a(pins_ai85.o)
                0x100417cc                gpio_cfg_tmr3
 .rodata.gpio_cfg_tmr3b
                0x100417d8        0xc g:/MaximSDK/Libraries/PeriphDrivers/bin/MAX78000/softfp/libPeriphDriver_softfp.a(pins_ai85.o)
                0x100417d8                gpio_cfg_tmr3b
 .rodata.gpio_cfg_tmr4
                0x100417e4        0xc g:/MaximSDK/Libraries/PeriphDrivers/bin/MAX78000/softfp/libPeriphDriver_softfp.a(pins_ai85.o)
                0x100417e4                gpio_cfg_tmr4
 .rodata.gpio_cfg_tmr5
                0x100417f0        0xc g:/MaximSDK/Libraries/PeriphDrivers/bin/MAX78000/softfp/libPeriphDriver_softfp.a(pins_ai85.o)
                0x100417f0                gpio_cfg_tmr5
 .rodata.gpio_cfg_uart0