Archive member included to satisfy reference by file (symbol)

g:/MaximSDK/Libraries/PeriphDrivers/bin/MAX78000/softfp/libPeriphDriver_softfp.a(mxc_delay.o)
                              g:/MaximSDK/Examples/CubeCamera/maxrefdes178_max78000_video/build/max78000_video_main.o (MXC_Delay)
g:/MaximSDK/Libraries/PeriphDrivers/bin/MAX78000/softfp/libPeriphDriver_softfp.a(pins_ai85.o)
                              g:/MaximSDK/Examples/CubeCamera/maxrefdes178_max78000_video/build/camera.o (gpio_cfg_pcif_xclk)
g:/MaximSDK/Libraries/PeriphDrivers/bin/MAX78000/softfp/libPeriphDriver_softfp.a(sys_ai85.o)
                              g:/MaximSDK/Examples/CubeCamera/maxrefdes178_max78000_video/build/max78000_video_main.o (MXC_SYS_ClockDisable)
g:/MaximSDK/Libraries/PeriphDrivers/bin/MAX78000/softfp/libPeriphDriver_softfp.a(nvic_table.o)
                              g:/MaximSDK/Examples/CubeCamera/maxrefdes178_max78000_video/build/max78000_video_main.o (NVIC_SetVector)
g:/MaximSDK/Libraries/PeriphDrivers/bin/MAX78000/softfp/libPeriphDriver_softfp.a(cameraif_ai85.o)
                              g:/MaximSDK/Examples/CubeCamera/maxrefdes178_max78000_video/build/camera.o (MXC_PCIF_Init)
g:/MaximSDK/Libraries/PeriphDrivers/bin/MAX78000/softfp/libPeriphDriver_softfp.a(cameraif_reva.o)
                              g:/MaximSDK/Libraries/PeriphDrivers/bin/MAX78000/softfp/libPeriphDriver_softfp.a(cameraif_ai85.o) (MXC_PCIF_RevA_SetDatawidth)
g:/MaximSDK/Libraries/PeriphDrivers/bin/MAX78000/softfp/libPeriphDriver_softfp.a(dma_me17.o)
                              g:/MaximSDK/Examples/CubeCamera/maxrefdes178_max78000_video/build/max78000_video_main.o (MXC_DMA_Init)
g:/MaximSDK/Libraries/PeriphDrivers/bin/MAX78000/softfp/libPeriphDriver_softfp.a(dma_reva.o)
                              g:/MaximSDK/Libraries/PeriphDrivers/bin/MAX78000/softfp/libPeriphDriver_softfp.a(dma_me17.o) (MXC_DMA_RevA_Init)
g:/MaximSDK/Libraries/PeriphDrivers/bin/MAX78000/softfp/libPeriphDriver_softfp.a(gpio_ai85.o)
                              g:/MaximSDK/Examples/CubeCamera/maxrefdes178_max78000_video/build/max78000_video_main.o (MXC_GPIO_Config)
g:/MaximSDK/Libraries/PeriphDrivers/bin/MAX78000/softfp/libPeriphDriver_softfp.a(gpio_reva.o)
                              g:/MaximSDK/Libraries/PeriphDrivers/bin/MAX78000/softfp/libPeriphDriver_softfp.a(gpio_ai85.o) (MXC_GPIO_RevA_InGet)
g:/MaximSDK/Libraries/PeriphDrivers/bin/MAX78000/softfp/libPeriphDriver_softfp.a(icc_me17.o)
                              g:/MaximSDK/Examples/CubeCamera/maxrefdes178_max78000_video/build/max78000_video_main.o (MXC_ICC_Enable)
g:/MaximSDK/Libraries/PeriphDrivers/bin/MAX78000/softfp/libPeriphDriver_softfp.a(icc_reva.o)
                              g:/MaximSDK/Libraries/PeriphDrivers/bin/MAX78000/softfp/libPeriphDriver_softfp.a(icc_me17.o) (MXC_ICC_RevA_ID)
g:/MaximSDK/Libraries/PeriphDrivers/bin/MAX78000/softfp/libPeriphDriver_softfp.a(pt_me17.o)
                              g:/MaximSDK/Examples/CubeCamera/maxrefdes178_max78000_video/build/camera.o (MXC_PT_Init)
g:/MaximSDK/Libraries/PeriphDrivers/bin/MAX78000/softfp/libPeriphDriver_softfp.a(pt_reva.o)
                              g:/MaximSDK/Libraries/PeriphDrivers/bin/MAX78000/softfp/libPeriphDriver_softfp.a(pt_me17.o) (MXC_PT_RevA_Init)
g:/MaximSDK/Libraries/PeriphDrivers/bin/MAX78000/softfp/libPeriphDriver_softfp.a(rtc_me17.o)
                              g:/MaximSDK/Examples/CubeCamera/maxrefdes178_max78000_video/build/max78000_video_main.o (MXC_RTC_Start)
g:/MaximSDK/Libraries/PeriphDrivers/bin/MAX78000/softfp/libPeriphDriver_softfp.a(rtc_reva.o)
                              g:/MaximSDK/Libraries/PeriphDrivers/bin/MAX78000/softfp/libPeriphDriver_softfp.a(rtc_me17.o) (MXC_RTC_RevA_EnableInt)
g:/MaximSDK/Libraries/PeriphDrivers/bin/MAX78000/softfp/libPeriphDriver_softfp.a(spi_me17.o)
                              g:/MaximSDK/Examples/CubeCamera/maxrefdes178_max78000_video/build/max78000_qspi_slave.o (MXC_SPI_Init)
g:/MaximSDK/Libraries/PeriphDrivers/bin/MAX78000/softfp/libPeriphDriver_softfp.a(spi_reva.o)
                              g:/MaximSDK/Libraries/PeriphDrivers/bin/MAX78000/softfp/libPeriphDriver_softfp.a(spi_me17.o) (MXC_SPI_RevA_Init)
g:/MaximSDK/Libraries/PeriphDrivers/bin/MAX78000/softfp/libPeriphDriver_softfp.a(tmr_ai85.o)
                              g:/MaximSDK/Examples/CubeCamera/maxrefdes178_max78000_video/build/max78000_video_main.o (MXC_TMR_Init)
g:/MaximSDK/Libraries/PeriphDrivers/bin/MAX78000/softfp/libPeriphDriver_softfp.a(tmr_revb.o)
                              g:/MaximSDK/Libraries/PeriphDrivers/bin/MAX78000/softfp/libPeriphDriver_softfp.a(tmr_ai85.o) (MXC_TMR_RevB_Init)
g:/MaximSDK/Libraries/PeriphDrivers/bin/MAX78000/softfp/libPeriphDriver_softfp.a(uart_ai85.o)
                              g:/MaximSDK/Examples/CubeCamera/maxrefdes178_max78000_video/build/board.o (MXC_UART_Shutdown)
g:/MaximSDK/Libraries/PeriphDrivers/bin/MAX78000/softfp/libPeriphDriver_softfp.a(uart_common.o)
[...]
Memory Configuration

Name             Origin             Length             Attributes
ROM              0x00000000         0x00010000         xr
FLASH            0x10000000         0x00080000         xr
SRAM             0x20000000         0x00020000         xrw
*default*        0x00000000         0xffffffff

Linker script and memory map

LOAD g:/maximsdk/tools/gnutools/bin/../lib/gcc/arm-none-eabi/9.2.1/thumb/v7e-m+fp/softfp/crti.o
LOAD g:/maximsdk/tools/gnutools/bin/../lib/gcc/arm-none-eabi/9.2.1/thumb/v7e-m+fp/softfp/crtbegin.o
LOAD g:/maximsdk/tools/gnutools/bin/../lib/gcc/arm-none-eabi/9.2.1/../../../../arm-none-eabi/lib/thumb/v7e-m+fp/softfp/crt0.o
LOAD g:/MaximSDK/Examples/CubeCamera/maxrefdes178_max78000_video/build/max78000_video_main.o
LOAD g:/MaximSDK/Examples/CubeCamera/maxrefdes178_max78000_video/build/max78000_video_cnn.o
LOAD g:/MaximSDK/Examples/CubeCamera/maxrefdes178_max78000_video/build/max78000_qspi_slave.o
LOAD g:/MaximSDK/Examples/CubeCamera/maxrefdes178_max78000_video/build/maxrefdes178_utility.o
LOAD g:/MaximSDK/Examples/CubeCamera/maxrefdes178_max78000_video/build/max78000_softmax.o
LOAD g:/MaximSDK/Examples/CubeCamera/maxrefdes178_max78000_video/build/board.o
LOAD g:/MaximSDK/Examples/CubeCamera/maxrefdes178_max78000_video/build/stdio.o
LOAD g:/MaximSDK/Examples/CubeCamera/maxrefdes178_max78000_video/build/led.o
LOAD g:/MaximSDK/Examples/CubeCamera/maxrefdes178_max78000_video/build/pb.o
LOAD g:/MaximSDK/Examples/CubeCamera/maxrefdes178_max78000_video/build/camera.o
LOAD g:/MaximSDK/Examples/CubeCamera/maxrefdes178_max78000_video/build/ov7692.o
LOAD g:/MaximSDK/Examples/CubeCamera/maxrefdes178_max78000_video/build/sccb.o
LOAD g:/MaximSDK/Examples/CubeCamera/maxrefdes178_max78000_video/build/startup_max78000.o
LOAD g:/MaximSDK/Examples/CubeCamera/maxrefdes178_max78000_video/build/heap.o
LOAD g:/MaximSDK/Examples/CubeCamera/maxrefdes178_max78000_video/build/system_max78000.o
START GROUP
LOAD g:/MaximSDK/Libraries/PeriphDrivers/bin/MAX78000/softfp/libPeriphDriver_softfp.a
LOAD g:/maximsdk/tools/gnutools/bin/../lib/gcc/arm-none-eabi/9.2.1/../../../../arm-none-eabi/lib/thumb/v7e-m+fp/softfp\libc.a
LOAD g:/maximsdk/tools/gnutools/bin/../lib/gcc/arm-none-eabi/9.2.1/../../../../arm-none-eabi/lib/thumb/v7e-m+fp/softfp\libm.a
LOAD g:/maximsdk/tools/gnutools/bin/../lib/gcc/arm-none-eabi/9.2.1/../../../../arm-none-eabi/lib/thumb/v7e-m+fp/softfp\libnosys.a
END GROUP
START GROUP
LOAD g:/maximsdk/tools/gnutools/bin/../lib/gcc/arm-none-eabi/9.2.1/thumb/v7e-m+fp/softfp\libgcc.a
LOAD g:/maximsdk/tools/gnutools/bin/../lib/gcc/arm-none-eabi/9.2.1/../../../../arm-none-eabi/lib/thumb/v7e-m+fp/softfp\libc.a
END GROUP
LOAD g:/maximsdk/tools/gnutools/bin/../lib/gcc/arm-none-eabi/9.2.1/thumb/v7e-m+fp/softfp/crtend.o
LOAD g:/maximsdk/tools/gnutools/bin/../lib/gcc/arm-none-eabi/9.2.1/thumb/v7e-m+fp/softfp/crtn.o
TARGET(binary)

.rom
 *(.rom_vector)
 *(.rom_handlers*)

.text           0x10000000    0x38f44
                0x10000000                _text = .
 *(.isr_vector)
 .isr_vector    0x10000000      0x1e0 g:/MaximSDK/Examples/CubeCamera/maxrefdes178_max78000_video/build/startup_max78000.o
                0x10000000                __isr_vector
 *(.text*)
 .text          0x100001e0       0x40 g:/maximsdk/tools/gnutools/bin/../lib/gcc/arm-none-eabi/9.2.1/thumb/v7e-m+fp/softfp/crtbegin.o
 .text.button_int
                0x10000220        0xc g:/MaximSDK/Examples/CubeCamera/maxrefdes178_max78000_video/build/max78000_video_main.o
                0x10000220                button_int
 .text.sleep_defer_int
                0x1000022c       0x18 g:/MaximSDK/Examples/CubeCamera/maxrefdes178_max78000_video/build/max78000_video_main.o
                0x1000022c                sleep_defer_int
 .text.fail     0x10000244       0x34 g:/MaximSDK/Examples/CubeCamera/maxrefdes178_max78000_video/build/max78000_video_main.o
 .text.startup.main
                0x10000278      0xaa8 g:/MaximSDK/Examples/CubeCamera/maxrefdes178_max78000_video/build/max78000_video_main.o
                0x10000278                main
 .text.CNN_ISR  0x10000d20       0x4c g:/MaximSDK/Examples/CubeCamera/maxrefdes178_max78000_video/build/max78000_video_cnn.o
                0x10000d20                CNN_ISR
 .text.cnn_stop
                0x10000d6c       0x14 g:/MaximSDK/Examples/CubeCamera/maxrefdes178_max78000_video/build/max78000_video_cnn.o
                0x10000d6c                cnn_stop
 .text.cnn_load_weights
                0x10000d80      0xa10 g:/MaximSDK/Examples/CubeCamera/maxrefdes178_max78000_video/build/max78000_video_cnn.o
                0x10000d80                cnn_load_weights
 .text.cnn_load_bias
                0x10001790       0x84 g:/MaximSDK/Examples/CubeCamera/maxrefdes178_max78000_video/build/max78000_video_cnn.o
                0x10001790                cnn_load_bias
 .text.cnn_init
                0x10001814       0x74 g:/MaximSDK/Examples/CubeCamera/maxrefdes178_max78000_video/build/max78000_video_cnn.o
                0x10001814                cnn_init
 .text.cnn_configure
                0x10001888     0x14d4 g:/MaximSDK/Examples/CubeCamera/maxrefdes178_max78000_video/build/max78000_video_cnn.o
                0x10001888                cnn_configure
 .text.cnn_start
                0x10002d5c       0x50 g:/MaximSDK/Examples/CubeCamera/maxrefdes178_max78000_video/build/max78000_video_cnn.o
                0x10002d5c                cnn_start
 .text.cnn_unload
                0x10002dac      0x134 g:/MaximSDK/Examples/CubeCamera/maxrefdes178_max78000_video/build/max78000_video_cnn.o
                0x10002dac                cnn_unload
 .text.cnn_enable
                0x10002ee0       0x3c g:/MaximSDK/Examples/CubeCamera/maxrefdes178_max78000_video/build/max78000_video_cnn.o
                0x10002ee0                cnn_enable
 .text.qspi_slave_dma
                0x10002f1c      0x224 g:/MaximSDK/Examples/CubeCamera/maxrefdes178_max78000_video/build/max78000_qspi_slave.o
 .text.qspi_slave_cs_handler
                0x10003140      0x218 g:/MaximSDK/Examples/CubeCamera/maxrefdes178_max78000_video/build/max78000_qspi_slave.o
                0x10003140                qspi_slave_cs_handler
 .text.DMA1_IRQHandler
                0x10003358       0x6c g:/MaximSDK/Examples/CubeCamera/maxrefdes178_max78000_video/build/max78000_qspi_slave.o
                0x10003358                DMA1_IRQHandler
 .text.qspi_slave_init
                0x100033c4       0xe4 g:/MaximSDK/Examples/CubeCamera/maxrefdes178_max78000_video/build/max78000_qspi_slave.o
                0x100033c4                qspi_slave_init
 .text.qspi_slave_trigger
                0x100034a8       0x20 g:/MaximSDK/Examples/CubeCamera/maxrefdes178_max78000_video/build/max78000_qspi_slave.o
                0x100034a8                qspi_slave_trigger
 .text.qspi_slave_wait_rx
                0x100034c8       0x70 g:/MaximSDK/Examples/CubeCamera/maxrefdes178_max78000_video/build/max78000_qspi_slave.o
                0x100034c8                qspi_slave_wait_rx
 .text.qspi_slave_send_packet
                0x10003538      0x14c g:/MaximSDK/Examples/CubeCamera/maxrefdes178_max78000_video/build/max78000_qspi_slave.o
                0x10003538                qspi_slave_send_packet
 .text.qspi_slave_set_rx_state
                0x10003684        0xc g:/MaximSDK/Examples/CubeCamera/maxrefdes178_max78000_video/build/max78000_qspi_slave.o
                0x10003684                qspi_slave_set_rx_state
 .text.qspi_slave_get_rx_state
                0x10003690        0xc g:/MaximSDK/Examples/CubeCamera/maxrefdes178_max78000_video/build/max78000_qspi_slave.o
                0x10003690                qspi_slave_get_rx_state
 .text.qspi_slave_get_rx_header
                0x1000369c       0x24 g:/MaximSDK/Examples/CubeCamera/maxrefdes178_max78000_video/build/max78000_qspi_slave.o
                0x1000369c                qspi_slave_get_rx_header
 .text.qspi_slave_set_rx_data
                0x100036c0       0x14 g:/MaximSDK/Examples/CubeCamera/maxrefdes178_max78000_video/build/max78000_qspi_slave.o
                0x100036c0                qspi_slave_set_rx_data
 .text.crc16_sw
                0x100036d4       0x90 g:/MaximSDK/Examples/CubeCamera/maxrefdes178_max78000_video/build/maxrefdes178_utility.o
                0x100036d4                crc16_sw
 .text.mxc_assert
                0x10003764       0x10 g:/MaximSDK/Examples/CubeCamera/maxrefdes178_max78000_video/build/board.o
                0x10003764                mxc_assert
 .text.Board_Init
                0x10003774       0x60 g:/MaximSDK/Examples/CubeCamera/maxrefdes178_max78000_video/build/board.o
                0x10003774                Board_Init
 .text.NMI_Handler
                0x100037d4        0x4 g:/MaximSDK/Examples/CubeCamera/maxrefdes178_max78000_video/build/board.o
                0x100037d4                NMI_Handler
 .text.Camera_Power
                0x100037d8        0x8 g:/MaximSDK/Examples/CubeCamera/maxrefdes178_max78000_video/build/board.o
                0x100037d8                Camera_Power
 .text._close   0x100037e0        0x8 g:/MaximSDK/Examples/CubeCamera/maxrefdes178_max78000_video/build/stdio.o
                0x100037e0                _close
 .text._isatty  0x100037e8        0x8 g:/MaximSDK/Examples/CubeCamera/maxrefdes178_max78000_video/build/stdio.o
                0x100037e8                _isatty
 .text._lseek   0x100037f0        0x8 g:/MaximSDK/Examples/CubeCamera/maxrefdes178_max78000_video/build/stdio.o
                0x100037f0                _lseek
 .text._fstat   0x100037f8        0x8 g:/MaximSDK/Examples/CubeCamera/maxrefdes178_max78000_video/build/stdio.o
                0x100037f8                _fstat
 .text._read    0x10003800       0x50 g:/MaximSDK/Examples/CubeCamera/maxrefdes178_max78000_video/build/stdio.o
                0x10003800                _read
 .text._write   0x10003850       0x4c g:/MaximSDK/Examples/CubeCamera/maxrefdes178_max78000_video/build/stdio.o
                0x10003850                _write
 .text.LED_Init
                0x1000389c       0x3c g:/MaximSDK/Examples/CubeCamera/maxrefdes178_max78000_video/build/led.o
                0x1000389c                LED_Init
 .text.PB_Init  0x100038d8       0x34 g:/MaximSDK/Examples/CubeCamera/maxrefdes178_max78000_video/build/pb.o
                0x100038d8                PB_Init
 .text.PB_RegisterCallback
                0x1000390c       0xb4 g:/MaximSDK/Examples/CubeCamera/maxrefdes178_max78000_video/build/pb.o
                0x1000390c                PB_RegisterCallback
 .text.GPIO0_IRQHandler
                0x100039c0        0x8 g:/MaximSDK/Examples/CubeCamera/maxrefdes178_max78000_video/build/pb.o
                0x100039c0                GPIO0_IRQHandler
 .text.GPIO1_IRQHandler
                0x100039c8        0x8 g:/MaximSDK/Examples/CubeCamera/maxrefdes178_max78000_video/build/pb.o
                0x100039c8                GPIO1_IRQHandler
 .text.GPIO2_IRQHandler
                0x100039d0        0x8 g:/MaximSDK/Examples/CubeCamera/maxrefdes178_max78000_video/build/pb.o
                0x100039d0                GPIO2_IRQHandler
 .text.camera_irq_handler
                0x100039d8      0x2b8 g:/MaximSDK/Examples/CubeCamera/maxrefdes178_max78000_video/build/camera.o
                0x100039d8                camera_irq_handler
 .text.stream_callback
                0x10003c90       0xbc g:/MaximSDK/Examples/CubeCamera/maxrefdes178_max78000_video/build/camera.o
 .text.stream_irq_handler
                0x10003d4c        0x4 g:/MaximSDK/Examples/CubeCamera/maxrefdes178_max78000_video/build/camera.o
                0x10003d4c                stream_irq_handler
 .text.camera_init
                0x10003d50      0x148 g:/MaximSDK/Examples/CubeCamera/maxrefdes178_max78000_video/build/camera.o
                0x10003d50                camera_init
 .text.camera_setup
                0x10003e98      0x234 g:/MaximSDK/Examples/CubeCamera/maxrefdes178_max78000_video/build/camera.o
                0x10003e98                camera_setup
 .text.camera_write_reg
                0x100040cc        0xc g:/MaximSDK/Examples/CubeCamera/maxrefdes178_max78000_video/build/camera.o
                0x100040cc                camera_write_reg
 .text.camera_get_slave_address
                0x100040d8        0xc g:/MaximSDK/Examples/CubeCamera/maxrefdes178_max78000_video/build/camera.o
                0x100040d8                camera_get_slave_address
 .text.camera_get_product_id
                0x100040e4        0xc g:/MaximSDK/Examples/CubeCamera/maxrefdes178_max78000_video/build/camera.o
                0x100040e4                camera_get_product_id
 .text.camera_get_manufacture_id
                0x100040f0        0xc g:/MaximSDK/Examples/CubeCamera/maxrefdes178_max78000_video/build/camera.o
                0x100040f0                camera_get_manufacture_id
 .text.camera_set_vflip
                0x100040fc        0xc g:/MaximSDK/Examples/CubeCamera/maxrefdes178_max78000_video/build/camera.o
                0x100040fc                camera_set_vflip
 .text.camera_start_capture_image
                0x10004108       0xb0 g:/MaximSDK/Examples/CubeCamera/maxrefdes178_max78000_video/build/camera.o
                0x10004108                camera_start_capture_image
 .text.camera_is_image_rcv
                0x100041b8       0x10 g:/MaximSDK/Examples/CubeCamera/maxrefdes178_max78000_video/build/camera.o
                0x100041b8                camera_is_image_rcv
 .text.camera_get_image
                0x100041c8       0xc4 g:/MaximSDK/Examples/CubeCamera/maxrefdes178_max78000_video/build/camera.o
                0x100041c8                camera_get_image
 .text.get_slave_address
                0x1000428c        0xc g:/MaximSDK/Examples/CubeCamera/maxrefdes178_max78000_video/build/ov7692.o
 .text.get_pixformat
                0x10004298       0x10 g:/MaximSDK/Examples/CubeCamera/maxrefdes178_max78000_video/build/ov7692.o
 .text.set_contrast
                0x100042a8        0x4 g:/MaximSDK/Examples/CubeCamera/maxrefdes178_max78000_video/build/ov7692.o
 .text.set_gainceiling
                0x100042ac        0x4 g:/MaximSDK/Examples/CubeCamera/maxrefdes178_max78000_video/build/ov7692.o
 .text.get_luminance
                0x100042b0       0x60 g:/MaximSDK/Examples/CubeCamera/maxrefdes178_max78000_video/build/ov7692.o
 .text.read_reg
                0x10004310       0x20 g:/MaximSDK/Examples/CubeCamera/maxrefdes178_max78000_video/build/ov7692.o
 .text.get_manufacture_id
                0x10004330       0x3c g:/MaximSDK/Examples/CubeCamera/maxrefdes178_max78000_video/build/ov7692.o
 .text.get_product_id
                0x1000436c       0x3c g:/MaximSDK/Examples/CubeCamera/maxrefdes178_max78000_video/build/ov7692.o
 .text.set_vflip
                0x100043a8       0x3c g:/MaximSDK/Examples/CubeCamera/maxrefdes178_max78000_video/build/ov7692.o
 .text.set_hmirror
                0x100043e4       0x3c g:/MaximSDK/Examples/CubeCamera/maxrefdes178_max78000_video/build/ov7692.o
 .text.set_windowing
                0x10004420      0x150 g:/MaximSDK/Examples/CubeCamera/maxrefdes178_max78000_video/build/ov7692.o
 .text.set_framesize
                0x10004570       0xc0 g:/MaximSDK/Examples/CubeCamera/maxrefdes178_max78000_video/build/ov7692.o
 .text.write_reg
                0x10004630       0x10 g:/MaximSDK/Examples/CubeCamera/maxrefdes178_max78000_video/build/ov7692.o
 .text.sleep    0x10004640       0x3c g:/MaximSDK/Examples/CubeCamera/maxrefdes178_max78000_video/build/ov7692.o
 .text.reset    0x1000467c       0x60 g:/MaximSDK/Examples/CubeCamera/maxrefdes178_max78000_video/build/ov7692.o
 .text.dump_registers
                0x100046dc       0xa4 g:/MaximSDK/Examples/CubeCamera/maxrefdes178_max78000_video/build/ov7692.o
 .text.init     0x10004780       0x1c g:/MaximSDK/Examples/CubeCamera/maxrefdes178_max78000_video/build/ov7692.o
 .text.set_negateimage
                0x1000479c       0x98 g:/MaximSDK/Examples/CubeCamera/maxrefdes178_max78000_video/build/ov7692.o
 .text.set_pixformat
                0x10004834       0x54 g:/MaximSDK/Examples/CubeCamera/maxrefdes178_max78000_video/build/ov7692.o
 .text.set_saturation
                0x10004888        0x4 g:/MaximSDK/Examples/CubeCamera/maxrefdes178_max78000_video/build/ov7692.o
 .text.set_colorbar
                0x1000488c        0x4 g:/MaximSDK/Examples/CubeCamera/maxrefdes178_max78000_video/build/ov7692.o
 .text.set_brightness
                0x10004890        0x4 g:/MaximSDK/Examples/CubeCamera/maxrefdes178_max78000_video/build/ov7692.o
 .text.sensor_register
                0x10004894       0xb8 g:/MaximSDK/Examples/CubeCamera/maxrefdes178_max78000_video/build/ov7692.o
                0x10004894                sensor_register
 .text.sccb_init
                0x1000494c       0x2c g:/MaximSDK/Examples/CubeCamera/maxrefdes178_max78000_video/build/sccb.o
                0x1000494c                sccb_init
 .text.sccb_scan
                0x10004978       0xe4 g:/MaximSDK/Examples/CubeCamera/maxrefdes178_max78000_video/build/sccb.o
                0x10004978                sccb_scan
 .text.sccb_read_byt
                0x10004a5c      0x320 g:/MaximSDK/Examples/CubeCamera/maxrefdes178_max78000_video/build/sccb.o
                0x10004a5c                sccb_read_byt
 .text.sccb_write_byt
                0x10004d7c      0x23c g:/MaximSDK/Examples/CubeCamera/maxrefdes178_max78000_video/build/sccb.o
                0x10004d7c                sccb_write_byt
 .text          0x10004fb8      0x148 g:/MaximSDK/Examples/CubeCamera/maxrefdes178_max78000_video/build/startup_max78000.o
                0x10004fb8                Reset_Handler
                0x10004ff6                HardFault_Handler
                0x10004ff8                MemManage_Handler
                0x10004ffa                BusFault_Handler
                0x10004ffc                UsageFault_Handler
                0x10004ffe                SVC_Handler
                0x10005000                DebugMon_Handler
                0x10005002                PendSV_Handler
                0x10005004                SysTick_Handler
                0x10005006                Default_Handler
                0x10005008                PF_IRQHandler
                0x1000500a                WDT0_IRQHandler
                0x1000500c                RSV02_IRQHandler
                0x1000500e                RTC_IRQHandler
                0x10005010                TRNG_IRQHandler
                0x10005012                TMR0_IRQHandler
                0x10005014                TMR1_IRQHandler
                0x10005016                TMR2_IRQHandler
                0x10005018                TMR3_IRQHandler
                0x1000501a                TMR4_IRQHandler
                0x1000501c                TMR5_IRQHandler
                0x1000501e                RSV11_IRQHandler
                0x10005020                RSV12_IRQHandler
                0x10005022                I2C0_IRQHandler
                0x10005024                UART0_IRQHandler
                0x10005026                UART1_IRQHandler
                0x10005028                SPI1_IRQHandler
                0x1000502a                RSV17_IRQHandler
                0x1000502c                RSV18_IRQHandler
                0x1000502e                RSV19_IRQHandler
                0x10005030                ADC_IRQHandler
                0x10005032                RSV21_IRQHandler
                0x10005034                RSV22_IRQHandler
                0x10005036                FLC0_IRQHandler
                0x1000503e                RSV27_IRQHandler
                0x10005040                DMA0_IRQHandler
                0x10005044                DMA2_IRQHandler
                0x10005046                DMA3_IRQHandler
                0x10005048                RSV32_IRQHandler
                0x1000504a                RSV33_IRQHandler
                0x1000504c                UART2_IRQHandler
                0x1000504e                RSV35_IRQHandler
                0x10005050                I2C1_IRQHandler
                0x10005052                RSV37_IRQHandler
                0x10005054                RSV38_IRQHandler
                0x10005056                RSV39_IRQHandler
                0x10005058                RSV40_IRQHandler
                0x1000505a                RSV41_IRQHandler
                0x1000505c                RSV42_IRQHandler
                0x1000505e                RSV43_IRQHandler
                0x10005060                RSV44_IRQHandler
                0x10005062                RSV45_IRQHandler
                0x10005064                RSV46_IRQHandler
                0x10005066                RSV47_IRQHandler
                0x10005068                RSV48_IRQHandler
                0x1000506a                RSV49_IRQHandler
                0x1000506c                RSV50_IRQHandler
                0x1000506e                RSV51_IRQHandler
                0x10005070                RSV52_IRQHandler
                0x10005072                WUT_IRQHandler
                0x10005074                GPIOWAKE_IRQHandler
                0x10005076                RSV55_IRQHandler
                0x10005078                SPI0_IRQHandler
                0x1000507a                WDT1_IRQHandler
                0x1000507c                RSV58_IRQHandler
                0x1000507e                PT_IRQHandler
                0x10005080                RSV60_IRQHandler
                0x10005082                RSV61_IRQHandler
                0x10005084                I2C2_IRQHandler
                0x10005086                RISCV_IRQHandler
                0x10005088                RSV64_IRQHandler
                0x1000508a                RSV65_IRQHandler
                0x1000508c                RSV66_IRQHandler
                0x1000508e                OWM_IRQHandler
                0x10005090                RSV68_IRQHandler
                0x10005092                RSV69_IRQHandler
                0x10005094                RSV70_IRQHandler
                0x10005096                RSV71_IRQHandler
                0x10005098                RSV72_IRQHandler
                0x1000509a                RSV73_IRQHandler
                0x1000509c                RSV74_IRQHandler
                0x1000509e                RSV75_IRQHandler
                0x100050a0                RSV76_IRQHandler
                0x100050a2                RSV77_IRQHandler
                0x100050a4                RSV78_IRQHandler
                0x100050a6                RSV79_IRQHandler
                0x100050a8                RSV80_IRQHandler
                0x100050aa                RSV81_IRQHandler
                0x100050ac                ECC_IRQHandler
                0x100050ae                DVS_IRQHandler
                0x100050b0                SIMO_IRQHandler
                0x100050b2                RSV85_IRQHandler
                0x100050b4                RSV86_IRQHandler
                0x100050b6                RSV87_IRQHandler
                0x100050b8                UART3_IRQHandler
                0x100050ba                RSV89_IRQHandler
                0x100050bc                RSV90_IRQHandler
                0x100050be                PCIF_IRQHandler
                0x100050c0                RSV92_IRQHandler
                0x100050c2                RSV93_IRQHandler
                0x100050c4                RSV94_IRQHandler
                0x100050c6                RSV95_IRQHandler
                0x100050c8                RSV96_IRQHandler
                0x100050ca                AES_IRQHandler
                0x100050cc                RSV98_IRQHandler
                0x100050ce                I2S_IRQHandler
                0x100050d0                CNN_FIFO_IRQHandler
                0x100050d2                CNN_IRQHandler
                0x100050d4                RSV102_IRQHandler
                0x100050d6                LPCMP_IRQHandler
 .text._sbrk    0x10005100       0x40 g:/MaximSDK/Examples/CubeCamera/maxrefdes178_max78000_video/build/heap.o
                0x10005100                _sbrk
 .text.SystemCoreClockUpdate
                0x10005140       0x68 g:/MaximSDK/Examples/CubeCamera/maxrefdes178_max78000_video/build/system_max78000.o
                0x10005140                SystemCoreClockUpdate
 .text.PreInit  0x100051a8        0x4 g:/MaximSDK/Examples/CubeCamera/maxrefdes178_max78000_video/build/system_max78000.o
                0x100051a8                PreInit
 .text.SystemInit
                0x100051ac       0x30 g:/MaximSDK/Examples/CubeCamera/maxrefdes178_max78000_video/build/system_max78000.o
                0x100051ac                SystemInit
 .text.MXC_DelayInit
                0x100051dc       0x84 g:/MaximSDK/Libraries/PeriphDrivers/bin/MAX78000/softfp/libPeriphDriver_softfp.a(mxc_delay.o)
 .text.MXC_DelayAsync
                0x10005260       0x44 g:/MaximSDK/Libraries/PeriphDrivers/bin/MAX78000/softfp/libPeriphDriver_softfp.a(mxc_delay.o)
                0x10005260                MXC_DelayAsync
 .text.MXC_DelayAbort
                0x100052a4       0x38 g:/MaximSDK/Libraries/PeriphDrivers/bin/MAX78000/softfp/libPeriphDriver_softfp.a(mxc_delay.o)
                0x100052a4                MXC_DelayAbort
 .text.MXC_DelayCheck
                0x100052dc       0x68 g:/MaximSDK/Libraries/PeriphDrivers/bin/MAX78000/softfp/libPeriphDriver_softfp.a(mxc_delay.o)
                0x100052dc                MXC_DelayCheck
 .text.MXC_Delay
                0x10005344       0x54 g:/MaximSDK/Libraries/PeriphDrivers/bin/MAX78000/softfp/libPeriphDriver_softfp.a(mxc_delay.o)
                0x10005344                MXC_Delay
 .text.MXC_SYS_IsClockEnabled
                0x10005398       0x40 g:/MaximSDK/Libraries/PeriphDrivers/bin/MAX78000/softfp/libPeriphDriver_softfp.a(sys_ai85.o)
                0x10005398                MXC_SYS_IsClockEnabled
 .text.MXC_SYS_ClockDisable
                0x100053d8       0x48 g:/MaximSDK/Libraries/PeriphDrivers/bin/MAX78000/softfp/libPeriphDriver_softfp.a(sys_ai85.o)
                0x100053d8                MXC_SYS_ClockDisable
 .text.MXC_SYS_ClockEnable
                0x10005420       0x50 g:/MaximSDK/Libraries/PeriphDrivers/bin/MAX78000/softfp/libPeriphDriver_softfp.a(sys_ai85.o)
                0x10005420                MXC_SYS_ClockEnable
 .text.MXC_SYS_Clock_Timeout
                0x10005470       0x30 g:/MaximSDK/Libraries/PeriphDrivers/bin/MAX78000/softfp/libPeriphDriver_softfp.a(sys_ai85.o)
                0x10005470                MXC_SYS_Clock_Timeout
 .text.MXC_SYS_ClockSourceEnable
                0x100054a0       0x80 g:/MaximSDK/Libraries/PeriphDrivers/bin/MAX78000/softfp/libPeriphDriver_softfp.a(sys_ai85.o)
                0x100054a0                MXC_SYS_ClockSourceEnable
 .text.MXC_SYS_Clock_Select
                0x10005520      0x10e g:/MaximSDK/Libraries/PeriphDrivers/bin/MAX78000/softfp/libPeriphDriver_softfp.a(sys_ai85.o)
                0x10005520                MXC_SYS_Clock_Select
 *fill*         0x1000562e        0x2 
 .text.MXC_SYS_Reset_Periph
                0x10005630       0x3c g:/MaximSDK/Libraries/PeriphDrivers/bin/MAX78000/softfp/libPeriphDriver_softfp.a(sys_ai85.o)
                0x10005630                MXC_SYS_Reset_Periph
 .text.NVIC_SetRAM
                0x1000566c       0x24 g:/MaximSDK/Libraries/PeriphDrivers/bin/MAX78000/softfp/libPeriphDriver_softfp.a(nvic_table.o)
                0x1000566c                NVIC_SetRAM
 .text.NVIC_SetVector
                0x10005690       0x40 g:/MaximSDK/Libraries/PeriphDrivers/bin/MAX78000/softfp/libPeriphDriver_softfp.a(nvic_table.o)
                0x10005690                NVIC_SetVector
 .text.MXC_PCIF_Init
                0x100056d0       0x78 g:/MaximSDK/Libraries/PeriphDrivers/bin/MAX78000/softfp/libPeriphDriver_softfp.a(cameraif_ai85.o)
                0x100056d0                MXC_PCIF_Init
 .text.MXC_PCIF_SetDataWidth
                0x10005748       0x10 g:/MaximSDK/Libraries/PeriphDrivers/bin/MAX78000/softfp/libPeriphDriver_softfp.a(cameraif_ai85.o)
                0x10005748                MXC_PCIF_SetDataWidth
 .text.MXC_PCIF_SetTimingSel
                0x10005758       0x10 g:/MaximSDK/Libraries/PeriphDrivers/bin/MAX78000/softfp/libPeriphDriver_softfp.a(cameraif_ai85.o)
                0x10005758                MXC_PCIF_SetTimingSel
 .text.MXC_PCIF_SetThreshold
                0x10005768       0x10 g:/MaximSDK/Libraries/PeriphDrivers/bin/MAX78000/softfp/libPeriphDriver_softfp.a(cameraif_ai85.o)
                0x10005768                MXC_PCIF_SetThreshold
 .text.MXC_PCIF_EnableInt
                0x10005778       0x10 g:/MaximSDK/Libraries/PeriphDrivers/bin/MAX78000/softfp/libPeriphDriver_softfp.a(cameraif_ai85.o)
                0x10005778                MXC_PCIF_EnableInt
 .text.MXC_PCIF_DisableInt
                0x10005788       0x10 g:/MaximSDK/Libraries/PeriphDrivers/bin/MAX78000/softfp/libPeriphDriver_softfp.a(cameraif_ai85.o)
                0x10005788                MXC_PCIF_DisableInt
 .text.MXC_PCIF_Start
                0x10005798       0x10 g:/MaximSDK/Libraries/PeriphDrivers/bin/MAX78000/softfp/libPeriphDriver_softfp.a(cameraif_ai85.o)
                0x10005798                MXC_PCIF_Start
 .text.MXC_PCIF_Stop
                0x100057a8       0x10 g:/MaximSDK/Libraries/PeriphDrivers/bin/MAX78000/softfp/libPeriphDriver_softfp.a(cameraif_ai85.o)
                0x100057a8                MXC_PCIF_Stop
 .text.MXC_PCIF_RevA_SetDatawidth
                0x100057b8       0x12 g:/MaximSDK/Libraries/PeriphDrivers/bin/MAX78000/softfp/libPeriphDriver_softfp.a(cameraif_reva.o)
                0x100057b8                MXC_PCIF_RevA_SetDatawidth
 .text.MXC_PCIF_RevA_SetTimingSel
                0x100057ca       0x12 g:/MaximSDK/Libraries/PeriphDrivers/bin/MAX78000/softfp/libPeriphDriver_softfp.a(cameraif_reva.o)
                0x100057ca                MXC_PCIF_RevA_SetTimingSel
 .text.MXC_PCIF_RevA_SetThreshold
                0x100057dc       0x16 g:/MaximSDK/Libraries/PeriphDrivers/bin/MAX78000/softfp/libPeriphDriver_softfp.a(cameraif_reva.o)
                0x100057dc                MXC_PCIF_RevA_SetThreshold
 .text.MXC_PCIF_RevA_EnableInt
                0x100057f2        0xc g:/MaximSDK/Libraries/PeriphDrivers/bin/MAX78000/softfp/libPeriphDriver_softfp.a(cameraif_reva.o)
                0x100057f2                MXC_PCIF_RevA_EnableInt
 .text.MXC_PCIF_RevA_DisableInt
                0x100057fe        0xe g:/MaximSDK/Libraries/PeriphDrivers/bin/MAX78000/softfp/libPeriphDriver_softfp.a(cameraif_reva.o)
                0x100057fe                MXC_PCIF_RevA_DisableInt
 .text.MXC_PCIF_RevA_Start
                0x1000580c       0x14 g:/MaximSDK/Libraries/PeriphDrivers/bin/MAX78000/softfp/libPeriphDriver_softfp.a(cameraif_reva.o)
                0x1000580c                MXC_PCIF_RevA_Start
 .text.MXC_PCIF_RevA_Stop
                0x10005820        0xa g:/MaximSDK/Libraries/PeriphDrivers/bin/MAX78000/softfp/libPeriphDriver_softfp.a(cameraif_reva.o)
                0x10005820                MXC_PCIF_RevA_Stop
 *fill*         0x1000582a        0x2 
 .text.MXC_DMA_Init
                0x1000582c       0x24 g:/MaximSDK/Libraries/PeriphDrivers/bin/MAX78000/softfp/libPeriphDriver_softfp.a(dma_me17.o)
                0x1000582c                MXC_DMA_Init
 .text.MXC_DMA_SetCallback
                0x10005850        0x8 g:/MaximSDK/Libraries/PeriphDrivers/bin/MAX78000/softfp/libPeriphDriver_softfp.a(dma_me17.o)
                0x10005850                MXC_DMA_SetCallback
 .text.MXC_DMA_ChannelClearFlags
                0x10005858        0x8 g:/MaximSDK/Libraries/PeriphDrivers/bin/MAX78000/softfp/libPeriphDriver_softfp.a(dma_me17.o)
                0x10005858                MXC_DMA_ChannelClearFlags
 .text.MXC_DMA_Handler
                0x10005860       0x10 g:/MaximSDK/Libraries/PeriphDrivers/bin/MAX78000/softfp/libPeriphDriver_softfp.a(dma_me17.o)
                0x10005860                MXC_DMA_Handler
 .text.MXC_DMA_RevA_Init
                0x10005870       0xa0 g:/MaximSDK/Libraries/PeriphDrivers/bin/MAX78000/softfp/libPeriphDriver_softfp.a(dma_reva.o)
                0x10005870                MXC_DMA_RevA_Init
 .text.MXC_DMA_RevA_SetCallback
                0x10005910       0x30 g:/MaximSDK/Libraries/PeriphDrivers/bin/MAX78000/softfp/libPeriphDriver_softfp.a(dma_reva.o)
                0x10005910                MXC_DMA_RevA_SetCallback
 .text.MXC_DMA_RevA_ChannelGetFlags
                0x10005940       0x30 g:/MaximSDK/Libraries/PeriphDrivers/bin/MAX78000/softfp/libPeriphDriver_softfp.a(dma_reva.o)
                0x10005940                MXC_DMA_RevA_ChannelGetFlags
 .text.MXC_DMA_RevA_ChannelClearFlags
                0x10005970       0x38 g:/MaximSDK/Libraries/PeriphDrivers/bin/MAX78000/softfp/libPeriphDriver_softfp.a(dma_reva.o)
                0x10005970                MXC_DMA_RevA_ChannelClearFlags
 .text.MXC_DMA_RevA_Handler
                0x100059a8       0x74 g:/MaximSDK/Libraries/PeriphDrivers/bin/MAX78000/softfp/libPeriphDriver_softfp.a(dma_reva.o)
                0x100059a8                MXC_DMA_RevA_Handler
 .text.MXC_GPIO_Init
                0x10005a1c       0x30 g:/MaximSDK/Libraries/PeriphDrivers/bin/MAX78000/softfp/libPeriphDriver_softfp.a(gpio_ai85.o)
                0x10005a1c                MXC_GPIO_Init
 .text.MXC_GPIO_Config
                0x10005a4c      0x1dc g:/MaximSDK/Libraries/PeriphDrivers/bin/MAX78000/softfp/libPeriphDriver_softfp.a(gpio_ai85.o)
                0x10005a4c                MXC_GPIO_Config
 .text.MXC_GPIO_InGet
                0x10005c28       0x54 g:/MaximSDK/Libraries/PeriphDrivers/bin/MAX78000/softfp/libPeriphDriver_softfp.a(gpio_ai85.o)
                0x10005c28                MXC_GPIO_InGet
 .text.MXC_GPIO_OutSet
                0x10005c7c       0x38 g:/MaximSDK/Libraries/PeriphDrivers/bin/MAX78000/softfp/libPeriphDriver_softfp.a(gpio_ai85.o)
                0x10005c7c                MXC_GPIO_OutSet
 .text.MXC_GPIO_OutClr
                0x10005cb4       0x38 g:/MaximSDK/Libraries/PeriphDrivers/bin/MAX78000/softfp/libPeriphDriver_softfp.a(gpio_ai85.o)
                0x10005cb4                MXC_GPIO_OutClr
 .text.MXC_GPIO_IntConfig
                0x10005cec        0x8 g:/MaximSDK/Libraries/PeriphDrivers/bin/MAX78000/softfp/libPeriphDriver_softfp.a(gpio_ai85.o)
                0x10005cec                MXC_GPIO_IntConfig
 .text.MXC_GPIO_EnableInt
                0x10005cf4        0x8 g:/MaximSDK/Libraries/PeriphDrivers/bin/MAX78000/softfp/libPeriphDriver_softfp.a(gpio_ai85.o)
                0x10005cf4                MXC_GPIO_EnableInt
 .text.MXC_GPIO_DisableInt
                0x10005cfc        0x8 g:/MaximSDK/Libraries/PeriphDrivers/bin/MAX78000/softfp/libPeriphDriver_softfp.a(gpio_ai85.o)
                0x10005cfc                MXC_GPIO_DisableInt
 .text.MXC_GPIO_RegisterCallback
                0x10005d04        0x8 g:/MaximSDK/Libraries/PeriphDrivers/bin/MAX78000/softfp/libPeriphDriver_softfp.a(gpio_ai85.o)
                0x10005d04                MXC_GPIO_RegisterCallback
 .text.MXC_GPIO_Handler
                0x10005d0c        0x8 g:/MaximSDK/Libraries/PeriphDrivers/bin/MAX78000/softfp/libPeriphDriver_softfp.a(gpio_ai85.o)
                0x10005d0c                MXC_GPIO_Handler
 .text.MXC_GPIO_ClearFlags
                0x10005d14        0x8 g:/MaximSDK/Libraries/PeriphDrivers/bin/MAX78000/softfp/libPeriphDriver_softfp.a(gpio_ai85.o)
                0x10005d14                MXC_GPIO_ClearFlags
 .text.MXC_GPIO_GetFlags
                0x10005d1c        0x8 g:/MaximSDK/Libraries/PeriphDrivers/bin/MAX78000/softfp/libPeriphDriver_softfp.a(gpio_ai85.o)
                0x10005d1c                MXC_GPIO_GetFlags
 .text.MXC_GPIO_SetVSSEL
                0x10005d24        0x8 g:/MaximSDK/Libraries/PeriphDrivers/bin/MAX78000/softfp/libPeriphDriver_softfp.a(gpio_ai85.o)
                0x10005d24                MXC_GPIO_SetVSSEL
 .text.MXC_GPIO_RevA_InGet
                0x10005d2c        0x6 g:/MaximSDK/Libraries/PeriphDrivers/bin/MAX78000/softfp/libPeriphDriver_softfp.a(gpio_reva.o)
                0x10005d2c                MXC_GPIO_RevA_InGet
 .text.MXC_GPIO_RevA_OutSet
                0x10005d32        0x4 g:/MaximSDK/Libraries/PeriphDrivers/bin/MAX78000/softfp/libPeriphDriver_softfp.a(gpio_reva.o)
                0x10005d32                MXC_GPIO_RevA_OutSet
 .text.MXC_GPIO_RevA_OutClr
                0x10005d36        0x4 g:/MaximSDK/Libraries/PeriphDrivers/bin/MAX78000/softfp/libPeriphDriver_softfp.a(gpio_reva.o)
                0x10005d36                MXC_GPIO_RevA_OutClr
 .text.MXC_GPIO_RevA_IntConfig
                0x10005d3a       0xaa g:/MaximSDK/Libraries/PeriphDrivers/bin/MAX78000/softfp/libPeriphDriver_softfp.a(gpio_reva.o)
                0x10005d3a                MXC_GPIO_RevA_IntConfig
 .text.MXC_GPIO_RevA_EnableInt
                0x10005de4        0x4 g:/MaximSDK/Libraries/PeriphDrivers/bin/MAX78000/softfp/libPeriphDriver_softfp.a(gpio_reva.o)
                0x10005de4                MXC_GPIO_RevA_EnableInt
 .text.MXC_GPIO_RevA_DisableInt
                0x10005de8        0x4 g:/MaximSDK/Libraries/PeriphDrivers/bin/MAX78000/softfp/libPeriphDriver_softfp.a(gpio_reva.o)
                0x10005de8                MXC_GPIO_RevA_DisableInt
 .text.MXC_GPIO_RevA_ClearFlags
                0x10005dec        0x4 g:/MaximSDK/Libraries/PeriphDrivers/bin/MAX78000/softfp/libPeriphDriver_softfp.a(gpio_reva.o)
                0x10005dec                MXC_GPIO_RevA_ClearFlags
 .text.MXC_GPIO_RevA_GetFlags
                0x10005df0        0x4 g:/MaximSDK/Libraries/PeriphDrivers/bin/MAX78000/softfp/libPeriphDriver_softfp.a(gpio_reva.o)
                0x10005df0                MXC_GPIO_RevA_GetFlags
 .text.MXC_GPIO_RevA_SetVSSEL
                0x10005df4       0x2a g:/MaximSDK/Libraries/PeriphDrivers/bin/MAX78000/softfp/libPeriphDriver_softfp.a(gpio_reva.o)
                0x10005df4                MXC_GPIO_RevA_SetVSSEL
 .text.MXC_GPIO_RevA_SetAF
                0x10005e1e       0x54 g:/MaximSDK/Libraries/PeriphDrivers/bin/MAX78000/softfp/libPeriphDriver_softfp.a(gpio_reva.o)
                0x10005e1e                MXC_GPIO_RevA_SetAF
 .text.MXC_ICC_Enable
                0x10005e72        0x8 g:/MaximSDK/Libraries/PeriphDrivers/bin/MAX78000/softfp/libPeriphDriver_softfp.a(icc_me17.o)
                0x10005e72                MXC_ICC_Enable
 .text.MXC_ICC_RevA_Enable
                0x10005e7a       0x34 g:/MaximSDK/Libraries/PeriphDrivers/bin/MAX78000/softfp/libPeriphDriver_softfp.a(icc_reva.o)
                0x10005e7a                MXC_ICC_RevA_Enable
 *fill*         0x10005eae        0x2 
 .text.MXC_PT_Init
                0x10005eb0       0xbc g:/MaximSDK/Libraries/PeriphDrivers/bin/MAX78000/softfp/libPeriphDriver_softfp.a(pt_me17.o)
                0x10005eb0                MXC_PT_Init
 .text.MXC_PT_Config
                0x10005f6c       0x5c g:/MaximSDK/Libraries/PeriphDrivers/bin/MAX78000/softfp/libPeriphDriver_softfp.a(pt_me17.o)
                0x10005f6c                MXC_PT_Config
 .text.MXC_PT_SqrWaveConfig
                0x10005fc8       0x20 g:/MaximSDK/Libraries/PeriphDrivers/bin/MAX78000/softfp/libPeriphDriver_softfp.a(pt_me17.o)
                0x10005fc8                MXC_PT_SqrWaveConfig
 .text.MXC_PT_Start
                0x10005fe8       0x10 g:/MaximSDK/Libraries/PeriphDrivers/bin/MAX78000/softfp/libPeriphDriver_softfp.a(pt_me17.o)
                0x10005fe8                MXC_PT_Start
 .text.MXC_PT_Stop
                0x10005ff8       0x10 g:/MaximSDK/Libraries/PeriphDrivers/bin/MAX78000/softfp/libPeriphDriver_softfp.a(pt_me17.o)
                0x10005ff8                MXC_PT_Stop
 .text.MXC_PT_IsActive
                0x10006008       0x10 g:/MaximSDK/Libraries/PeriphDrivers/bin/MAX78000/softfp/libPeriphDriver_softfp.a(pt_me17.o)
                0x10006008                MXC_PT_IsActive
 .text.MXC_PT_RevA_Init
                0x10006018        0xa g:/MaximSDK/Libraries/PeriphDrivers/bin/MAX78000/softfp/libPeriphDriver_softfp.a(pt_reva.o)
                0x10006018                MXC_PT_RevA_Init
 *fill*         0x10006022        0x2 
 .text.MXC_PT_RevA_Config
                0x10006024       0xc0 g:/MaximSDK/Libraries/PeriphDrivers/bin/MAX78000/softfp/libPeriphDriver_softfp.a(pt_reva.o)
                0x10006024                MXC_PT_RevA_Config
 .text.MXC_PT_RevA_SqrWaveConfig
                0x100060e4       0x14 g:/MaximSDK/Libraries/PeriphDrivers/bin/MAX78000/softfp/libPeriphDriver_softfp.a(pt_reva.o)
                0x100060e4                MXC_PT_RevA_SqrWaveConfig
 .text.MXC_PT_RevA_Start
                0x100060f8       0x10 g:/MaximSDK/Libraries/PeriphDrivers/bin/MAX78000/softfp/libPeriphDriver_softfp.a(pt_reva.o)
                0x100060f8                MXC_PT_RevA_Start
 .text.MXC_PT_RevA_Stop
                0x10006108        0xa g:/MaximSDK/Libraries/PeriphDrivers/bin/MAX78000/softfp/libPeriphDriver_softfp.a(pt_reva.o)
                0x10006108                MXC_PT_RevA_Stop
 .text.MXC_PT_RevA_IsActive
                0x10006112        0xc g:/MaximSDK/Libraries/PeriphDrivers/bin/MAX78000/softfp/libPeriphDriver_softfp.a(pt_reva.o)
                0x10006112                MXC_PT_RevA_IsActive
 *fill*         0x1000611e        0x2 
 .text.MXC_RTC_Start
                0x10006120       0x10 g:/MaximSDK/Libraries/PeriphDrivers/bin/MAX78000/softfp/libPeriphDriver_softfp.a(rtc_me17.o)
                0x10006120                MXC_RTC_Start
 .text.MXC_RTC_Init
                0x10006130       0x20 g:/MaximSDK/Libraries/PeriphDrivers/bin/MAX78000/softfp/libPeriphDriver_softfp.a(rtc_me17.o)
                0x10006130                MXC_RTC_Init
 .text.MXC_RTC_GetSubSecond
                0x10006150        0x8 g:/MaximSDK/Libraries/PeriphDrivers/bin/MAX78000/softfp/libPeriphDriver_softfp.a(rtc_me17.o)
                0x10006150                MXC_RTC_GetSubSecond
 .text.MXC_RTC_GetSecond
                0x10006158        0x8 g:/MaximSDK/Libraries/PeriphDrivers/bin/MAX78000/softfp/libPeriphDriver_softfp.a(rtc_me17.o)
                0x10006158                MXC_RTC_GetSecond
 .text.MXC_RTC_CheckBusy
                0x10006160       0x34 g:/MaximSDK/Libraries/PeriphDrivers/bin/MAX78000/softfp/libPeriphDriver_softfp.a(rtc_reva.o)
                0x10006160                MXC_RTC_CheckBusy
 .text.MXC_RTC_RevA_Start
                0x10006194       0x42 g:/MaximSDK/Libraries/PeriphDrivers/bin/MAX78000/softfp/libPeriphDriver_softfp.a(rtc_reva.o)
                0x10006194                MXC_RTC_RevA_Start
 .text.MXC_RTC_RevA_Init
                0x100061d6       0x70 g:/MaximSDK/Libraries/PeriphDrivers/bin/MAX78000/softfp/libPeriphDriver_softfp.a(rtc_reva.o)
                0x100061d6                MXC_RTC_RevA_Init
 *fill*         0x10006246        0x2 
 .text.MXC_RTC_RevA_GetSubSecond
                0x10006248        0xc g:/MaximSDK/Libraries/PeriphDrivers/bin/MAX78000/softfp/libPeriphDriver_softfp.a(rtc_reva.o)
                0x10006248                MXC_RTC_RevA_GetSubSecond
 .text.MXC_RTC_RevA_GetSecond
                0x10006254        0xc g:/MaximSDK/Libraries/PeriphDrivers/bin/MAX78000/softfp/libPeriphDriver_softfp.a(rtc_reva.o)
                0x10006254                MXC_RTC_RevA_GetSecond
 .text.MXC_SPI_Init
                0x10006260      0x1d8 g:/MaximSDK/Libraries/PeriphDrivers/bin/MAX78000/softfp/libPeriphDriver_softfp.a(spi_me17.o)
                0x10006260                MXC_SPI_Init
 .text.MXC_SPI_SetFrequency
                0x10006438        0x8 g:/MaximSDK/Libraries/PeriphDrivers/bin/MAX78000/softfp/libPeriphDriver_softfp.a(spi_me17.o)
                0x10006438                MXC_SPI_SetFrequency
 .text.MXC_SPI_SetWidth
                0x10006440        0x8 g:/MaximSDK/Libraries/PeriphDrivers/bin/MAX78000/softfp/libPeriphDriver_softfp.a(spi_me17.o)
                0x10006440                MXC_SPI_SetWidth
 .text.MXC_SPI_RevA_Init
                0x10006448       0xe0 g:/MaximSDK/Libraries/PeriphDrivers/bin/MAX78000/softfp/libPeriphDriver_softfp.a(spi_reva.o)
                0x10006448                MXC_SPI_RevA_Init
 .text.MXC_SPI_RevA_SetFrequency
                0x10006528       0x8c g:/MaximSDK/Libraries/PeriphDrivers/bin/MAX78000/softfp/libPeriphDriver_softfp.a(spi_reva.o)
                0x10006528                MXC_SPI_RevA_SetFrequency
 .text.MXC_SPI_RevA_SetWidth
                0x100065b4       0x68 g:/MaximSDK/Libraries/PeriphDrivers/bin/MAX78000/softfp/libPeriphDriver_softfp.a(spi_reva.o)
                0x100065b4                MXC_SPI_RevA_SetWidth
 .text.MXC_TMR_Init
                0x1000661c      0x220 g:/MaximSDK/Libraries/PeriphDrivers/bin/MAX78000/softfp/libPeriphDriver_softfp.a(tmr_ai85.o)
                0x1000661c                MXC_TMR_Init
 .text.MXC_TMR_Shutdown
                0x1000683c       0xb8 g:/MaximSDK/Libraries/PeriphDrivers/bin/MAX78000/softfp/libPeriphDriver_softfp.a(tmr_ai85.o)
                0x1000683c                MXC_TMR_Shutdown
 .text.MXC_TMR_Start
                0x100068f4        0x8 g:/MaximSDK/Libraries/PeriphDrivers/bin/MAX78000/softfp/libPeriphDriver_softfp.a(tmr_ai85.o)
                0x100068f4                MXC_TMR_Start
 .text.MXC_TMR_Stop
                0x100068fc        0x8 g:/MaximSDK/Libraries/PeriphDrivers/bin/MAX78000/softfp/libPeriphDriver_softfp.a(tmr_ai85.o)
                0x100068fc                MXC_TMR_Stop
 .text.MXC_TMR_ClearFlags
                0x10006904        0x8 g:/MaximSDK/Libraries/PeriphDrivers/bin/MAX78000/softfp/libPeriphDriver_softfp.a(tmr_ai85.o)
                0x10006904                MXC_TMR_ClearFlags
 .text.MXC_TMR_EnableInt
                0x1000690c        0x8 g:/MaximSDK/Libraries/PeriphDrivers/bin/MAX78000/softfp/libPeriphDriver_softfp.a(tmr_ai85.o)
                0x1000690c                MXC_TMR_EnableInt
 .text.MXC_TMR_SetCount
                0x10006914        0x8 g:/MaximSDK/Libraries/PeriphDrivers/bin/MAX78000/softfp/libPeriphDriver_softfp.a(tmr_ai85.o)
                0x10006914                MXC_TMR_SetCount
 .text.MXC_TMR_TO_Start
                0x1000691c        0x8 g:/MaximSDK/Libraries/PeriphDrivers/bin/MAX78000/softfp/libPeriphDriver_softfp.a(tmr_ai85.o)
                0x1000691c                MXC_TMR_TO_Start
 .text.MXC_TMR_TO_Stop
                0x10006924        0x8 g:/MaximSDK/Libraries/PeriphDrivers/bin/MAX78000/softfp/libPeriphDriver_softfp.a(tmr_ai85.o)
                0x10006924                MXC_TMR_TO_Stop
 .text.MXC_TMR_TO_Elapsed
                0x1000692c        0x8 g:/MaximSDK/Libraries/PeriphDrivers/bin/MAX78000/softfp/libPeriphDriver_softfp.a(tmr_ai85.o)
                0x1000692c                MXC_TMR_TO_Elapsed
 .text.MXC_TMR_SW_Start
                0x10006934        0x8 g:/MaximSDK/Libraries/PeriphDrivers/bin/MAX78000/softfp/libPeriphDriver_softfp.a(tmr_ai85.o)
                0x10006934                MXC_TMR_SW_Start
 .text.MXC_TMR_SW_Stop
                0x1000693c        0x8 g:/MaximSDK/Libraries/PeriphDrivers/bin/MAX78000/softfp/libPeriphDriver_softfp.a(tmr_ai85.o)
                0x1000693c                MXC_TMR_SW_Stop
 .text.MXC_TMR_GetTime
                0x10006944        0x8 g:/MaximSDK/Libraries/PeriphDrivers/bin/MAX78000/softfp/libPeriphDriver_softfp.a(tmr_ai85.o)
                0x10006944                MXC_TMR_GetTime
 .text.MXC_TMR_RevB_ConfigGeneric
                0x1000694c       0xdc g:/MaximSDK/Libraries/PeriphDrivers/bin/MAX78000/softfp/libPeriphDriver_softfp.a(tmr_revb.o)
                0x1000694c                MXC_TMR_RevB_ConfigGeneric
 .text.MXC_TMR_RevB_Init
                0x10006a28      0x14c g:/MaximSDK/Libraries/PeriphDrivers/bin/MAX78000/softfp/libPeriphDriver_softfp.a(tmr_revb.o)
                0x10006a28                MXC_TMR_RevB_Init
 .text.MXC_TMR_RevB_Shutdown
                0x10006b74       0x5c g:/MaximSDK/Libraries/PeriphDrivers/bin/MAX78000/softfp/libPeriphDriver_softfp.a(tmr_revb.o)
                0x10006b74                MXC_TMR_RevB_Shutdown
 .text.MXC_TMR_RevB_Start
                0x10006bd0       0x60 g:/MaximSDK/Libraries/PeriphDrivers/bin/MAX78000/softfp/libPeriphDriver_softfp.a(tmr_revb.o)
                0x10006bd0                MXC_TMR_RevB_Start
 .text.MXC_TMR_RevB_Stop
                0x10006c30       0x58 g:/MaximSDK/Libraries/PeriphDrivers/bin/MAX78000/softfp/libPeriphDriver_softfp.a(tmr_revb.o)
                0x10006c30                MXC_TMR_RevB_Stop
 .text.MXC_TMR_RevB_ClearFlags
                0x10006c88       0x58 g:/MaximSDK/Libraries/PeriphDrivers/bin/MAX78000/softfp/libPeriphDriver_softfp.a(tmr_revb.o)
                0x10006c88                MXC_TMR_RevB_ClearFlags
 .text.MXC_TMR_RevB_EnableInt
                0x10006ce0       0x58 g:/MaximSDK/Libraries/PeriphDrivers/bin/MAX78000/softfp/libPeriphDriver_softfp.a(tmr_revb.o)
                0x10006ce0                MXC_TMR_RevB_EnableInt
 .text.MXC_TMR_RevB_SetCount
                0x10006d38       0x5c g:/MaximSDK/Libraries/PeriphDrivers/bin/MAX78000/softfp/libPeriphDriver_softfp.a(tmr_revb.o)
                0x10006d38                MXC_TMR_RevB_SetCount
 .text.MXC_TMR_RevB_TO_Start
                0x10006d94       0xf4 g:/MaximSDK/Libraries/PeriphDrivers/bin/MAX78000/softfp/libPeriphDriver_softfp.a(tmr_revb.o)
                0x10006d94                MXC_TMR_RevB_TO_Start
 .text.MXC_TMR_RevB_GetTime
                0x10006e88      0x158 g:/MaximSDK/Libraries/PeriphDrivers/bin/MAX78000/softfp/libPeriphDriver_softfp.a(tmr_revb.o)
                0x10006e88                MXC_TMR_RevB_GetTime
 .text.MXC_UART_Shutdown
                0x10006fe0       0x70 g:/MaximSDK/Libraries/PeriphDrivers/bin/MAX78000/softfp/libPeriphDriver_softfp.a(uart_ai85.o)
                0x10006fe0                MXC_UART_Shutdown
 .text.MXC_UART_Init
                0x10007050       0xa4 g:/MaximSDK/Libraries/PeriphDrivers/bin/MAX78000/softfp/libPeriphDriver_softfp.a(uart_ai85.o)
                0x10007050                MXC_UART_Init
 .text.MXC_UART_GetFrequency
                0x100070f4       0x90 g:/MaximSDK/Libraries/PeriphDrivers/bin/MAX78000/softfp/libPeriphDriver_softfp.a(uart_ai85.o)
                0x100070f4                MXC_UART_GetFrequency
 .text.MXC_UART_SetFrequency
                0x10007184       0xc8 g:/MaximSDK/Libraries/PeriphDrivers/bin/MAX78000/softfp/libPeriphDriver_softfp.a(uart_ai85.o)
                0x10007184                MXC_UART_SetFrequency
 .text.MXC_UART_SetDataSize
                0x1000724c        0x8 g:/MaximSDK/Libraries/PeriphDrivers/bin/MAX78000/softfp/libPeriphDriver_softfp.a(uart_ai85.o)
                0x1000724c                MXC_UART_SetDataSize
 .text.MXC_UART_SetStopBits
                0x10007254        0x8 g:/MaximSDK/Libraries/PeriphDrivers/bin/MAX78000/softfp/libPeriphDriver_softfp.a(uart_ai85.o)
                0x10007254                MXC_UART_SetStopBits
 .text.MXC_UART_SetParity
                0x1000725c        0x8 g:/MaximSDK/Libraries/PeriphDrivers/bin/MAX78000/softfp/libPeriphDriver_softfp.a(uart_ai85.o)
                0x1000725c                MXC_UART_SetParity
 .text.MXC_UART_ReadCharacterRaw
                0x10007264        0x8 g:/MaximSDK/Libraries/PeriphDrivers/bin/MAX78000/softfp/libPeriphDriver_softfp.a(uart_ai85.o)
                0x10007264                MXC_UART_ReadCharacterRaw
 .text.MXC_UART_WriteCharacterRaw
                0x1000726c        0x8 g:/MaximSDK/Libraries/PeriphDrivers/bin/MAX78000/softfp/libPeriphDriver_softfp.a(uart_ai85.o)
                0x1000726c                MXC_UART_WriteCharacterRaw
 .text.MXC_UART_ReadCharacter
                0x10007274        0x8 g:/MaximSDK/Libraries/PeriphDrivers/bin/MAX78000/softfp/libPeriphDriver_softfp.a(uart_ai85.o)
                0x10007274                MXC_UART_ReadCharacter
 .text.MXC_UART_WriteCharacter
                0x1000727c        0x8 g:/MaximSDK/Libraries/PeriphDrivers/bin/MAX78000/softfp/libPeriphDriver_softfp.a(uart_ai85.o)
                0x1000727c                MXC_UART_WriteCharacter
 .text.MXC_UART_GetRXFIFOAvailable
                0x10007284        0x8 g:/MaximSDK/Libraries/PeriphDrivers/bin/MAX78000/softfp/libPeriphDriver_softfp.a(uart_ai85.o)
                0x10007284                MXC_UART_GetRXFIFOAvailable
 .text.MXC_UART_GetTXFIFOAvailable
                0x1000728c        0x8 g:/MaximSDK/Libraries/PeriphDrivers/bin/MAX78000/softfp/libPeriphDriver_softfp.a(uart_ai85.o)
                0x1000728c                MXC_UART_GetTXFIFOAvailable
 .text.MXC_UART_SetRXThreshold
                0x10007294        0x8 g:/MaximSDK/Libraries/PeriphDrivers/bin/MAX78000/softfp/libPeriphDriver_softfp.a(uart_ai85.o)
                0x10007294                MXC_UART_SetRXThreshold
 .text.MXC_UART_Common_ReadCharacter
                0x1000729c       0x16 g:/MaximSDK/Libraries/PeriphDrivers/bin/MAX78000/softfp/libPeriphDriver_softfp.a(uart_common.o)
                0x1000729c                MXC_UART_Common_ReadCharacter
 .text.MXC_UART_Common_WriteCharacter
                0x100072b2       0x1a g:/MaximSDK/Libraries/PeriphDrivers/bin/MAX78000/softfp/libPeriphDriver_softfp.a(uart_common.o)
                0x100072b2                MXC_UART_Common_WriteCharacter
 .text.MXC_UART_RevB_Init
                0x100072cc       0x7c g:/MaximSDK/Libraries/PeriphDrivers/bin/MAX78000/softfp/libPeriphDriver_softfp.a(uart_revb.o)
                0x100072cc                MXC_UART_RevB_Init
 .text.MXC_UART_RevB_SetFrequency
                0x10007348       0xa4 g:/MaximSDK/Libraries/PeriphDrivers/bin/MAX78000/softfp/libPeriphDriver_softfp.a(uart_revb.o)
                0x10007348                MXC_UART_RevB_SetFrequency
 .text.MXC_UART_RevB_GetFrequency
                0x100073ec       0x80 g:/MaximSDK/Libraries/PeriphDrivers/bin/MAX78000/softfp/libPeriphDriver_softfp.a(uart_revb.o)
                0x100073ec                MXC_UART_RevB_GetFrequency
 .text.MXC_UART_RevB_SetDataSize
                0x1000746c       0x48 g:/MaximSDK/Libraries/PeriphDrivers/bin/MAX78000/softfp/libPeriphDriver_softfp.a(uart_revb.o)
                0x1000746c                MXC_UART_RevB_SetDataSize
 .text.MXC_UART_RevB_SetStopBits
                0x100074b4       0x4c g:/MaximSDK/Libraries/PeriphDrivers/bin/MAX78000/softfp/libPeriphDriver_softfp.a(uart_revb.o)
                0x100074b4                MXC_UART_RevB_SetStopBits
 .text.MXC_UART_RevB_SetParity
                0x10007500       0xb8 g:/MaximSDK/Libraries/PeriphDrivers/bin/MAX78000/softfp/libPeriphDriver_softfp.a(uart_revb.o)
                0x10007500                MXC_UART_RevB_SetParity
 .text.MXC_UART_RevB_ReadCharacterRaw
                0x100075b8       0x3c g:/MaximSDK/Libraries/PeriphDrivers/bin/MAX78000/softfp/libPeriphDriver_softfp.a(uart_revb.o)
                0x100075b8                MXC_UART_RevB_ReadCharacterRaw
 .text.MXC_UART_RevB_WriteCharacterRaw
                0x100075f4       0x3c g:/MaximSDK/Libraries/PeriphDrivers/bin/MAX78000/softfp/libPeriphDriver_softfp.a(uart_revb.o)
                0x100075f4                MXC_UART_RevB_WriteCharacterRaw
 .text.MXC_UART_RevB_GetRXFIFOAvailable
                0x10007630        0x8 g:/MaximSDK/Libraries/PeriphDrivers/bin/MAX78000/softfp/libPeriphDriver_softfp.a(uart_revb.o)
                0x10007630                MXC_UART_RevB_GetRXFIFOAvailable
 .text.MXC_UART_RevB_GetTXFIFOAvailable
                0x10007638        0xc g:/MaximSDK/Libraries/PeriphDrivers/bin/MAX78000/softfp/libPeriphDriver_softfp.a(uart_revb.o)
                0x10007638                MXC_UART_RevB_GetTXFIFOAvailable
 .text.MXC_UART_RevB_SetRXThreshold
                0x10007644       0x48 g:/MaximSDK/Libraries/PeriphDrivers/bin/MAX78000/softfp/libPeriphDriver_softfp.a(uart_revb.o)
                0x10007644                MXC_UART_RevB_SetRXThreshold
 .text.MXC_GetLock
                0x1000768c       0x1c g:/MaximSDK/Libraries/PeriphDrivers/bin/MAX78000/softfp/libPeriphDriver_softfp.a(mxc_lock.o)
                0x1000768c                MXC_GetLock
 .text.MXC_FreeLock
                0x100076a8        0xa g:/MaximSDK/Libraries/PeriphDrivers/bin/MAX78000/softfp/libPeriphDriver_softfp.a(mxc_lock.o)
                0x100076a8                MXC_FreeLock
 *fill*         0x100076b2        0x2 
 .text.MXC_GPIO_Common_Init
                0x100076b4       0x38 g:/MaximSDK/Libraries/PeriphDrivers/bin/MAX78000/softfp/libPeriphDriver_softfp.a(gpio_common.o)
                0x100076b4                MXC_GPIO_Common_Init
 .text.MXC_GPIO_Common_RegisterCallback
                0x100076ec       0xac g:/MaximSDK/Libraries/PeriphDrivers/bin/MAX78000/softfp/libPeriphDriver_softfp.a(gpio_common.o)
                0x100076ec                MXC_GPIO_Common_RegisterCallback
 .text.MXC_GPIO_Common_Handler
                0x10007798       0x8c g:/MaximSDK/Libraries/PeriphDrivers/bin/MAX78000/softfp/libPeriphDriver_softfp.a(gpio_common.o)
                0x10007798                MXC_GPIO_Common_Handler
 .text.MXC_TMR_Common_TO_Stop
                0x10007824       0x12 g:/MaximSDK/Libraries/PeriphDrivers/bin/MAX78000/softfp/libPeriphDriver_softfp.a(tmr_common.o)
                0x10007824                MXC_TMR_Common_TO_Stop
 .text.MXC_TMR_Common_SW_Start
                0x10007836        0xc g:/MaximSDK/Libraries/PeriphDrivers/bin/MAX78000/softfp/libPeriphDriver_softfp.a(tmr_common.o)
                0x10007836                MXC_TMR_Common_SW_Start
 .text.MXC_TMR_Common_SW_Stop
                0x10007842       0x14 g:/MaximSDK/Libraries/PeriphDrivers/bin/MAX78000/softfp/libPeriphDriver_softfp.a(tmr_common.o)
                0x10007842                MXC_TMR_Common_SW_Stop
 *fill*         0x10007856        0x2 
 .text.MXC_TMR_Common_TO_Elapsed
                0x10007858       0x50 g:/MaximSDK/Libraries/PeriphDrivers/bin/MAX78000/softfp/libPeriphDriver_softfp.a(tmr_common.o)
                0x10007858                MXC_TMR_Common_TO_Elapsed
 .text.__errno  0x100078a8        0xc g:/maximsdk/tools/gnutools/bin/../lib/gcc/arm-none-eabi/9.2.1/../../../../arm-none-eabi/lib/thumb/v7e-m+fp/softfp\libc.a(lib_a-errno.o)
                0x100078a8                __errno
 .text.__libc_init_array
                0x100078b4       0x48 g:/maximsdk/tools/gnutools/bin/../lib/gcc/arm-none-eabi/9.2.1/../../../../arm-none-eabi/lib/thumb/v7e-m+fp/softfp\libc.a(lib_a-init.o)
                0x100078b4                __libc_init_array
 .text.malloc   0x100078fc       0x10 g:/maximsdk/tools/gnutools/bin/../lib/gcc/arm-none-eabi/9.2.1/../../../../arm-none-eabi/lib/thumb/v7e-m+fp/softfp\libc.a(lib_a-malloc.o)
                0x100078fc                malloc
 .text.free     0x1000790c       0x10 g:/maximsdk/tools/gnutools/bin/../lib/gcc/arm-none-eabi/9.2.1/../../../../arm-none-eabi/lib/thumb/v7e-m+fp/softfp\libc.a(lib_a-malloc.o)
                0x1000790c                free
 .text._malloc_r
                0x1000791c      0x574 g:/maximsdk/tools/gnutools/bin/../lib/gcc/arm-none-eabi/9.2.1/../../../../arm-none-eabi/lib/thumb/v7e-m+fp/softfp\libc.a(lib_a-mallocr.o)
                0x1000791c                _malloc_r
 .text          0x10007e90      0x134 g:/maximsdk/tools/gnutools/bin/../lib/gcc/arm-none-eabi/9.2.1/../../../../arm-none-eabi/lib/thumb/v7e-m+fp/softfp\libc.a(lib_a-memcpy.o)
                0x10007e90                memcpy
 .text.memset   0x10007fc4       0xa0 g:/maximsdk/tools/gnutools/bin/../lib/gcc/arm-none-eabi/9.2.1/../../../../arm-none-eabi/lib/thumb/v7e-m+fp/softfp\libc.a(lib_a-memset.o)
                0x10007fc4                memset
 .text.__malloc_lock
                0x10008064        0xc g:/maximsdk/tools/gnutools/bin/../lib/gcc/arm-none-eabi/9.2.1/../../../../arm-none-eabi/lib/thumb/v7e-m+fp/softfp\libc.a(lib_a-mlock.o)
                0x10008064                __malloc_lock
 .text.__malloc_unlock
                0x10008070        0xc g:/maximsdk/tools/gnutools/bin/../lib/gcc/arm-none-eabi/9.2.1/../../../../arm-none-eabi/lib/thumb/v7e-m+fp/softfp\libc.a(lib_a-mlock.o)
                0x10008070                __malloc_unlock
 .text.printf   0x1000807c       0x28 g:/maximsdk/tools/gnutools/bin/../lib/gcc/arm-none-eabi/9.2.1/../../../../arm-none-eabi/lib/thumb/v7e-m+fp/softfp\libc.a(lib_a-printf.o)
                0x1000807c                printf
 .text.putchar  0x100080a4       0x14 g:/maximsdk/tools/gnutools/bin/../lib/gcc/arm-none-eabi/9.2.1/../../../../arm-none-eabi/lib/thumb/v7e-m+fp/softfp\libc.a(lib_a-putchar.o)
                0x100080a4                putchar
 .text._sbrk_r  0x100080b8       0x24 g:/maximsdk/tools/gnutools/bin/../lib/gcc/arm-none-eabi/9.2.1/../../../../arm-none-eabi/lib/thumb/v7e-m+fp/softfp\libc.a(lib_a-sbrkr.o)
                0x100080b8                _sbrk_r
 .text.sprintf  0x100080dc       0x44 g:/maximsdk/tools/gnutools/bin/../lib/gcc/arm-none-eabi/9.2.1/../../../../arm-none-eabi/lib/thumb/v7e-m+fp/softfp\libc.a(lib_a-sprintf.o)
                0x100080dc                sprintf
 .text._svfprintf_r
                0x10008120     0x1b34 g:/maximsdk/tools/gnutools/bin/../lib/gcc/arm-none-eabi/9.2.1/../../../../arm-none-eabi/lib/thumb/v7e-m+fp/softfp\libc.a(lib_a-svfprintf.o)
                0x10008120                _svfprintf_r
 *fill*         0x10009c54        0x4 
 .text._vfprintf_r
                0x10009c58     0x1bdc g:/maximsdk/tools/gnutools/bin/../lib/gcc/arm-none-eabi/9.2.1/../../../../arm-none-eabi/lib/thumb/v7e-m+fp/softfp\libc.a(lib_a-vfprintf.o)
                0x10009c58                _vfprintf_r
 .text.__sbprintf
                0x1000b834       0x84 g:/maximsdk/tools/gnutools/bin/../lib/gcc/arm-none-eabi/9.2.1/../../../../arm-none-eabi/lib/thumb/v7e-m+fp/softfp\libc.a(lib_a-vfprintf.o)
 .text.__swsetup_r
                0x1000b8b8       0xd0 g:/maximsdk/tools/gnutools/bin/../lib/gcc/arm-none-eabi/9.2.1/../../../../arm-none-eabi/lib/thumb/v7e-m+fp/softfp\libc.a(lib_a-wsetup.o)
                0x1000b8b8                __swsetup_r
 .text.startup.register_fini
                0x1000b988       0x14 g:/maximsdk/tools/gnutools/bin/../lib/gcc/arm-none-eabi/9.2.1/../../../../arm-none-eabi/lib/thumb/v7e-m+fp/softfp\libc.a(lib_a-__call_atexit.o)
 .text.atexit   0x1000b99c        0xc g:/maximsdk/tools/gnutools/bin/../lib/gcc/arm-none-eabi/9.2.1/../../../../arm-none-eabi/lib/thumb/v7e-m+fp/softfp\libc.a(lib_a-atexit.o)
                0x1000b99c                atexit
 .text.quorem   0x1000b9a8      0x11c g:/maximsdk/tools/gnutools/bin/../lib/gcc/arm-none-eabi/9.2.1/../../../../arm-none-eabi/lib/thumb/v7e-m+fp/softfp\libc.a(lib_a-dtoa.o)
 *fill*         0x1000bac4        0x4 
 .text._dtoa_r  0x1000bac8      0xeec g:/maximsdk/tools/gnutools/bin/../lib/gcc/arm-none-eabi/9.2.1/../../../../arm-none-eabi/lib/thumb/v7e-m+fp/softfp\libc.a(lib_a-dtoa.o)
                0x1000bac8                _dtoa_r
 .text.__sflush_r
                0x1000c9b4      0x130 g:/maximsdk/tools/gnutools/bin/../lib/gcc/arm-none-eabi/9.2.1/../../../../arm-none-eabi/lib/thumb/v7e-m+fp/softfp\libc.a(lib_a-fflush.o)
                0x1000c9b4                __sflush_r
 .text._fflush_r
                0x1000cae4       0x5c g:/maximsdk/tools/gnutools/bin/../lib/gcc/arm-none-eabi/9.2.1/../../../../arm-none-eabi/lib/thumb/v7e-m+fp/softfp\libc.a(lib_a-fflush.o)
                0x1000cae4                _fflush_r
 .text.std      0x1000cb40       0x50 g:/maximsdk/tools/gnutools/bin/../lib/gcc/arm-none-eabi/9.2.1/../../../../arm-none-eabi/lib/thumb/v7e-m+fp/softfp\libc.a(lib_a-findfp.o)
 .text._cleanup_r
                0x1000cb90        0xc g:/maximsdk/tools/gnutools/bin/../lib/gcc/arm-none-eabi/9.2.1/../../../../arm-none-eabi/lib/thumb/v7e-m+fp/softfp\libc.a(lib_a-findfp.o)
                0x1000cb90                _cleanup_r
 .text.__sinit  0x1000cb9c       0x54 g:/maximsdk/tools/gnutools/bin/../lib/gcc/arm-none-eabi/9.2.1/../../../../arm-none-eabi/lib/thumb/v7e-m+fp/softfp\libc.a(lib_a-findfp.o)
                0x1000cb9c                __sinit
 .text.__sfp_lock_acquire
                0x1000cbf0        0xc g:/maximsdk/tools/gnutools/bin/../lib/gcc/arm-none-eabi/9.2.1/../../../../arm-none-eabi/lib/thumb/v7e-m+fp/softfp\libc.a(lib_a-findfp.o)
                0x1000cbf0                __sfp_lock_acquire
 .text.__sfp_lock_release
                0x1000cbfc        0xc g:/maximsdk/tools/gnutools/bin/../lib/gcc/arm-none-eabi/9.2.1/../../../../arm-none-eabi/lib/thumb/v7e-m+fp/softfp\libc.a(lib_a-findfp.o)
                0x1000cbfc                __sfp_lock_release
 .text.__libc_fini_array
                0x1000cc08       0x2c g:/maximsdk/tools/gnutools/bin/../lib/gcc/arm-none-eabi/9.2.1/../../../../arm-none-eabi/lib/thumb/v7e-m+fp/softfp\libc.a(lib_a-fini.o)
                0x1000cc08                __libc_fini_array
 .text._malloc_trim_r
                0x1000cc34       0xa0 g:/maximsdk/tools/gnutools/bin/../lib/gcc/arm-none-eabi/9.2.1/../../../../arm-none-eabi/lib/thumb/v7e-m+fp/softfp\libc.a(lib_a-freer.o)
                0x1000cc34                _malloc_trim_r
 .text._free_r  0x1000ccd4      0x208 g:/maximsdk/tools/gnutools/bin/../lib/gcc/arm-none-eabi/9.2.1/../../../../arm-none-eabi/lib/thumb/v7e-m+fp/softfp\libc.a(lib_a-freer.o)
                0x1000ccd4                _free_r
 .text._fwalk_reent
                0x1000cedc       0x48 g:/maximsdk/tools/gnutools/bin/../lib/gcc/arm-none-eabi/9.2.1/../../../../arm-none-eabi/lib/thumb/v7e-m+fp/softfp\libc.a(lib_a-fwalk.o)
                0x1000cedc                _fwalk_reent
 .text._localeconv_r
                0x1000cf24        0x8 g:/maximsdk/tools/gnutools/bin/../lib/gcc/arm-none-eabi/9.2.1/../../../../arm-none-eabi/lib/thumb/v7e-m+fp/softfp\libc.a(lib_a-localeconv.o)
                0x1000cf24                _localeconv_r
 .text.__retarget_lock_init_recursive
                0x1000cf2c        0x4 g:/maximsdk/tools/gnutools/bin/../lib/gcc/arm-none-eabi/9.2.1/../../../../arm-none-eabi/lib/thumb/v7e-m+fp/softfp\libc.a(lib_a-lock.o)
                0x1000cf2c                __retarget_lock_init_recursive
 .text.__retarget_lock_close_recursive
                0x1000cf30        0x4 g:/maximsdk/tools/gnutools/bin/../lib/gcc/arm-none-eabi/9.2.1/../../../../arm-none-eabi/lib/thumb/v7e-m+fp/softfp\libc.a(lib_a-lock.o)
                0x1000cf30                __retarget_lock_close_recursive
 .text.__retarget_lock_acquire_recursive
                0x1000cf34        0x4 g:/maximsdk/tools/gnutools/bin/../lib/gcc/arm-none-eabi/9.2.1/../../../../arm-none-eabi/lib/thumb/v7e-m+fp/softfp\libc.a(lib_a-lock.o)
                0x1000cf34                __retarget_lock_acquire_recursive
 .text.__retarget_lock_release_recursive
                0x1000cf38        0x4 g:/maximsdk/tools/gnutools/bin/../lib/gcc/arm-none-eabi/9.2.1/../../../../arm-none-eabi/lib/thumb/v7e-m+fp/softfp\libc.a(lib_a-lock.o)
                0x1000cf38                __retarget_lock_release_recursive
 .text.__swhatbuf_r
                0x1000cf3c       0x5c g:/maximsdk/tools/gnutools/bin/../lib/gcc/arm-none-eabi/9.2.1/../../../../arm-none-eabi/lib/thumb/v7e-m+fp/softfp\libc.a(lib_a-makebuf.o)
                0x1000cf3c                __swhatbuf_r
 .text.__smakebuf_r
                0x1000cf98       0x98 g:/maximsdk/tools/gnutools/bin/../lib/gcc/arm-none-eabi/9.2.1/../../../../arm-none-eabi/lib/thumb/v7e-m+fp/softfp\libc.a(lib_a-makebuf.o)
                0x1000cf98                __smakebuf_r
 .text          0x1000d030       0xa0 g:/maximsdk/tools/gnutools/bin/../lib/gcc/arm-none-eabi/9.2.1/../../../../arm-none-eabi/lib/thumb/v7e-m+fp/softfp\libc.a(lib_a-memchr.o)
                0x1000d030                memchr
 .text._Balloc  0x1000d0d0       0x4c g:/maximsdk/tools/gnutools/bin/../lib/gcc/arm-none-eabi/9.2.1/../../../../arm-none-eabi/lib/thumb/v7e-m+fp/softfp\libc.a(lib_a-mprec.o)
                0x1000d0d0                _Balloc
 .text._Bfree   0x1000d11c       0x14 g:/maximsdk/tools/gnutools/bin/../lib/gcc/arm-none-eabi/9.2.1/../../../../arm-none-eabi/lib/thumb/v7e-m+fp/softfp\libc.a(lib_a-mprec.o)
                0x1000d11c                _Bfree
 .text.__multadd
                0x1000d130       0x8c g:/maximsdk/tools/gnutools/bin/../lib/gcc/arm-none-eabi/9.2.1/../../../../arm-none-eabi/lib/thumb/v7e-m+fp/softfp\libc.a(lib_a-mprec.o)
                0x1000d130                __multadd
 .text.__hi0bits
                0x1000d1bc       0x40 g:/maximsdk/tools/gnutools/bin/../lib/gcc/arm-none-eabi/9.2.1/../../../../arm-none-eabi/lib/thumb/v7e-m+fp/softfp\libc.a(lib_a-mprec.o)
                0x1000d1bc                __hi0bits
 .text.__lo0bits
                0x1000d1fc       0x60 g:/maximsdk/tools/gnutools/bin/../lib/gcc/arm-none-eabi/9.2.1/../../../../arm-none-eabi/lib/thumb/v7e-m+fp/softfp\libc.a(lib_a-mprec.o)
                0x1000d1fc                __lo0bits
 .text.__i2b    0x1000d25c       0x14 g:/maximsdk/tools/gnutools/bin/../lib/gcc/arm-none-eabi/9.2.1/../../../../arm-none-eabi/lib/thumb/v7e-m+fp/softfp\libc.a(lib_a-mprec.o)
                0x1000d25c                __i2b
 .text.__multiply
                0x1000d270      0x144 g:/maximsdk/tools/gnutools/bin/../lib/gcc/arm-none-eabi/9.2.1/../../../../arm-none-eabi/lib/thumb/v7e-m+fp/softfp\libc.a(lib_a-mprec.o)
                0x1000d270                __multiply
 .text.__pow5mult
                0x1000d3b4       0xa0 g:/maximsdk/tools/gnutools/bin/../lib/gcc/arm-none-eabi/9.2.1/../../../../arm-none-eabi/lib/thumb/v7e-m+fp/softfp\libc.a(lib_a-mprec.o)
                0x1000d3b4                __pow5mult
 .text.__lshift
                0x1000d454       0xd4 g:/maximsdk/tools/gnutools/bin/../lib/gcc/arm-none-eabi/9.2.1/../../../../arm-none-eabi/lib/thumb/v7e-m+fp/softfp\libc.a(lib_a-mprec.o)
                0x1000d454                __lshift
 .text.__mcmp   0x1000d528       0x3c g:/maximsdk/tools/gnutools/bin/../lib/gcc/arm-none-eabi/9.2.1/../../../../arm-none-eabi/lib/thumb/v7e-m+fp/softfp\libc.a(lib_a-mprec.o)
                0x1000d528                __mcmp
 .text.__mdiff  0x1000d564      0x138 g:/maximsdk/tools/gnutools/bin/../lib/gcc/arm-none-eabi/9.2.1/../../../../arm-none-eabi/lib/thumb/v7e-m+fp/softfp\libc.a(lib_a-mprec.o)
                0x1000d564                __mdiff
 .text.__d2b    0x1000d69c       0xbc g:/maximsdk/tools/gnutools/bin/../lib/gcc/arm-none-eabi/9.2.1/../../../../arm-none-eabi/lib/thumb/v7e-m+fp/softfp\libc.a(lib_a-mprec.o)
                0x1000d69c                __d2b
 .text._putc_r  0x1000d758       0x74 g:/maximsdk/tools/gnutools/bin/../lib/gcc/arm-none-eabi/9.2.1/../../../../arm-none-eabi/lib/thumb/v7e-m+fp/softfp\libc.a(lib_a-putc.o)
                0x1000d758                _putc_r
 .text.frexp    0x1000d7cc       0x70 g:/maximsdk/tools/gnutools/bin/../lib/gcc/arm-none-eabi/9.2.1/../../../../arm-none-eabi/lib/thumb/v7e-m+fp/softfp\libc.a(lib_a-s_frexp.o)
                0x1000d7cc                frexp
 .text.__sread  0x1000d83c       0x24 g:/maximsdk/tools/gnutools/bin/../lib/gcc/arm-none-eabi/9.2.1/../../../../arm-none-eabi/lib/thumb/v7e-m+fp/softfp\libc.a(lib_a-stdio.o)
                0x1000d83c                __sread
 .text.__swrite
                0x1000d860       0x40 g:/maximsdk/tools/gnutools/bin/../lib/gcc/arm-none-eabi/9.2.1/../../../../arm-none-eabi/lib/thumb/v7e-m+fp/softfp\libc.a(lib_a-stdio.o)
                0x1000d860                __swrite
 .text.__sseek  0x1000d8a0       0x20 g:/maximsdk/tools/gnutools/bin/../lib/gcc/arm-none-eabi/9.2.1/../../../../arm-none-eabi/lib/thumb/v7e-m+fp/softfp\libc.a(lib_a-stdio.o)
                0x1000d8a0                __sseek
 .text.__sclose
                0x1000d8c0        0x8 g:/maximsdk/tools/gnutools/bin/../lib/gcc/arm-none-eabi/9.2.1/../../../../arm-none-eabi/lib/thumb/v7e-m+fp/softfp\libc.a(lib_a-stdio.o)
                0x1000d8c0                __sclose
 *fill*         0x1000d8c8       0x38 
 .text          0x1000d900       0xdc g:/maximsdk/tools/gnutools/bin/../lib/gcc/arm-none-eabi/9.2.1/../../../../arm-none-eabi/lib/thumb/v7e-m+fp/softfp\libc.a(lib_a-strlen.o)
                0x1000d900                strlen
 .text.strncpy  0x1000d9dc       0x68 g:/maximsdk/tools/gnutools/bin/../lib/gcc/arm-none-eabi/9.2.1/../../../../arm-none-eabi/lib/thumb/v7e-m+fp/softfp\libc.a(lib_a-strncpy.o)
                0x1000d9dc                strncpy
 .text.__ssprint_r
                0x1000da44       0xf8 g:/maximsdk/tools/gnutools/bin/../lib/gcc/arm-none-eabi/9.2.1/../../../../arm-none-eabi/lib/thumb/v7e-m+fp/softfp\libc.a(lib_a-svfiprintf.o)
                0x1000da44                __ssprint_r
 .text.__sprint_r.part.0
                0x1000db3c       0x78 g:/maximsdk/tools/gnutools/bin/../lib/gcc/arm-none-eabi/9.2.1/../../../../arm-none-eabi/lib/thumb/v7e-m+fp/softfp\libc.a(lib_a-vfiprintf.o)
 .text.__sprint_r
                0x1000dbb4       0x18 g:/maximsdk/tools/gnutools/bin/../lib/gcc/arm-none-eabi/9.2.1/../../../../arm-none-eabi/lib/thumb/v7e-m+fp/softfp\libc.a(lib_a-vfiprintf.o)
                0x1000dbb4                __sprint_r
 .text.__swbuf_r
                0x1000dbcc       0xb0 g:/maximsdk/tools/gnutools/bin/../lib/gcc/arm-none-eabi/9.2.1/../../../../arm-none-eabi/lib/thumb/v7e-m+fp/softfp\libc.a(lib_a-wbuf.o)
                0x1000dbcc                __swbuf_r
 .text._write_r
                0x1000dc7c       0x2c g:/maximsdk/tools/gnutools/bin/../lib/gcc/arm-none-eabi/9.2.1/../../../../arm-none-eabi/lib/thumb/v7e-m+fp/softfp\libc.a(lib_a-writer.o)
                0x1000dc7c                _write_r
 .text.__register_exitproc
                0x1000dca8       0x8c g:/maximsdk/tools/gnutools/bin/../lib/gcc/arm-none-eabi/9.2.1/../../../../arm-none-eabi/lib/thumb/v7e-m+fp/softfp\libc.a(lib_a-__atexit.o)
                0x1000dca8                __register_exitproc
 .text._calloc_r
                0x1000dd34       0x60 g:/maximsdk/tools/gnutools/bin/../lib/gcc/arm-none-eabi/9.2.1/../../../../arm-none-eabi/lib/thumb/v7e-m+fp/softfp\libc.a(lib_a-callocr.o)
                0x1000dd34                _calloc_r
 .text._close_r
                0x1000dd94       0x24 g:/maximsdk/tools/gnutools/bin/../lib/gcc/arm-none-eabi/9.2.1/../../../../arm-none-eabi/lib/thumb/v7e-m+fp/softfp\libc.a(lib_a-closer.o)
                0x1000dd94                _close_r
 .text._fclose_r
                0x1000ddb8       0xcc g:/maximsdk/tools/gnutools/bin/../lib/gcc/arm-none-eabi/9.2.1/../../../../arm-none-eabi/lib/thumb/v7e-m+fp/softfp\libc.a(lib_a-fclose.o)
                0x1000ddb8                _fclose_r
 .text.__fputwc
                0x1000de84       0xa8 g:/maximsdk/tools/gnutools/bin/../lib/gcc/arm-none-eabi/9.2.1/../../../../arm-none-eabi/lib/thumb/v7e-m+fp/softfp\libc.a(lib_a-fputwc.o)
                0x1000de84                __fputwc
 .text._fputwc_r
                0x1000df2c       0x68 g:/maximsdk/tools/gnutools/bin/../lib/gcc/arm-none-eabi/9.2.1/../../../../arm-none-eabi/lib/thumb/v7e-m+fp/softfp\libc.a(lib_a-fputwc.o)
                0x1000df2c                _fputwc_r
 .text._fstat_r
                0x1000df94       0x2c g:/maximsdk/tools/gnutools/bin/../lib/gcc/arm-none-eabi/9.2.1/../../../../arm-none-eabi/lib/thumb/v7e-m+fp/softfp\libc.a(lib_a-fstatr.o)
                0x1000df94                _fstat_r
 .text.__sfvwrite_r
                0x1000dfc0      0x2e0 g:/maximsdk/tools/gnutools/bin/../lib/gcc/arm-none-eabi/9.2.1/../../../../arm-none-eabi/lib/thumb/v7e-m+fp/softfp\libc.a(lib_a-fvwrite.o)
                0x1000dfc0                __sfvwrite_r
 .text._isatty_r
                0x1000e2a0       0x24 g:/maximsdk/tools/gnutools/bin/../lib/gcc/arm-none-eabi/9.2.1/../../../../arm-none-eabi/lib/thumb/v7e-m+fp/softfp\libc.a(lib_a-isattyr.o)
                0x1000e2a0                _isatty_r
 .text.__locale_mb_cur_max
                0x1000e2c4        0xc g:/maximsdk/tools/gnutools/bin/../lib/gcc/arm-none-eabi/9.2.1/../../../../arm-none-eabi/lib/thumb/v7e-m+fp/softfp\libc.a(lib_a-locale.o)
                0x1000e2c4                __locale_mb_cur_max
 .text._lseek_r
                0x1000e2d0       0x2c g:/maximsdk/tools/gnutools/bin/../lib/gcc/arm-none-eabi/9.2.1/../../../../arm-none-eabi/lib/thumb/v7e-m+fp/softfp\libc.a(lib_a-lseekr.o)
                0x1000e2d0                _lseek_r
 .text.__ascii_mbtowc
                0x1000e2fc       0x2c g:/maximsdk/tools/gnutools/bin/../lib/gcc/arm-none-eabi/9.2.1/../../../../arm-none-eabi/lib/thumb/v7e-m+fp/softfp\libc.a(lib_a-mbtowc_r.o)
                0x1000e2fc                __ascii_mbtowc
 .text.memmove  0x1000e328       0xd8 g:/maximsdk/tools/gnutools/bin/../lib/gcc/arm-none-eabi/9.2.1/../../../../arm-none-eabi/lib/thumb/v7e-m+fp/softfp\libc.a(lib_a-memmove.o)
                0x1000e328                memmove
 .text._read_r  0x1000e400       0x2c g:/maximsdk/tools/gnutools/bin/../lib/gcc/arm-none-eabi/9.2.1/../../../../arm-none-eabi/lib/thumb/v7e-m+fp/softfp\libc.a(lib_a-readr.o)
                0x1000e400                _read_r
 .text._realloc_r
                0x1000e42c      0x3e0 g:/maximsdk/tools/gnutools/bin/../lib/gcc/arm-none-eabi/9.2.1/../../../../arm-none-eabi/lib/thumb/v7e-m+fp/softfp\libc.a(lib_a-reallocr.o)
                0x1000e42c                _realloc_r
 .text._wcrtomb_r
                0x1000e80c       0x3c g:/maximsdk/tools/gnutools/bin/../lib/gcc/arm-none-eabi/9.2.1/../../../../arm-none-eabi/lib/thumb/v7e-m+fp/softfp\libc.a(lib_a-wcrtomb.o)
                0x1000e80c                _wcrtomb_r
 .text.__ascii_wctomb
                0x1000e848       0x1c g:/maximsdk/tools/gnutools/bin/../lib/gcc/arm-none-eabi/9.2.1/../../../../arm-none-eabi/lib/thumb/v7e-m+fp/softfp\libc.a(lib_a-wctomb_r.o)
                0x1000e848                __ascii_wctomb
 .text          0x1000e864      0x378 g:/maximsdk/tools/gnutools/bin/../lib/gcc/arm-none-eabi/9.2.1/thumb/v7e-m+fp/softfp\libgcc.a(_arm_addsubdf3.o)
                0x1000e864                __aeabi_drsub
                0x1000e86c                __aeabi_dsub
                0x1000e86c                __subdf3
                0x1000e870                __aeabi_dadd
                0x1000e870                __adddf3
                0x1000eae8                __floatunsidf
                0x1000eae8                __aeabi_ui2d
                0x1000eb08                __floatsidf
                0x1000eb08                __aeabi_i2d
                0x1000eb2c                __aeabi_f2d
                0x1000eb2c                __extendsfdf2
                0x1000eb70                __floatundidf
                0x1000eb70                __aeabi_ul2d
                0x1000eb80                __floatdidf
                0x1000eb80                __aeabi_l2d
 .text          0x1000ebdc      0x424 g:/maximsdk/tools/gnutools/bin/../lib/gcc/arm-none-eabi/9.2.1/thumb/v7e-m+fp/softfp\libgcc.a(_arm_muldivdf3.o)
                0x1000ebdc                __aeabi_dmul
                0x1000ebdc                __muldf3
                0x1000ee30                __divdf3
                0x1000ee30                __aeabi_ddiv
 .text          0x1000f000      0x110 g:/maximsdk/tools/gnutools/bin/../lib/gcc/arm-none-eabi/9.2.1/thumb/v7e-m+fp/softfp\libgcc.a(_arm_cmpdf2.o)
                0x1000f000                __gtdf2
                0x1000f000                __gedf2
                0x1000f008                __ltdf2
                0x1000f008                __ledf2
                0x1000f010                __nedf2
                0x1000f010                __eqdf2
                0x1000f010                __cmpdf2
                0x1000f08c                __aeabi_cdrcmple
                0x1000f09c                __aeabi_cdcmpeq
                0x1000f09c                __aeabi_cdcmple
                0x1000f0ac                __aeabi_dcmpeq
                0x1000f0c0                __aeabi_dcmplt
                0x1000f0d4                __aeabi_dcmple
                0x1000f0e8                __aeabi_dcmpge
                0x1000f0fc                __aeabi_dcmpgt
 .text          0x1000f110       0x2c g:/maximsdk/tools/gnutools/bin/../lib/gcc/arm-none-eabi/9.2.1/thumb/v7e-m+fp/softfp\libgcc.a(_arm_unorddf2.o)
                0x1000f110                __unorddf2
                0x1000f110                __aeabi_dcmpun
 .text          0x1000f13c       0x50 g:/maximsdk/tools/gnutools/bin/../lib/gcc/arm-none-eabi/9.2.1/thumb/v7e-m+fp/softfp\libgcc.a(_arm_fixdfsi.o)
                0x1000f13c                __aeabi_d2iz
                0x1000f13c                __fixdfsi
 .text          0x1000f18c       0x40 g:/maximsdk/tools/gnutools/bin/../lib/gcc/arm-none-eabi/9.2.1/thumb/v7e-m+fp/softfp\libgcc.a(_arm_fixunsdfsi.o)
                0x1000f18c                __aeabi_d2uiz
                0x1000f18c                __fixunsdfsi
 .text          0x1000f1cc       0x30 g:/maximsdk/tools/gnutools/bin/../lib/gcc/arm-none-eabi/9.2.1/thumb/v7e-m+fp/softfp\libgcc.a(_aeabi_uldivmod.o)
                0x1000f1cc                __aeabi_uldivmod
 .text          0x1000f1fc      0x2c4 g:/maximsdk/tools/gnutools/bin/../lib/gcc/arm-none-eabi/9.2.1/thumb/v7e-m+fp/softfp\libgcc.a(_udivmoddi4.o)
                0x1000f1fc                __udivmoddi4
 .text          0x1000f4c0        0x4 g:/maximsdk/tools/gnutools/bin/../lib/gcc/arm-none-eabi/9.2.1/thumb/v7e-m+fp/softfp\libgcc.a(_dvmd_tls.o)
                0x1000f4c0                __aeabi_idiv0
                0x1000f4c0                __aeabi_ldiv0
 *(.rodata*)
 .rodata.fail.str1.4
                0x1000f4c4       0x1b g:/MaximSDK/Examples/CubeCamera/maxrefdes178_max78000_video/build/max78000_video_main.o
 *fill*         0x1000f4df        0x1 
 .rodata.main.str1.4
                0x1000f4e0      0x5d8 g:/MaximSDK/Examples/CubeCamera/maxrefdes178_max78000_video/build/max78000_video_main.o
 .rodata.camera_settings
                0x1000fab8       0xf0 g:/MaximSDK/Examples/CubeCamera/maxrefdes178_max78000_video/build/max78000_video_main.o
 .rodata.gpio_audio_int
                0x1000fba8        0xc g:/MaximSDK/Examples/CubeCamera/maxrefdes178_max78000_video/build/max78000_video_main.o
 .rodata.gpio_blue
                0x1000fbb4        0xc g:/MaximSDK/Examples/CubeCamera/maxrefdes178_max78000_video/build/max78000_video_main.o
 .rodata.gpio_camera
                0x1000fbc0        0xc g:/MaximSDK/Examples/CubeCamera/maxrefdes178_max78000_video/build/max78000_video_main.o
 .rodata.gpio_cnn_boost
                0x1000fbcc        0xc g:/MaximSDK/Examples/CubeCamera/maxrefdes178_max78000_video/build/max78000_video_main.o
 .rodata.gpio_debug_sel
                0x1000fbd8        0xc g:/MaximSDK/Examples/CubeCamera/maxrefdes178_max78000_video/build/max78000_video_main.o
 .rodata.gpio_exp_io
                0x1000fbe4        0xc g:/MaximSDK/Examples/CubeCamera/maxrefdes178_max78000_video/build/max78000_video_main.o
 .rodata.gpio_exp_out
                0x1000fbf0        0xc g:/MaximSDK/Examples/CubeCamera/maxrefdes178_max78000_video/build/max78000_video_main.o
 .rodata.gpio_flash
                0x1000fbfc        0xc g:/MaximSDK/Examples/CubeCamera/maxrefdes178_max78000_video/build/max78000_video_main.o
 .rodata.gpio_green
                0x1000fc08        0xc g:/MaximSDK/Examples/CubeCamera/maxrefdes178_max78000_video/build/max78000_video_main.o
 .rodata.gpio_i2c
                0x1000fc14        0xc g:/MaximSDK/Examples/CubeCamera/maxrefdes178_max78000_video/build/max78000_video_main.o
 .rodata.gpio_red
                0x1000fc20        0xc g:/MaximSDK/Examples/CubeCamera/maxrefdes178_max78000_video/build/max78000_video_main.o
 .rodata.gpio_sram_cs
                0x1000fc2c        0xc g:/MaximSDK/Examples/CubeCamera/maxrefdes178_max78000_video/build/max78000_video_main.o
 .rodata.bias_0
                0x1000fc38       0x60 g:/MaximSDK/Examples/CubeCamera/maxrefdes178_max78000_video/build/max78000_video_cnn.o
 .rodata.bias_1
                0x1000fc98       0x58 g:/MaximSDK/Examples/CubeCamera/maxrefdes178_max78000_video/build/max78000_video_cnn.o
 .rodata.bias_2
                0x1000fcf0       0x5c g:/MaximSDK/Examples/CubeCamera/maxrefdes178_max78000_video/build/max78000_video_cnn.o
 .rodata.bias_3
                0x1000fd4c       0x54 g:/MaximSDK/Examples/CubeCamera/maxrefdes178_max78000_video/build/max78000_video_cnn.o
 .rodata.kernels_0
                0x1000fda0      0xa20 g:/MaximSDK/Examples/CubeCamera/maxrefdes178_max78000_video/build/max78000_video_cnn.o
 .rodata.kernels_1
                0x100107c0      0xa20 g:/MaximSDK/Examples/CubeCamera/maxrefdes178_max78000_video/build/max78000_video_cnn.o
 .rodata.kernels_10
                0x100111e0      0xa20 g:/MaximSDK/Examples/CubeCamera/maxrefdes178_max78000_video/build/max78000_video_cnn.o
 .rodata.kernels_11
                0x10011c00      0xa20 g:/MaximSDK/Examples/CubeCamera/maxrefdes178_max78000_video/build/max78000_video_cnn.o
 .rodata.kernels_12
                0x10012620      0xa20 g:/MaximSDK/Examples/CubeCamera/maxrefdes178_max78000_video/build/max78000_video_cnn.o
 .rodata.kernels_13
                0x10013040      0xa20 g:/MaximSDK/Examples/CubeCamera/maxrefdes178_max78000_video/build/max78000_video_cnn.o
 .rodata.kernels_14
                0x10013a60      0xa20 g:/MaximSDK/Examples/CubeCamera/maxrefdes178_max78000_video/build/max78000_video_cnn.o
 .rodata.kernels_15
                0x10014480      0xa20 g:/MaximSDK/Examples/CubeCamera/maxrefdes178_max78000_video/build/max78000_video_cnn.o
 .rodata.kernels_16
                0x10014ea0      0xa20 g:/MaximSDK/Examples/CubeCamera/maxrefdes178_max78000_video/build/max78000_video_cnn.o
 .rodata.kernels_17
                0x100158c0      0xa20 g:/MaximSDK/Examples/CubeCamera/maxrefdes178_max78000_video/build/max78000_video_cnn.o
 .rodata.kernels_18
                0x100162e0      0xa20 g:/MaximSDK/Examples/CubeCamera/maxrefdes178_max78000_video/build/max78000_video_cnn.o
 .rodata.kernels_19
                0x10016d00      0xa20 g:/MaximSDK/Examples/CubeCamera/maxrefdes178_max78000_video/build/max78000_video_cnn.o
 .rodata.kernels_2
                0x10017720      0xa20 g:/MaximSDK/Examples/CubeCamera/maxrefdes178_max78000_video/build/max78000_video_cnn.o
 .rodata.kernels_20
                0x10018140      0xa20 g:/MaximSDK/Examples/CubeCamera/maxrefdes178_max78000_video/build/max78000_video_cnn.o
 .rodata.kernels_21
                0x10018b60      0xa20 g:/MaximSDK/Examples/CubeCamera/maxrefdes178_max78000_video/build/max78000_video_cnn.o
 .rodata.kernels_22
                0x10019580      0xa20 g:/MaximSDK/Examples/CubeCamera/maxrefdes178_max78000_video/build/max78000_video_cnn.o
 .rodata.kernels_23
                0x10019fa0      0xa20 g:/MaximSDK/Examples/CubeCamera/maxrefdes178_max78000_video/build/max78000_video_cnn.o
 .rodata.kernels_24
                0x1001a9c0      0xa20 g:/MaximSDK/Examples/CubeCamera/maxrefdes178_max78000_video/build/max78000_video_cnn.o
 .rodata.kernels_25
                0x1001b3e0      0xa20 g:/MaximSDK/Examples/CubeCamera/maxrefdes178_max78000_video/build/max78000_video_cnn.o
 .rodata.kernels_26
                0x1001be00      0xa20 g:/MaximSDK/Examples/CubeCamera/maxrefdes178_max78000_video/build/max78000_video_cnn.o
 .rodata.kernels_27
                0x1001c820      0xa20 g:/MaximSDK/Examples/CubeCamera/maxrefdes178_max78000_video/build/max78000_video_cnn.o
 .rodata.kernels_28
                0x1001d240      0xa20 g:/MaximSDK/Examples/CubeCamera/maxrefdes178_max78000_video/build/max78000_video_cnn.o
 .rodata.kernels_29
                0x1001dc60      0xa20 g:/MaximSDK/Examples/CubeCamera/maxrefdes178_max78000_video/build/max78000_video_cnn.o
 .rodata.kernels_3
                0x1001e680      0xa20 g:/MaximSDK/Examples/CubeCamera/maxrefdes178_max78000_video/build/max78000_video_cnn.o
 .rodata.kernels_30
                0x1001f0a0      0xa20 g:/MaximSDK/Examples/CubeCamera/maxrefdes178_max78000_video/build/max78000_video_cnn.o
 .rodata.kernels_31
                0x1001fac0      0xa20 g:/MaximSDK/Examples/CubeCamera/maxrefdes178_max78000_video/build/max78000_video_cnn.o
 .rodata.kernels_32
                0x100204e0      0xa2c g:/MaximSDK/Examples/CubeCamera/maxrefdes178_max78000_video/build/max78000_video_cnn.o
 .rodata.kernels_33
                0x10020f0c      0xa2c g:/MaximSDK/Examples/CubeCamera/maxrefdes178_max78000_video/build/max78000_video_cnn.o
 .rodata.kernels_34
                0x10021938      0xa2c g:/MaximSDK/Examples/CubeCamera/maxrefdes178_max78000_video/build/max78000_video_cnn.o
 .rodata.kernels_35
                0x10022364      0xa2c g:/MaximSDK/Examples/CubeCamera/maxrefdes178_max78000_video/build/max78000_video_cnn.o
 .rodata.kernels_36
                0x10022d90      0xa2c g:/MaximSDK/Examples/CubeCamera/maxrefdes178_max78000_video/build/max78000_video_cnn.o
 .rodata.kernels_37
                0x100237bc      0xa2c g:/MaximSDK/Examples/CubeCamera/maxrefdes178_max78000_video/build/max78000_video_cnn.o
 .rodata.kernels_38
                0x100241e8      0xa2c g:/MaximSDK/Examples/CubeCamera/maxrefdes178_max78000_video/build/max78000_video_cnn.o
 .rodata.kernels_39
                0x10024c14      0xa2c g:/MaximSDK/Examples/CubeCamera/maxrefdes178_max78000_video/build/max78000_video_cnn.o
 .rodata.kernels_4
                0x10025640      0xa44 g:/MaximSDK/Examples/CubeCamera/maxrefdes178_max78000_video/build/max78000_video_cnn.o
 .rodata.kernels_40
                0x10026084      0xa2c g:/MaximSDK/Examples/CubeCamera/maxrefdes178_max78000_video/build/max78000_video_cnn.o
 .rodata.kernels_41
                0x10026ab0      0xa2c g:/MaximSDK/Examples/CubeCamera/maxrefdes178_max78000_video/build/max78000_video_cnn.o
 .rodata.kernels_42
                0x100274dc      0xa2c g:/MaximSDK/Examples/CubeCamera/maxrefdes178_max78000_video/build/max78000_video_cnn.o
 .rodata.kernels_43
                0x10027f08      0xa2c g:/MaximSDK/Examples/CubeCamera/maxrefdes178_max78000_video/build/max78000_video_cnn.o
 .rodata.kernels_44
                0x10028934      0xa2c g:/MaximSDK/Examples/CubeCamera/maxrefdes178_max78000_video/build/max78000_video_cnn.o
 .rodata.kernels_45
                0x10029360      0xa2c g:/MaximSDK/Examples/CubeCamera/maxrefdes178_max78000_video/build/max78000_video_cnn.o
 .rodata.kernels_46
                0x10029d8c      0xa2c g:/MaximSDK/Examples/CubeCamera/maxrefdes178_max78000_video/build/max78000_video_cnn.o
 .rodata.kernels_47
                0x1002a7b8      0xa2c g:/MaximSDK/Examples/CubeCamera/maxrefdes178_max78000_video/build/max78000_video_cnn.o
 .rodata.kernels_48
                0x1002b1e4      0xa50 g:/MaximSDK/Examples/CubeCamera/maxrefdes178_max78000_video/build/max78000_video_cnn.o
 .rodata.kernels_49
                0x1002bc34      0xa50 g:/MaximSDK/Examples/CubeCamera/maxrefdes178_max78000_video/build/max78000_video_cnn.o
 .rodata.kernels_5
                0x1002c684      0xa44 g:/MaximSDK/Examples/CubeCamera/maxrefdes178_max78000_video/build/max78000_video_cnn.o
 .rodata.kernels_50
                0x1002d0c8      0xa50 g:/MaximSDK/Examples/CubeCamera/maxrefdes178_max78000_video/build/max78000_video_cnn.o
 .rodata.kernels_51
                0x1002db18      0xa50 g:/MaximSDK/Examples/CubeCamera/maxrefdes178_max78000_video/build/max78000_video_cnn.o
 .rodata.kernels_52
                0x1002e568      0xa50 g:/MaximSDK/Examples/CubeCamera/maxrefdes178_max78000_video/build/max78000_video_cnn.o
 .rodata.kernels_53
                0x1002efb8      0xa50 g:/MaximSDK/Examples/CubeCamera/maxrefdes178_max78000_video/build/max78000_video_cnn.o
 .rodata.kernels_54
                0x1002fa08      0xa50 g:/MaximSDK/Examples/CubeCamera/maxrefdes178_max78000_video/build/max78000_video_cnn.o
 .rodata.kernels_55
                0x10030458      0xa50 g:/MaximSDK/Examples/CubeCamera/maxrefdes178_max78000_video/build/max78000_video_cnn.o
 .rodata.kernels_56
                0x10030ea8      0x930 g:/MaximSDK/Examples/CubeCamera/maxrefdes178_max78000_video/build/max78000_video_cnn.o
 .rodata.kernels_57
                0x100317d8      0x930 g:/MaximSDK/Examples/CubeCamera/maxrefdes178_max78000_video/build/max78000_video_cnn.o
 .rodata.kernels_58
                0x10032108      0x930 g:/MaximSDK/Examples/CubeCamera/maxrefdes178_max78000_video/build/max78000_video_cnn.o
 .rodata.kernels_59
                0x10032a38      0x930 g:/MaximSDK/Examples/CubeCamera/maxrefdes178_max78000_video/build/max78000_video_cnn.o
 .rodata.kernels_6
                0x10033368      0xa44 g:/MaximSDK/Examples/CubeCamera/maxrefdes178_max78000_video/build/max78000_video_cnn.o
 .rodata.kernels_60
                0x10033dac      0xa50 g:/MaximSDK/Examples/CubeCamera/maxrefdes178_max78000_video/build/max78000_video_cnn.o
 .rodata.kernels_61
                0x100347fc      0xa50 g:/MaximSDK/Examples/CubeCamera/maxrefdes178_max78000_video/build/max78000_video_cnn.o
 .rodata.kernels_62
                0x1003524c      0xa50 g:/MaximSDK/Examples/CubeCamera/maxrefdes178_max78000_video/build/max78000_video_cnn.o
 .rodata.kernels_63
                0x10035c9c      0xa50 g:/MaximSDK/Examples/CubeCamera/maxrefdes178_max78000_video/build/max78000_video_cnn.o
 .rodata.kernels_7
                0x100366ec      0xa20 g:/MaximSDK/Examples/CubeCamera/maxrefdes178_max78000_video/build/max78000_video_cnn.o
 .rodata.kernels_8
                0x1003710c      0xa20 g:/MaximSDK/Examples/CubeCamera/maxrefdes178_max78000_video/build/max78000_video_cnn.o
 .rodata.kernels_9
                0x10037b2c      0xa20 g:/MaximSDK/Examples/CubeCamera/maxrefdes178_max78000_video/build/max78000_video_cnn.o
 .rodata.qspi_slave_cs_handler.str1.4
                0x1003854c       0xcc g:/MaximSDK/Examples/CubeCamera/maxrefdes178_max78000_video/build/max78000_qspi_slave.o
                                 0xf4 (size before relaxing)
 .rodata.DMA1_IRQHandler.str1.4
                0x10038618       0x3e g:/MaximSDK/Examples/CubeCamera/maxrefdes178_max78000_video/build/max78000_qspi_slave.o
 *fill*         0x10038656        0x2 
 .rodata.qspi_slave_init.str1.4
                0x10038658       0x48 g:/MaximSDK/Examples/CubeCamera/maxrefdes178_max78000_video/build/max78000_qspi_slave.o
 .rodata.qspi_slave_wait_rx.str1.4
                0x100386a0       0x2e g:/MaximSDK/Examples/CubeCamera/maxrefdes178_max78000_video/build/max78000_qspi_slave.o
 *fill*         0x100386ce        0x2 
 .rodata.qspi_slave_send_packet.str1.4
                0x100386d0       0x5e g:/MaximSDK/Examples/CubeCamera/maxrefdes178_max78000_video/build/max78000_qspi_slave.o
 *fill*         0x1003872e        0x2 
 .rodata.qspi_cs_pin
                0x10038730        0xc g:/MaximSDK/Examples/CubeCamera/maxrefdes178_max78000_video/build/max78000_qspi_slave.o
 .rodata.qspi_int_pin
                0x1003873c        0xc g:/MaximSDK/Examples/CubeCamera/maxrefdes178_max78000_video/build/max78000_qspi_slave.o
 .rodata.qspi_rw_pin